Archive member included to satisfy reference by file (symbol)

/home/angel/.pico-sdk/toolchain/15_2_Rel1/bin/../lib/gcc/arm-none-eabi/15.2.1/thumb/v8-m.main+fp/softfp/libgcc.a(_arm_addsubdf3.o)
                              CMakeFiles/traffic_light.dir/home/angel/.pico-sdk/sdk/2.3.1/src/rp2_common/pico_float/float_math.c.o (__aeabi_f2d)
/home/angel/.pico-sdk/toolchain/15_2_Rel1/bin/../lib/gcc/arm-none-eabi/15.2.1/thumb/v8-m.main+fp/softfp/libgcc.a(_aeabi_ldivmod.o)
                              CMakeFiles/traffic_light.dir/home/angel/.pico-sdk/sdk/2.3.1/src/common/pico_time/time.c.o (__aeabi_ldivmod)
/home/angel/.pico-sdk/toolchain/15_2_Rel1/bin/../lib/gcc/arm-none-eabi/15.2.1/thumb/v8-m.main+fp/softfp/libgcc.a(_aeabi_uldivmod.o)
                              CMakeFiles/traffic_light.dir/home/angel/.pico-sdk/sdk/2.3.1/src/rp2_common/hardware_clocks/clocks.c.o (__aeabi_uldivmod)
/home/angel/.pico-sdk/toolchain/15_2_Rel1/bin/../lib/gcc/arm-none-eabi/15.2.1/thumb/v8-m.main+fp/softfp/libgcc.a(_udivmoddi4.o)
                              /home/angel/.pico-sdk/toolchain/15_2_Rel1/bin/../lib/gcc/arm-none-eabi/15.2.1/thumb/v8-m.main+fp/softfp/libgcc.a(_aeabi_ldivmod.o) (__udivmoddi4)
/home/angel/.pico-sdk/toolchain/15_2_Rel1/bin/../lib/gcc/arm-none-eabi/15.2.1/thumb/v8-m.main+fp/softfp/libgcc.a(_dvmd_tls.o)
                              /home/angel/.pico-sdk/toolchain/15_2_Rel1/bin/../lib/gcc/arm-none-eabi/15.2.1/thumb/v8-m.main+fp/softfp/libgcc.a(_aeabi_ldivmod.o) (__aeabi_ldiv0)
/home/angel/.pico-sdk/toolchain/15_2_Rel1/bin/../lib/gcc/arm-none-eabi/15.2.1/../../../../arm-none-eabi/lib/thumb/v8-m.main+fp/softfp/libg.a(libc_a-calloc.o)
                              CMakeFiles/traffic_light.dir/home/angel/.pico-sdk/sdk/2.3.1/src/rp2_common/pico_malloc/malloc.c.o (calloc)
/home/angel/.pico-sdk/toolchain/15_2_Rel1/bin/../lib/gcc/arm-none-eabi/15.2.1/../../../../arm-none-eabi/lib/thumb/v8-m.main+fp/softfp/libg.a(libc_a-callocr.o)
                              /home/angel/.pico-sdk/toolchain/15_2_Rel1/bin/../lib/gcc/arm-none-eabi/15.2.1/../../../../arm-none-eabi/lib/thumb/v8-m.main+fp/softfp/libg.a(libc_a-calloc.o) (_calloc_r)
/home/angel/.pico-sdk/toolchain/15_2_Rel1/bin/../lib/gcc/arm-none-eabi/15.2.1/../../../../arm-none-eabi/lib/thumb/v8-m.main+fp/softfp/libg.a(libc_a-malloc.o)
                              CMakeFiles/traffic_light.dir/home/angel/.pico-sdk/sdk/2.3.1/src/rp2_common/pico_malloc/malloc.c.o (malloc)
/home/angel/.pico-sdk/toolchain/15_2_Rel1/bin/../lib/gcc/arm-none-eabi/15.2.1/../../../../arm-none-eabi/lib/thumb/v8-m.main+fp/softfp/libg.a(libc_a-mallocr.o)
                              /home/angel/.pico-sdk/toolchain/15_2_Rel1/bin/../lib/gcc/arm-none-eabi/15.2.1/../../../../arm-none-eabi/lib/thumb/v8-m.main+fp/softfp/libg.a(libc_a-callocr.o) (_malloc_r)
/home/angel/.pico-sdk/toolchain/15_2_Rel1/bin/../lib/gcc/arm-none-eabi/15.2.1/../../../../arm-none-eabi/lib/thumb/v8-m.main+fp/softfp/libg.a(libc_a-mlock.o)
                              /home/angel/.pico-sdk/toolchain/15_2_Rel1/bin/../lib/gcc/arm-none-eabi/15.2.1/../../../../arm-none-eabi/lib/thumb/v8-m.main+fp/softfp/libg.a(libc_a-mallocr.o) (__malloc_lock)
/home/angel/.pico-sdk/toolchain/15_2_Rel1/bin/../lib/gcc/arm-none-eabi/15.2.1/../../../../arm-none-eabi/lib/thumb/v8-m.main+fp/softfp/libg.a(libc_a-realloc.o)
                              CMakeFiles/traffic_light.dir/home/angel/.pico-sdk/sdk/2.3.1/src/rp2_common/pico_malloc/malloc.c.o (realloc)
/home/angel/.pico-sdk/toolchain/15_2_Rel1/bin/../lib/gcc/arm-none-eabi/15.2.1/../../../../arm-none-eabi/lib/thumb/v8-m.main+fp/softfp/libg.a(libc_a-reallocr.o)
                              /home/angel/.pico-sdk/toolchain/15_2_Rel1/bin/../lib/gcc/arm-none-eabi/15.2.1/../../../../arm-none-eabi/lib/thumb/v8-m.main+fp/softfp/libg.a(libc_a-realloc.o) (_realloc_r)
/home/angel/.pico-sdk/toolchain/15_2_Rel1/bin/../lib/gcc/arm-none-eabi/15.2.1/../../../../arm-none-eabi/lib/thumb/v8-m.main+fp/softfp/libg.a(libc_a-ctype_.o)
                              CMakeFiles/traffic_light.dir/home/angel/.pico-sdk/sdk/2.3.1/lib/tinyusb/src/tusb.c.o (_ctype_)
/home/angel/.pico-sdk/toolchain/15_2_Rel1/bin/../lib/gcc/arm-none-eabi/15.2.1/../../../../arm-none-eabi/lib/thumb/v8-m.main+fp/softfp/libg.a(libc_a-memcmp.o)
                              CMakeFiles/traffic_light.dir/home/angel/.pico-sdk/sdk/2.3.1/src/rp2_common/pico_atomic/atomic.c.o (memcmp)
/home/angel/.pico-sdk/toolchain/15_2_Rel1/bin/../lib/gcc/arm-none-eabi/15.2.1/../../../../arm-none-eabi/lib/thumb/v8-m.main+fp/softfp/libg.a(libc_a-memmove.o)
                              /home/angel/.pico-sdk/toolchain/15_2_Rel1/bin/../lib/gcc/arm-none-eabi/15.2.1/../../../../arm-none-eabi/lib/thumb/v8-m.main+fp/softfp/libg.a(libc_a-reallocr.o) (memmove)
/home/angel/.pico-sdk/toolchain/15_2_Rel1/bin/../lib/gcc/arm-none-eabi/15.2.1/../../../../arm-none-eabi/lib/thumb/v8-m.main+fp/softfp/libg.a(libc_a-memset.o)
[...]
Memory Configuration

Name             Origin             Length             Attributes
FLASH            0x10000000         0x00400000         xr
PSRAM            0x11000000         0x00000000         xrw
XIP_RAM          0x13ffc000         0x00004000         xrw
RAM              0x20000000         0x00080000         xrw
SCRATCH_X        0x20080000         0x00001000         xrw
SCRATCH_Y        0x20081000         0x00001000         xrw
*default*        0x00000000         0xffffffff

Linker script and memory map

                0x20000000                        RAM_ORIGIN_DEFAULT = 0x20000000
                0x00080000                        RAM_LENGTH_DEFAULT = 0x80000
                0x20080000                        SCRATCH_X_ORIGIN_DEFAULT = 0x20080000
                0x00001000                        SCRATCH_X_LENGTH_DEFAULT = 0x1000
                0x20081000                        SCRATCH_Y_ORIGIN_DEFAULT = 0x20081000
                0x00001000                        SCRATCH_Y_LENGTH_DEFAULT = 0x1000
                0x13ffc000                        XIP_RAM_ORIGIN_DEFAULT = 0x13ffc000
                0x00004000                        XIP_RAM_LENGTH_DEFAULT = 0x4000
LOAD CMakeFiles/traffic_light.dir/traffic_light.c.o
LOAD CMakeFiles/traffic_light.dir/home/angel/.pico-sdk/sdk/2.3.1/src/rp2_common/pico_stdlib/stdlib.c.o
LOAD CMakeFiles/traffic_light.dir/home/angel/.pico-sdk/sdk/2.3.1/src/rp2_common/hardware_gpio/gpio.c.o
LOAD CMakeFiles/traffic_light.dir/home/angel/.pico-sdk/sdk/2.3.1/src/rp2350/pico_platform/platform.c.o
LOAD CMakeFiles/traffic_light.dir/home/angel/.pico-sdk/sdk/2.3.1/src/rp2_common/pico_platform_common/common.c.o
LOAD CMakeFiles/traffic_light.dir/home/angel/.pico-sdk/sdk/2.3.1/src/rp2_common/pico_platform_panic/panic.c.o
LOAD CMakeFiles/traffic_light.dir/home/angel/.pico-sdk/sdk/2.3.1/src/rp2_common/pico_platform_panic/custom_panic_function.S.o
LOAD CMakeFiles/traffic_light.dir/home/angel/.pico-sdk/sdk/2.3.1/src/common/hardware_claim/claim.c.o
LOAD CMakeFiles/traffic_light.dir/home/angel/.pico-sdk/sdk/2.3.1/src/rp2_common/hardware_sync/sync.c.o
LOAD CMakeFiles/traffic_light.dir/home/angel/.pico-sdk/sdk/2.3.1/src/rp2_common/hardware_sync_spin_lock/sync_spin_lock.c.o
LOAD CMakeFiles/traffic_light.dir/home/angel/.pico-sdk/sdk/2.3.1/src/rp2_common/hardware_irq/irq.c.o
LOAD CMakeFiles/traffic_light.dir/home/angel/.pico-sdk/sdk/2.3.1/src/rp2_common/hardware_irq/irq_handler_chain.S.o
LOAD CMakeFiles/traffic_light.dir/home/angel/.pico-sdk/sdk/2.3.1/src/common/pico_sync/sem.c.o
LOAD CMakeFiles/traffic_light.dir/home/angel/.pico-sdk/sdk/2.3.1/src/common/pico_sync/lock_core.c.o
LOAD CMakeFiles/traffic_light.dir/home/angel/.pico-sdk/sdk/2.3.1/src/common/pico_sync/mutex.c.o
LOAD CMakeFiles/traffic_light.dir/home/angel/.pico-sdk/sdk/2.3.1/src/common/pico_sync/critical_section.c.o
LOAD CMakeFiles/traffic_light.dir/home/angel/.pico-sdk/sdk/2.3.1/src/common/pico_time/time.c.o
LOAD CMakeFiles/traffic_light.dir/home/angel/.pico-sdk/sdk/2.3.1/src/common/pico_time/timeout_helper.c.o
LOAD CMakeFiles/traffic_light.dir/home/angel/.pico-sdk/sdk/2.3.1/src/rp2_common/hardware_timer/timer.c.o
LOAD CMakeFiles/traffic_light.dir/home/angel/.pico-sdk/sdk/2.3.1/src/common/pico_util/datetime.c.o
LOAD CMakeFiles/traffic_light.dir/home/angel/.pico-sdk/sdk/2.3.1/src/common/pico_util/fixed_bitset.c.o
LOAD CMakeFiles/traffic_light.dir/home/angel/.pico-sdk/sdk/2.3.1/src/common/pico_util/pheap.c.o
LOAD CMakeFiles/traffic_light.dir/home/angel/.pico-sdk/sdk/2.3.1/src/common/pico_util/queue.c.o
LOAD CMakeFiles/traffic_light.dir/home/angel/.pico-sdk/sdk/2.3.1/src/rp2_common/hardware_uart/uart.c.o
LOAD CMakeFiles/traffic_light.dir/home/angel/.pico-sdk/sdk/2.3.1/src/rp2_common/hardware_clocks/clocks.c.o
LOAD CMakeFiles/traffic_light.dir/home/angel/.pico-sdk/sdk/2.3.1/src/rp2_common/hardware_pll/pll.c.o
LOAD CMakeFiles/traffic_light.dir/home/angel/.pico-sdk/sdk/2.3.1/src/rp2_common/hardware_vreg/vreg.c.o
LOAD CMakeFiles/traffic_light.dir/home/angel/.pico-sdk/sdk/2.3.1/src/rp2_common/hardware_watchdog/watchdog.c.o
LOAD CMakeFiles/traffic_light.dir/home/angel/.pico-sdk/sdk/2.3.1/src/rp2_common/hardware_ticks/ticks.c.o
LOAD CMakeFiles/traffic_light.dir/home/angel/.pico-sdk/sdk/2.3.1/src/rp2_common/pico_bootrom/bootrom.c.o
LOAD CMakeFiles/traffic_light.dir/home/angel/.pico-sdk/sdk/2.3.1/src/rp2_common/pico_bootrom/bootrom_lock.c.o
LOAD CMakeFiles/traffic_light.dir/home/angel/.pico-sdk/sdk/2.3.1/src/rp2_common/hardware_boot_lock/boot_lock.c.o
LOAD CMakeFiles/traffic_light.dir/home/angel/.pico-sdk/sdk/2.3.1/src/rp2_common/pico_flash/flash.c.o
LOAD CMakeFiles/traffic_light.dir/home/angel/.pico-sdk/sdk/2.3.1/src/rp2_common/hardware_xosc/xosc.c.o
LOAD CMakeFiles/traffic_light.dir/home/angel/.pico-sdk/sdk/2.3.1/src/rp2_common/hardware_divider/divider.c.o
LOAD CMakeFiles/traffic_light.dir/home/angel/.pico-sdk/sdk/2.3.1/src/rp2_common/pico_runtime/runtime.c.o
LOAD CMakeFiles/traffic_light.dir/home/angel/.pico-sdk/sdk/2.3.1/src/rp2_common/pico_runtime_init/runtime_init.c.o
LOAD CMakeFiles/traffic_light.dir/home/angel/.pico-sdk/sdk/2.3.1/src/rp2_common/pico_runtime_init/runtime_init_clocks.c.o
LOAD CMakeFiles/traffic_light.dir/home/angel/.pico-sdk/sdk/2.3.1/src/rp2_common/pico_runtime_init/runtime_init_stack_guard.c.o
LOAD CMakeFiles/traffic_light.dir/home/angel/.pico-sdk/sdk/2.3.1/src/rp2_common/pico_bit_ops/bit_ops_aeabi.S.o
LOAD CMakeFiles/traffic_light.dir/home/angel/.pico-sdk/sdk/2.3.1/src/rp2_common/pico_divider/divider_compiler.c.o
LOAD CMakeFiles/traffic_light.dir/home/angel/.pico-sdk/sdk/2.3.1/src/rp2_common/pico_double/double_math.c.o
LOAD CMakeFiles/traffic_light.dir/home/angel/.pico-sdk/sdk/2.3.1/src/rp2_common/pico_double/double_aeabi_dcp.S.o
LOAD CMakeFiles/traffic_light.dir/home/angel/.pico-sdk/sdk/2.3.1/src/rp2_common/pico_double/double_fma_dcp.S.o
LOAD CMakeFiles/traffic_light.dir/home/angel/.pico-sdk/sdk/2.3.1/src/rp2_common/pico_double/double_sci_m33.S.o
LOAD CMakeFiles/traffic_light.dir/home/angel/.pico-sdk/sdk/2.3.1/src/rp2_common/pico_double/double_conv_m33.S.o
LOAD CMakeFiles/traffic_light.dir/home/angel/.pico-sdk/sdk/2.3.1/src/rp2_common/pico_float/float_math.c.o
LOAD CMakeFiles/traffic_light.dir/home/angel/.pico-sdk/sdk/2.3.1/src/rp2_common/pico_float/float_conv32_vfp.S.o
LOAD CMakeFiles/traffic_light.dir/home/angel/.pico-sdk/sdk/2.3.1/src/rp2_common/pico_float/float_common_m33.S.o
LOAD CMakeFiles/traffic_light.dir/home/angel/.pico-sdk/sdk/2.3.1/src/rp2_common/pico_float/float_sci_m33_vfp.S.o
LOAD CMakeFiles/traffic_light.dir/home/angel/.pico-sdk/sdk/2.3.1/src/rp2_common/pico_malloc/malloc.c.o
LOAD CMakeFiles/traffic_light.dir/home/angel/.pico-sdk/sdk/2.3.1/src/rp2_common/pico_atomic/atomic.c.o
LOAD CMakeFiles/traffic_light.dir/home/angel/.pico-sdk/sdk/2.3.1/src/rp2_common/pico_cxx_options/new_delete.cpp.o
LOAD CMakeFiles/traffic_light.dir/home/angel/.pico-sdk/sdk/2.3.1/src/rp2_common/pico_standard_binary_info/standard_binary_info.c.o
LOAD CMakeFiles/traffic_light.dir/home/angel/.pico-sdk/sdk/2.3.1/src/rp2_common/pico_printf/printf.c.o
LOAD CMakeFiles/traffic_light.dir/home/angel/.pico-sdk/sdk/2.3.1/src/rp2_common/pico_crt0/crt0.S.o
LOAD CMakeFiles/traffic_light.dir/home/angel/.pico-sdk/sdk/2.3.1/src/rp2_common/pico_clib_interface/newlib_interface.c.o
LOAD CMakeFiles/traffic_light.dir/home/angel/.pico-sdk/sdk/2.3.1/src/rp2_common/pico_clib_interface/cxa_guard.c.o
LOAD CMakeFiles/traffic_light.dir/home/angel/.pico-sdk/sdk/2.3.1/src/rp2_common/pico_stdio/stdio.c.o
LOAD CMakeFiles/traffic_light.dir/home/angel/.pico-sdk/sdk/2.3.1/src/rp2_common/pico_stdio_usb/stdio_usb.c.o
LOAD CMakeFiles/traffic_light.dir/home/angel/.pico-sdk/sdk/2.3.1/src/rp2_common/pico_stdio_usb/stdio_usb_descriptors.c.o
LOAD CMakeFiles/traffic_light.dir/home/angel/.pico-sdk/sdk/2.3.1/src/rp2_common/pico_unique_id/unique_id.c.o
LOAD CMakeFiles/traffic_light.dir/home/angel/.pico-sdk/sdk/2.3.1/src/rp2_common/hardware_flash/flash.c.o
LOAD CMakeFiles/traffic_light.dir/home/angel/.pico-sdk/sdk/2.3.1/src/rp2_common/hardware_xip_cache/xip_cache.c.o
LOAD CMakeFiles/traffic_light.dir/home/angel/.pico-sdk/sdk/2.3.1/src/rp2_common/pico_usb_reset/usb_reset.c.o
LOAD CMakeFiles/traffic_light.dir/home/angel/.pico-sdk/sdk/2.3.1/lib/tinyusb/src/portable/raspberrypi/rp2040/dcd_rp2040.c.o
LOAD CMakeFiles/traffic_light.dir/home/angel/.pico-sdk/sdk/2.3.1/lib/tinyusb/src/portable/raspberrypi/rp2040/rp2040_usb.c.o
LOAD CMakeFiles/traffic_light.dir/home/angel/.pico-sdk/sdk/2.3.1/lib/tinyusb/src/device/usbd.c.o
LOAD CMakeFiles/traffic_light.dir/home/angel/.pico-sdk/sdk/2.3.1/lib/tinyusb/src/device/usbd_control.c.o
LOAD CMakeFiles/traffic_light.dir/home/angel/.pico-sdk/sdk/2.3.1/lib/tinyusb/src/class/audio/audio_device.c.o
LOAD CMakeFiles/traffic_light.dir/home/angel/.pico-sdk/sdk/2.3.1/lib/tinyusb/src/class/cdc/cdc_device.c.o
LOAD CMakeFiles/traffic_light.dir/home/angel/.pico-sdk/sdk/2.3.1/lib/tinyusb/src/class/dfu/dfu_device.c.o
LOAD CMakeFiles/traffic_light.dir/home/angel/.pico-sdk/sdk/2.3.1/lib/tinyusb/src/class/dfu/dfu_rt_device.c.o
LOAD CMakeFiles/traffic_light.dir/home/angel/.pico-sdk/sdk/2.3.1/lib/tinyusb/src/class/hid/hid_device.c.o
LOAD CMakeFiles/traffic_light.dir/home/angel/.pico-sdk/sdk/2.3.1/lib/tinyusb/src/class/midi/midi_device.c.o
LOAD CMakeFiles/traffic_light.dir/home/angel/.pico-sdk/sdk/2.3.1/lib/tinyusb/src/class/msc/msc_device.c.o
LOAD CMakeFiles/traffic_light.dir/home/angel/.pico-sdk/sdk/2.3.1/lib/tinyusb/src/class/net/ecm_rndis_device.c.o
LOAD CMakeFiles/traffic_light.dir/home/angel/.pico-sdk/sdk/2.3.1/lib/tinyusb/src/class/net/ncm_device.c.o
LOAD CMakeFiles/traffic_light.dir/home/angel/.pico-sdk/sdk/2.3.1/lib/tinyusb/src/class/usbtmc/usbtmc_device.c.o
LOAD CMakeFiles/traffic_light.dir/home/angel/.pico-sdk/sdk/2.3.1/lib/tinyusb/src/class/vendor/vendor_device.c.o
LOAD CMakeFiles/traffic_light.dir/home/angel/.pico-sdk/sdk/2.3.1/lib/tinyusb/src/class/video/video_device.c.o
LOAD CMakeFiles/traffic_light.dir/home/angel/.pico-sdk/sdk/2.3.1/lib/tinyusb/src/tusb.c.o
LOAD CMakeFiles/traffic_light.dir/home/angel/.pico-sdk/sdk/2.3.1/lib/tinyusb/src/common/tusb_fifo.c.o
LOAD CMakeFiles/traffic_light.dir/home/angel/.pico-sdk/sdk/2.3.1/src/rp2_common/pico_fix/rp2040_usb_device_enumeration/rp2040_usb_device_enumeration.c.o
LOAD CMakeFiles/traffic_light.dir/home/angel/.pico-sdk/sdk/2.3.1/src/rp2_common/pico_thread_local/thread_local.c.o
LOAD pico-sdk/src/rp2350/boot_stage2/CMakeFiles/bs2_default_library.dir/./bs2_default_padded.S.o
LOAD /home/angel/.pico-sdk/toolchain/15_2_Rel1/bin/../lib/gcc/arm-none-eabi/15.2.1/../../../../arm-none-eabi/lib/thumb/v8-m.main+fp/softfp/libstdc++.a
LOAD /home/angel/.pico-sdk/toolchain/15_2_Rel1/bin/../lib/gcc/arm-none-eabi/15.2.1/../../../../arm-none-eabi/lib/thumb/v8-m.main+fp/softfp/libm.a
START GROUP
LOAD /home/angel/.pico-sdk/toolchain/15_2_Rel1/bin/../lib/gcc/arm-none-eabi/15.2.1/thumb/v8-m.main+fp/softfp/libgcc.a
LOAD /home/angel/.pico-sdk/toolchain/15_2_Rel1/bin/../lib/gcc/arm-none-eabi/15.2.1/../../../../arm-none-eabi/lib/thumb/v8-m.main+fp/softfp/libg.a
LOAD /home/angel/.pico-sdk/toolchain/15_2_Rel1/bin/../lib/gcc/arm-none-eabi/15.2.1/../../../../arm-none-eabi/lib/thumb/v8-m.main+fp/softfp/libc.a
END GROUP
                0x20000000                        PROVIDE (RAM_ORIGIN = RAM_ORIGIN_DEFAULT)
                0x00080000                        PROVIDE (RAM_LENGTH = RAM_LENGTH_DEFAULT)
                0x20080000                        PROVIDE (SCRATCH_X_ORIGIN = SCRATCH_X_ORIGIN_DEFAULT)
                0x00001000                        PROVIDE (SCRATCH_X_LENGTH = SCRATCH_X_LENGTH_DEFAULT)
                0x20081000                        PROVIDE (SCRATCH_Y_ORIGIN = SCRATCH_Y_ORIGIN_DEFAULT)
                0x00001000                        PROVIDE (SCRATCH_Y_LENGTH = SCRATCH_Y_LENGTH_DEFAULT)
                0x13ffc000                        PROVIDE (XIP_RAM_ORIGIN = XIP_RAM_ORIGIN_DEFAULT)
                0x00004000                        PROVIDE (XIP_RAM_LENGTH = XIP_RAM_LENGTH_DEFAULT)
                0x20000000                        RAM_ORIGIN = DEFINED (RAM_ORIGIN)?RAM_ORIGIN:RAM_ORIGIN_DEFAULT
                0x00080000                        RAM_LENGTH = DEFINED (RAM_LENGTH)?RAM_LENGTH:RAM_LENGTH_DEFAULT
                0x20080000                        SCRATCH_X_ORIGIN = DEFINED (SCRATCH_X_ORIGIN)?SCRATCH_X_ORIGIN:SCRATCH_X_ORIGIN_DEFAULT
                0x00001000                        SCRATCH_X_LENGTH = DEFINED (SCRATCH_X_LENGTH)?SCRATCH_X_LENGTH:SCRATCH_X_LENGTH_DEFAULT
                0x20081000                        SCRATCH_Y_ORIGIN = DEFINED (SCRATCH_Y_ORIGIN)?SCRATCH_Y_ORIGIN:SCRATCH_Y_ORIGIN_DEFAULT
                0x00001000                        SCRATCH_Y_LENGTH = DEFINED (SCRATCH_Y_LENGTH)?SCRATCH_Y_LENGTH:SCRATCH_Y_LENGTH_DEFAULT
                0x13ffc000                        XIP_RAM_ORIGIN = DEFINED (XIP_RAM_ORIGIN)?XIP_RAM_ORIGIN:XIP_RAM_ORIGIN_DEFAULT
                0x00004000                        XIP_RAM_LENGTH = DEFINED (XIP_RAM_LENGTH)?XIP_RAM_LENGTH:XIP_RAM_LENGTH_DEFAULT

.flash_begin    0x10000000        0x0
                0x10000000                        __flash_binary_start = .

.text           0x10000000     0x5d54
                0x10000000                        __logical_binary_start = .
 *(.vectors)
 .vectors       0x10000000      0x124 CMakeFiles/traffic_light.dir/home/angel/.pico-sdk/sdk/2.3.1/src/rp2_common/pico_crt0/crt0.S.o
                0x10000000                __vectors
                0x10000000                __VECTOR_TABLE
                0x10000110                isr_securefault
                0x10000110                isr_irq30
                0x10000110                __unhandled_user_irq
                0x10000110                isr_irq49
                0x10000110                isr_irq13
                0x10000110                isr_irq43
                0x10000110                isr_irq45
                0x10000110                isr_irq27
                0x10000110                isr_irq32
                0x10000110                isr_irq31
                0x10000110                isr_irq5
                0x10000110                isr_irq11
                0x10000110                isr_irq23
                0x10000110                isr_usagefault
                0x10000110                isr_irq48
                0x10000110                isr_irq35
                0x10000110                isr_irq18
                0x10000110                isr_irq50
                0x10000110                isr_irq40
                0x10000110                isr_irq28
                0x10000110                isr_irq19
                0x10000110                isr_irq36
                0x10000110                isr_irq41
                0x10000110                isr_irq0
                0x10000110                isr_irq6
                0x10000110                isr_memmanage
                0x10000110                isr_irq37
                0x10000110                isr_irq42
                0x10000110                isr_irq22
                0x10000110                isr_irq17
                0x10000110                isr_irq38
                0x10000110                isr_irq14
                0x10000110                __vectors_end
                0x10000110                __default_isrs_start
                0x10000110                isr_irq2
                0x10000110                isr_irq10
                0x10000110                isr_irq8
                0x10000110                isr_debugmonitor
                0x10000110                isr_irq24
                0x10000110                isr_irq46
                0x10000110                isr_irq1
                0x10000110                isr_irq47
                0x10000110                isr_irq51
                0x10000110                isr_irq7
                0x10000110                isr_irq21
                0x10000110                isr_irq39
                0x10000110                isr_irq20
                0x10000110                isr_irq15
                0x10000110                isr_irq25
                0x10000110                isr_irq34
                0x10000110                isr_irq4
                0x10000110                isr_busfault
                0x10000110                isr_irq16
                0x10000110                isr_irq44
                0x10000110                isr_irq29
                0x10000110                isr_irq26
                0x10000110                isr_irq33
                0x10000110                isr_irq3
                0x10000110                isr_irq12
                0x10000110                isr_irq9
                0x10000116                unhandled_user_irq_num_in_r0
                0x10000118                isr_invalid
                0x1000011a                isr_nmi
                0x1000011c                isr_hardfault
                0x1000011e                isr_svcall
                0x10000120                isr_pendsv
                0x10000122                isr_systick
                0x10000124                __default_isrs_end
 *(.binary_info_header)
 .binary_info_header
                0x10000124       0x14 CMakeFiles/traffic_light.dir/home/angel/.pico-sdk/sdk/2.3.1/src/rp2_common/pico_crt0/crt0.S.o
                0x10000138                        __binary_info_header_end = .
 *(.embedded_block)
 .embedded_block
                0x10000138       0x14 CMakeFiles/traffic_light.dir/home/angel/.pico-sdk/sdk/2.3.1/src/rp2_common/pico_crt0/crt0.S.o
                0x1000014c                        __embedded_block_end = .
 *(.reset)
 .reset         0x1000014c       0x94 CMakeFiles/traffic_light.dir/home/angel/.pico-sdk/sdk/2.3.1/src/rp2_common/pico_crt0/crt0.S.o
                0x1000014c                _entry_point
 *(.init)
 *libgcc.a:cmse_nonsecure_call.o()
 *(EXCLUDE_FILE(*libm.a: *libgcc.a:) .text*)
 .text.set_lights
                0x100001e0       0x44 CMakeFiles/traffic_light.dir/traffic_light.c.o
 .text.cars_go  0x10000224       0x20 CMakeFiles/traffic_light.dir/traffic_light.c.o
 .text.cars_prepare_to_stop
                0x10000244       0x20 CMakeFiles/traffic_light.dir/traffic_light.c.o
 .text.pedestrians_go
                0x10000264       0x20 CMakeFiles/traffic_light.dir/traffic_light.c.o
 .text.pedestrians_hurry
                0x10000284       0x3c CMakeFiles/traffic_light.dir/traffic_light.c.o
 .text.crossing_sequence
                0x100002c0       0x54 CMakeFiles/traffic_light.dir/traffic_light.c.o
 .text.gpio_init_out
                0x10000314       0x1a CMakeFiles/traffic_light.dir/traffic_light.c.o
 .text.setup_gpio
                0x1000032e       0x3a CMakeFiles/traffic_light.dir/traffic_light.c.o
 .text.main     0x10000368       0x8c CMakeFiles/traffic_light.dir/traffic_light.c.o
                0x10000368                main
 .text.gpio_set_function
                0x100003f4       0x38 CMakeFiles/traffic_light.dir/home/angel/.pico-sdk/sdk/2.3.1/src/rp2_common/hardware_gpio/gpio.c.o
                0x100003f4                gpio_set_function
 .text.gpio_set_pulls
                0x1000042c       0x30 CMakeFiles/traffic_light.dir/home/angel/.pico-sdk/sdk/2.3.1/src/rp2_common/hardware_gpio/gpio.c.o
                0x1000042c                gpio_set_pulls
 .text.gpio_init
                0x1000045c       0x16 CMakeFiles/traffic_light.dir/home/angel/.pico-sdk/sdk/2.3.1/src/rp2_common/hardware_gpio/gpio.c.o
                0x1000045c                gpio_init
 *fill*         0x10000472        0x2 
 .text.panic    0x10000474       0x30 CMakeFiles/traffic_light.dir/home/angel/.pico-sdk/sdk/2.3.1/src/rp2_common/pico_platform_panic/panic.c.o
                0x10000474                panic
 .text.hw_claim_lock
                0x100004a4       0x24 CMakeFiles/traffic_light.dir/home/angel/.pico-sdk/sdk/2.3.1/src/common/hardware_claim/claim.c.o
                0x100004a4                hw_claim_lock
 .text.hw_claim_unlock
                0x100004c8       0x14 CMakeFiles/traffic_light.dir/home/angel/.pico-sdk/sdk/2.3.1/src/common/hardware_claim/claim.c.o
                0x100004c8                hw_claim_unlock
 .text.hw_claim_or_assert
                0x100004dc       0x32 CMakeFiles/traffic_light.dir/home/angel/.pico-sdk/sdk/2.3.1/src/common/hardware_claim/claim.c.o
                0x100004dc                hw_claim_or_assert
 .text.hw_claim_unused_from_range
                0x1000050e       0x4e CMakeFiles/traffic_light.dir/home/angel/.pico-sdk/sdk/2.3.1/src/common/hardware_claim/claim.c.o
                0x1000050e                hw_claim_unused_from_range
 .text.next_striped_spin_lock_num
                0x1000055c       0x1c CMakeFiles/traffic_light.dir/home/angel/.pico-sdk/sdk/2.3.1/src/rp2_common/hardware_sync/sync.c.o
                0x1000055c                next_striped_spin_lock_num
 .text.spin_lock_claim_unused
                0x10000578       0x20 CMakeFiles/traffic_light.dir/home/angel/.pico-sdk/sdk/2.3.1/src/rp2_common/hardware_sync/sync.c.o
                0x10000578                spin_lock_claim_unused
 .text.spinlock_set_extexclall
                0x10000598        0xe CMakeFiles/traffic_light.dir/home/angel/.pico-sdk/sdk/2.3.1/src/rp2_common/hardware_sync_spin_lock/sync_spin_lock.c.o
 *fill*         0x100005a6        0x2 
 .text.spin_locks_reset
                0x100005a8       0x1c CMakeFiles/traffic_light.dir/home/angel/.pico-sdk/sdk/2.3.1/src/rp2_common/hardware_sync_spin_lock/sync_spin_lock.c.o
                0x100005a8                spin_locks_reset
 .text.set_raw_irq_handler_and_unlock
                0x100005c4       0x24 CMakeFiles/traffic_light.dir/home/angel/.pico-sdk/sdk/2.3.1/src/rp2_common/hardware_irq/irq.c.o
 .text.nvic_ipr0
                0x100005e8        0x8 CMakeFiles/traffic_light.dir/home/angel/.pico-sdk/sdk/2.3.1/src/rp2_common/hardware_irq/irq.c.o
 .text.runtime_init_per_core_irq_priorities
                0x100005f0       0x1c CMakeFiles/traffic_light.dir/home/angel/.pico-sdk/sdk/2.3.1/src/rp2_common/hardware_irq/irq.c.o
                0x100005f0                runtime_init_per_core_irq_priorities
 .text.resolve_j_16
                0x1000060c       0x40 CMakeFiles/traffic_light.dir/home/angel/.pico-sdk/sdk/2.3.1/src/rp2_common/hardware_irq/irq.c.o
 .text.make_j_16
                0x1000064c       0x3c CMakeFiles/traffic_light.dir/home/angel/.pico-sdk/sdk/2.3.1/src/rp2_common/hardware_irq/irq.c.o
 .text.irq_is_enabled
                0x10000688       0x20 CMakeFiles/traffic_light.dir/home/angel/.pico-sdk/sdk/2.3.1/src/rp2_common/hardware_irq/irq.c.o
                0x10000688                irq_is_enabled
 .text.irq_set_mask_n_enabled
                0x100006a8       0x20 CMakeFiles/traffic_light.dir/home/angel/.pico-sdk/sdk/2.3.1/src/rp2_common/hardware_irq/irq.c.o
                0x100006a8                irq_set_mask_n_enabled
 .text.irq_set_enabled
                0x100006c8       0x14 CMakeFiles/traffic_light.dir/home/angel/.pico-sdk/sdk/2.3.1/src/rp2_common/hardware_irq/irq.c.o
                0x100006c8                irq_set_enabled
 .text.irq_set_pending
                0x100006dc       0x18 CMakeFiles/traffic_light.dir/home/angel/.pico-sdk/sdk/2.3.1/src/rp2_common/hardware_irq/irq.c.o
                0x100006dc                irq_set_pending
 .text.irq_get_vtable_handler
                0x100006f4       0x10 CMakeFiles/traffic_light.dir/home/angel/.pico-sdk/sdk/2.3.1/src/rp2_common/hardware_irq/irq.c.o
                0x100006f4                irq_get_vtable_handler
 .text.irq_has_shared_handler
                0x10000704       0x18 CMakeFiles/traffic_light.dir/home/angel/.pico-sdk/sdk/2.3.1/src/rp2_common/hardware_irq/irq.c.o
                0x10000704                irq_has_shared_handler
 .text.irq_set_exclusive_handler
                0x1000071c       0x64 CMakeFiles/traffic_light.dir/home/angel/.pico-sdk/sdk/2.3.1/src/rp2_common/hardware_irq/irq.c.o
                0x1000071c                irq_set_exclusive_handler
 .text.irq_add_shared_handler
                0x10000780      0x234 CMakeFiles/traffic_light.dir/home/angel/.pico-sdk/sdk/2.3.1/src/rp2_common/hardware_irq/irq.c.o
                0x10000780                irq_add_shared_handler
 .text.irq_add_tail_to_free_list
                0x100009b4      0x100 CMakeFiles/traffic_light.dir/home/angel/.pico-sdk/sdk/2.3.1/src/rp2_common/hardware_irq/irq.c.o
                0x100009b4                irq_add_tail_to_free_list
 .text.user_irq_claim_unused
                0x10000ab4       0x28 CMakeFiles/traffic_light.dir/home/angel/.pico-sdk/sdk/2.3.1/src/rp2_common/hardware_irq/irq.c.o
                0x10000ab4                user_irq_claim_unused
 .text.lock_init
                0x10000adc        0xc CMakeFiles/traffic_light.dir/home/angel/.pico-sdk/sdk/2.3.1/src/common/pico_sync/lock_core.c.o
                0x10000adc                lock_init
 .text.mutex_init
                0x10000ae8       0x1a CMakeFiles/traffic_light.dir/home/angel/.pico-sdk/sdk/2.3.1/src/common/pico_sync/mutex.c.o
                0x10000ae8                mutex_init
 .text.recursive_mutex_init
                0x10000b02       0x1e CMakeFiles/traffic_light.dir/home/angel/.pico-sdk/sdk/2.3.1/src/common/pico_sync/mutex.c.o
                0x10000b02                recursive_mutex_init
 .text.runtime_init_mutex
                0x10000b20       0x4c CMakeFiles/traffic_light.dir/home/angel/.pico-sdk/sdk/2.3.1/src/common/pico_sync/mutex.c.o
                0x10000b20                runtime_init_mutex
 .text.critical_section_init_with_lock_num
                0x10000b6c       0x10 CMakeFiles/traffic_light.dir/home/angel/.pico-sdk/sdk/2.3.1/src/common/pico_sync/critical_section.c.o
                0x10000b6c                critical_section_init_with_lock_num
 .text.critical_section_init
                0x10000b7c       0x14 CMakeFiles/traffic_light.dir/home/angel/.pico-sdk/sdk/2.3.1/src/common/pico_sync/critical_section.c.o
                0x10000b7c                critical_section_init
 .text.ta_from_current_irq
                0x10000b90       0x24 CMakeFiles/traffic_light.dir/home/angel/.pico-sdk/sdk/2.3.1/src/common/pico_time/time.c.o
 .text.ta_set_timeout
                0x10000bb4       0x2e CMakeFiles/traffic_light.dir/home/angel/.pico-sdk/sdk/2.3.1/src/common/pico_time/time.c.o
 .text.make_alarm_id
                0x10000be2        0x6 CMakeFiles/traffic_light.dir/home/angel/.pico-sdk/sdk/2.3.1/src/common/pico_time/time.c.o
 .text.sleep_until_callback
                0x10000be8        0x8 CMakeFiles/traffic_light.dir/home/angel/.pico-sdk/sdk/2.3.1/src/common/pico_time/time.c.o
 .text.alarm_pool_irq_handler
                0x10000bf0      0x30c CMakeFiles/traffic_light.dir/home/angel/.pico-sdk/sdk/2.3.1/src/common/pico_time/time.c.o
 .text.ta_enable_irq_handler
                0x10000efc       0x38 CMakeFiles/traffic_light.dir/home/angel/.pico-sdk/sdk/2.3.1/src/common/pico_time/time.c.o
 .text.alarm_pool_post_alloc_init
                0x10000f34       0x7c CMakeFiles/traffic_light.dir/home/angel/.pico-sdk/sdk/2.3.1/src/common/pico_time/time.c.o
 .text.alarm_pool_get_default
                0x10000fb0       0x28 CMakeFiles/traffic_light.dir/home/angel/.pico-sdk/sdk/2.3.1/src/common/pico_time/time.c.o
                0x10000fb0                alarm_pool_get_default
 .text.alarm_pool_add_alarm_at_force_in_context
                0x10000fd8       0xc0 CMakeFiles/traffic_light.dir/home/angel/.pico-sdk/sdk/2.3.1/src/common/pico_time/time.c.o
                0x10000fd8                alarm_pool_add_alarm_at_force_in_context
 .text.alarm_pool_add_alarm_at
                0x10001098       0x38 CMakeFiles/traffic_light.dir/home/angel/.pico-sdk/sdk/2.3.1/src/common/pico_time/time.c.o
                0x10001098                alarm_pool_add_alarm_at
 .text.add_alarm_at
                0x100010d0       0x26 CMakeFiles/traffic_light.dir/home/angel/.pico-sdk/sdk/2.3.1/src/common/pico_time/time.c.o
 .text.alarm_pool_cancel_alarm
                0x100010f6       0x72 CMakeFiles/traffic_light.dir/home/angel/.pico-sdk/sdk/2.3.1/src/common/pico_time/time.c.o
                0x100010f6                alarm_pool_cancel_alarm
 .text.cancel_alarm
                0x10001168       0x10 CMakeFiles/traffic_light.dir/home/angel/.pico-sdk/sdk/2.3.1/src/common/pico_time/time.c.o
 .text.alarm_pool_core_num
                0x10001178        0x4 CMakeFiles/traffic_light.dir/home/angel/.pico-sdk/sdk/2.3.1/src/common/pico_time/time.c.o
                0x10001178                alarm_pool_core_num
 .text.sleep_until
                0x1000117c       0x80 CMakeFiles/traffic_light.dir/home/angel/.pico-sdk/sdk/2.3.1/src/common/pico_time/time.c.o
                0x1000117c                sleep_until
 .text.sleep_us
                0x100011fc       0x24 CMakeFiles/traffic_light.dir/home/angel/.pico-sdk/sdk/2.3.1/src/common/pico_time/time.c.o
                0x100011fc                sleep_us
 .text.sleep_ms
                0x10001220       0x28 CMakeFiles/traffic_light.dir/home/angel/.pico-sdk/sdk/2.3.1/src/common/pico_time/time.c.o
                0x10001220                sleep_ms
 .text.best_effort_wfe_or_timeout
                0x10001248      0x11c CMakeFiles/traffic_light.dir/home/angel/.pico-sdk/sdk/2.3.1/src/common/pico_time/time.c.o
                0x10001248                best_effort_wfe_or_timeout
 .text.alarm_pool_get_default_timer
                0x10001364        0x8 CMakeFiles/traffic_light.dir/home/angel/.pico-sdk/sdk/2.3.1/src/common/pico_time/time.c.o
                0x10001364                alarm_pool_get_default_timer
 .text.runtime_init_default_alarm_pool
                0x1000136c       0x28 CMakeFiles/traffic_light.dir/home/angel/.pico-sdk/sdk/2.3.1/src/common/pico_time/time.c.o
                0x1000136c                runtime_init_default_alarm_pool
 .text.timer_hardware_alarm_claim
                0x10001394       0x24 CMakeFiles/traffic_light.dir/home/angel/.pico-sdk/sdk/2.3.1/src/rp2_common/hardware_timer/timer.c.o
                0x10001394                timer_hardware_alarm_claim
 .text.timer_time_us_64
                0x100013b8       0x10 CMakeFiles/traffic_light.dir/home/angel/.pico-sdk/sdk/2.3.1/src/rp2_common/hardware_timer/timer.c.o
                0x100013b8                timer_time_us_64
 .text.timer_busy_wait_until
                0x100013c8       0x1a CMakeFiles/traffic_light.dir/home/angel/.pico-sdk/sdk/2.3.1/src/rp2_common/hardware_timer/timer.c.o
                0x100013c8                timer_busy_wait_until
 *fill*         0x100013e2        0x2 
 .text.time_us_64
                0x100013e4       0x10 CMakeFiles/traffic_light.dir/home/angel/.pico-sdk/sdk/2.3.1/src/rp2_common/hardware_timer/timer.c.o
                0x100013e4                time_us_64
 .text.busy_wait_until
                0x100013f4       0x14 CMakeFiles/traffic_light.dir/home/angel/.pico-sdk/sdk/2.3.1/src/rp2_common/hardware_timer/timer.c.o
                0x100013f4                busy_wait_until
 .text.clock_configure_internal
                0x10001408       0xbc CMakeFiles/traffic_light.dir/home/angel/.pico-sdk/sdk/2.3.1/src/rp2_common/hardware_clocks/clocks.c.o
 .text.clock_configure_undivided
                0x100014c4       0x14 CMakeFiles/traffic_light.dir/home/angel/.pico-sdk/sdk/2.3.1/src/rp2_common/hardware_clocks/clocks.c.o
                0x100014c4                clock_configure_undivided
 .text.clock_get_hz
                0x100014d8        0xc CMakeFiles/traffic_light.dir/home/angel/.pico-sdk/sdk/2.3.1/src/rp2_common/hardware_clocks/clocks.c.o
                0x100014d8                clock_get_hz
 .text.pll_init
                0x100014e4      0x108 CMakeFiles/traffic_light.dir/home/angel/.pico-sdk/sdk/2.3.1/src/rp2_common/hardware_pll/pll.c.o
                0x100014e4                pll_init
 .text.watchdog_update
                0x100015ec       0x14 CMakeFiles/traffic_light.dir/home/angel/.pico-sdk/sdk/2.3.1/src/rp2_common/hardware_watchdog/watchdog.c.o
                0x100015ec                watchdog_update
 .text._watchdog_enable
                0x10001600       0x6c CMakeFiles/traffic_light.dir/home/angel/.pico-sdk/sdk/2.3.1/src/rp2_common/hardware_watchdog/watchdog.c.o
                0x10001600                _watchdog_enable
 .text.watchdog_reboot
                0x1000166c       0x4c CMakeFiles/traffic_light.dir/home/angel/.pico-sdk/sdk/2.3.1/src/rp2_common/hardware_watchdog/watchdog.c.o
                0x1000166c                watchdog_reboot
 .text.tick_start
                0x100016b8       0x1c CMakeFiles/traffic_light.dir/home/angel/.pico-sdk/sdk/2.3.1/src/rp2_common/hardware_ticks/ticks.c.o
                0x100016b8                tick_start
 .text.rom_reboot
                0x100016d4       0x46 CMakeFiles/traffic_light.dir/home/angel/.pico-sdk/sdk/2.3.1/src/rp2_common/pico_bootrom/bootrom.c.o
 .text.rom_func_lookup
                0x1000171a       0x1e CMakeFiles/traffic_light.dir/home/angel/.pico-sdk/sdk/2.3.1/src/rp2_common/pico_bootrom/bootrom.c.o
                0x1000171a                rom_func_lookup
 .text.rom_reset_usb_boot_extra
                0x10001738       0x3e CMakeFiles/traffic_light.dir/home/angel/.pico-sdk/sdk/2.3.1/src/rp2_common/pico_bootrom/bootrom.c.o
                0x10001738                rom_reset_usb_boot_extra
 *fill*         0x10001776        0x2 
 .text.runtime_init_bootrom_locking_enable
                0x10001778       0x14 CMakeFiles/traffic_light.dir/home/angel/.pico-sdk/sdk/2.3.1/src/rp2_common/pico_bootrom/bootrom_lock.c.o
                0x10001778                runtime_init_bootrom_locking_enable
 .text.boot_locks_reset
                0x1000178c       0x20 CMakeFiles/traffic_light.dir/home/angel/.pico-sdk/sdk/2.3.1/src/rp2_common/hardware_boot_lock/boot_lock.c.o
                0x1000178c                boot_locks_reset
 .text.runtime_init_boot_locks_reset
                0x100017ac        0x8 CMakeFiles/traffic_light.dir/home/angel/.pico-sdk/sdk/2.3.1/src/rp2_common/hardware_boot_lock/boot_lock.c.o
                0x100017ac                runtime_init_boot_locks_reset
 .text.xosc_init
                0x100017b4       0x28 CMakeFiles/traffic_light.dir/home/angel/.pico-sdk/sdk/2.3.1/src/rp2_common/hardware_xosc/xosc.c.o
                0x100017b4                xosc_init
 .text.runtime_run_initializers_from
                0x100017dc       0x18 CMakeFiles/traffic_light.dir/home/angel/.pico-sdk/sdk/2.3.1/src/rp2_common/pico_runtime/runtime.c.o
 .text.first_per_core_initializer
                0x100017f4        0x2 CMakeFiles/traffic_light.dir/home/angel/.pico-sdk/sdk/2.3.1/src/rp2_common/pico_runtime/runtime.c.o
 *fill*         0x100017f6        0x2 
 .text.runtime_run_initializers
                0x100017f8       0x10 CMakeFiles/traffic_light.dir/home/angel/.pico-sdk/sdk/2.3.1/src/rp2_common/pico_runtime/runtime.c.o
                0x100017f8                runtime_run_initializers
 .text.runtime_init_early_resets
                0x10001808       0x2c CMakeFiles/traffic_light.dir/home/angel/.pico-sdk/sdk/2.3.1/src/rp2_common/pico_runtime_init/runtime_init.c.o
                0x10001808                runtime_init_early_resets
 .text.runtime_init_usb_power_down
                0x10001834       0x20 CMakeFiles/traffic_light.dir/home/angel/.pico-sdk/sdk/2.3.1/src/rp2_common/pico_runtime_init/runtime_init.c.o
                0x10001834                runtime_init_usb_power_down
 .text.runtime_init_per_core_enable_coprocessors
                0x10001854       0x1c CMakeFiles/traffic_light.dir/home/angel/.pico-sdk/sdk/2.3.1/src/rp2_common/pico_runtime_init/runtime_init.c.o
                0x10001854                runtime_init_per_core_enable_coprocessors
 .text.runtime_init_post_clock_resets
                0x10001870       0x20 CMakeFiles/traffic_light.dir/home/angel/.pico-sdk/sdk/2.3.1/src/rp2_common/pico_runtime_init/runtime_init.c.o
                0x10001870                runtime_init_post_clock_resets
 .text.runtime_init_bootrom_reset
                0x10001890       0x12 CMakeFiles/traffic_light.dir/home/angel/.pico-sdk/sdk/2.3.1/src/rp2_common/pico_runtime_init/runtime_init.c.o
                0x10001890                runtime_init_bootrom_reset
 .text.runtime_init_per_core_bootrom_reset
                0x100018a2       0x12 CMakeFiles/traffic_light.dir/home/angel/.pico-sdk/sdk/2.3.1/src/rp2_common/pico_runtime_init/runtime_init.c.o
                0x100018a2                runtime_init_per_core_bootrom_reset
 .text.runtime_init_spin_locks_reset
                0x100018b4        0x8 CMakeFiles/traffic_light.dir/home/angel/.pico-sdk/sdk/2.3.1/src/rp2_common/pico_runtime_init/runtime_init.c.o
                0x100018b4                runtime_init_spin_locks_reset
 .text.runtime_init_install_ram_vector_table
                0x100018bc       0x48 CMakeFiles/traffic_light.dir/home/angel/.pico-sdk/sdk/2.3.1/src/rp2_common/pico_runtime_init/runtime_init.c.o
                0x100018bc                runtime_init_install_ram_vector_table
 .text.start_all_ticks
                0x10001904       0x28 CMakeFiles/traffic_light.dir/home/angel/.pico-sdk/sdk/2.3.1/src/rp2_common/pico_runtime_init/runtime_init_clocks.c.o
 .text.runtime_init_clocks
                0x1000192c       0xc4 CMakeFiles/traffic_light.dir/home/angel/.pico-sdk/sdk/2.3.1/src/rp2_common/pico_runtime_init/runtime_init_clocks.c.o
                0x1000192c                runtime_init_clocks
 .text.__rp2350_dcp_engaged_state_save_restore
                0x100019f0       0x3a CMakeFiles/traffic_light.dir/home/angel/.pico-sdk/sdk/2.3.1/src/rp2_common/pico_double/double_aeabi_dcp.S.o
 *fill*         0x10001a2a        0x2 
 .text.__wrap___aeabi_dadd
                0x10001a2c       0x28 CMakeFiles/traffic_light.dir/home/angel/.pico-sdk/sdk/2.3.1/src/rp2_common/pico_double/double_aeabi_dcp.S.o
                0x10001a34                __wrap___aeabi_dadd
 .text.__wrap___aeabi_dsub
                0x10001a54       0x28 CMakeFiles/traffic_light.dir/home/angel/.pico-sdk/sdk/2.3.1/src/rp2_common/pico_double/double_aeabi_dcp.S.o
                0x10001a5c                __wrap___aeabi_dsub
 .text.__wrap___aeabi_dmul
                0x10001a7c       0x48 CMakeFiles/traffic_light.dir/home/angel/.pico-sdk/sdk/2.3.1/src/rp2_common/pico_double/double_aeabi_dcp.S.o
                0x10001a84                __wrap___aeabi_dmul
 .text.__wrap___aeabi_ddiv
                0x10001ac4       0x9c CMakeFiles/traffic_light.dir/home/angel/.pico-sdk/sdk/2.3.1/src/rp2_common/pico_double/double_aeabi_dcp.S.o
                0x10001acc                __wrap___aeabi_ddiv
 .text.__wrap___aeabi_i2d
                0x10001b60       0x24 CMakeFiles/traffic_light.dir/home/angel/.pico-sdk/sdk/2.3.1/src/rp2_common/pico_double/double_aeabi_dcp.S.o
                0x10001b68                __wrap___aeabi_i2d
                0x10001b68                int2double
 .text.__wrap___aeabi_ui2d
                0x10001b84       0x24 CMakeFiles/traffic_light.dir/home/angel/.pico-sdk/sdk/2.3.1/src/rp2_common/pico_double/double_aeabi_dcp.S.o
                0x10001b8c                __wrap___aeabi_ui2d
                0x10001b8c                uint2double
 .text.__wrap___aeabi_d2iz
                0x10001ba8       0x24 CMakeFiles/traffic_light.dir/home/angel/.pico-sdk/sdk/2.3.1/src/rp2_common/pico_double/double_aeabi_dcp.S.o
                0x10001bb0                __wrap___aeabi_d2iz
                0x10001bb0                double2int_z
 .text.__wrap___aeabi_d2uiz
                0x10001bcc       0x24 CMakeFiles/traffic_light.dir/home/angel/.pico-sdk/sdk/2.3.1/src/rp2_common/pico_double/double_aeabi_dcp.S.o
                0x10001bd4                double2uint_z
                0x10001bd4                double2uint
                0x10001bd4                __wrap___aeabi_d2uiz
 .text.__wrap___aeabi_dcmpun
                0x10001bf0       0x24 CMakeFiles/traffic_light.dir/home/angel/.pico-sdk/sdk/2.3.1/src/rp2_common/pico_double/double_aeabi_dcp.S.o
                0x10001bf8                __wrap___aeabi_dcmpun
 .text.__wrap___aeabi_dcmplt
                0x10001c14       0x28 CMakeFiles/traffic_light.dir/home/angel/.pico-sdk/sdk/2.3.1/src/rp2_common/pico_double/double_aeabi_dcp.S.o
                0x10001c1c                __wrap___aeabi_dcmplt
 .text.__wrap___aeabi_dcmple
                0x10001c3c       0x28 CMakeFiles/traffic_light.dir/home/angel/.pico-sdk/sdk/2.3.1/src/rp2_common/pico_double/double_aeabi_dcp.S.o
                0x10001c44                __wrap___aeabi_dcmple
 .text.__wrap___aeabi_dcmpge
                0x10001c64       0x28 CMakeFiles/traffic_light.dir/home/angel/.pico-sdk/sdk/2.3.1/src/rp2_common/pico_double/double_aeabi_dcp.S.o
                0x10001c6c                __wrap___aeabi_dcmpge
 .text.__wrap___aeabi_dcmpgt
                0x10001c8c       0x28 CMakeFiles/traffic_light.dir/home/angel/.pico-sdk/sdk/2.3.1/src/rp2_common/pico_double/double_aeabi_dcp.S.o
                0x10001c94                __wrap___aeabi_dcmpgt
 .text._out_null
                0x10001cb4        0x2 CMakeFiles/traffic_light.dir/home/angel/.pico-sdk/sdk/2.3.1/src/rp2_common/pico_printf/printf.c.o
 .text._out_fct
                0x10001cb6        0xe CMakeFiles/traffic_light.dir/home/angel/.pico-sdk/sdk/2.3.1/src/rp2_common/pico_printf/printf.c.o
 .text._atoi    0x10001cc4       0x26 CMakeFiles/traffic_light.dir/home/angel/.pico-sdk/sdk/2.3.1/src/rp2_common/pico_printf/printf.c.o
 .text._out_rev
                0x10001cea       0x8e CMakeFiles/traffic_light.dir/home/angel/.pico-sdk/sdk/2.3.1/src/rp2_common/pico_printf/printf.c.o
 .text._ntoa_format
                0x10001d78      0x15a CMakeFiles/traffic_light.dir/home/angel/.pico-sdk/sdk/2.3.1/src/rp2_common/pico_printf/printf.c.o
 .text._ntoa_long
                0x10001ed2       0xa0 CMakeFiles/traffic_light.dir/home/angel/.pico-sdk/sdk/2.3.1/src/rp2_common/pico_printf/printf.c.o
 .text._ntoa_long_long
                0x10001f72       0xc0 CMakeFiles/traffic_light.dir/home/angel/.pico-sdk/sdk/2.3.1/src/rp2_common/pico_printf/printf.c.o
 *fill*         0x10002032        0x6 
 .text._etoa    0x10002038      0x440 CMakeFiles/traffic_light.dir/home/angel/.pico-sdk/sdk/2.3.1/src/rp2_common/pico_printf/printf.c.o
 .text._ftoa    0x10002478      0x394 CMakeFiles/traffic_light.dir/home/angel/.pico-sdk/sdk/2.3.1/src/rp2_common/pico_printf/printf.c.o
 .text._vsnprintf
                0x1000280c      0x624 CMakeFiles/traffic_light.dir/home/angel/.pico-sdk/sdk/2.3.1/src/rp2_common/pico_printf/printf.c.o
 .text.vfctprintf
                0x10002e30       0x20 CMakeFiles/traffic_light.dir/home/angel/.pico-sdk/sdk/2.3.1/src/rp2_common/pico_printf/printf.c.o
                0x10002e30                vfctprintf
 .text._exit    0x10002e50        0x4 CMakeFiles/traffic_light.dir/home/angel/.pico-sdk/sdk/2.3.1/src/rp2_common/pico_clib_interface/newlib_interface.c.o
                0x10002e50                _exit
 .text._fini    0x10002e54        0x2 CMakeFiles/traffic_light.dir/home/angel/.pico-sdk/sdk/2.3.1/src/rp2_common/pico_clib_interface/newlib_interface.c.o
                0x10002e54                _fini
 .text.exit     0x10002e56        0x6 CMakeFiles/traffic_light.dir/home/angel/.pico-sdk/sdk/2.3.1/src/rp2_common/pico_clib_interface/newlib_interface.c.o
                0x10002e56                exit
 .text.__assert_func
                0x10002e5c       0x38 CMakeFiles/traffic_light.dir/home/angel/.pico-sdk/sdk/2.3.1/src/rp2_common/pico_clib_interface/newlib_interface.c.o
                0x10002e5c                __assert_func
 .text.runtime_init
                0x10002e94       0x2c CMakeFiles/traffic_light.dir/home/angel/.pico-sdk/sdk/2.3.1/src/rp2_common/pico_clib_interface/newlib_interface.c.o
                0x10002e94                runtime_init
 .text.stdio_out_chars_no_crlf
                0x10002ec0        0xe CMakeFiles/traffic_light.dir/home/angel/.pico-sdk/sdk/2.3.1/src/rp2_common/pico_stdio/stdio.c.o
 *fill*         0x10002ece        0x2 
 .text.stdio_out_chars_crlf
                0x10002ed0       0x7c CMakeFiles/traffic_light.dir/home/angel/.pico-sdk/sdk/2.3.1/src/rp2_common/pico_stdio/stdio.c.o
 .text.stdio_stack_buffer_flush
                0x10002f4c       0x40 CMakeFiles/traffic_light.dir/home/angel/.pico-sdk/sdk/2.3.1/src/rp2_common/pico_stdio/stdio.c.o
 .text.stdio_buffered_printer
                0x10002f8c       0x1a CMakeFiles/traffic_light.dir/home/angel/.pico-sdk/sdk/2.3.1/src/rp2_common/pico_stdio/stdio.c.o
 *fill*         0x10002fa6        0x2 
 .text.stdout_serialize_begin
                0x10002fa8       0x2c CMakeFiles/traffic_light.dir/home/angel/.pico-sdk/sdk/2.3.1/src/rp2_common/pico_stdio/stdio.c.o
                0x10002fa8                stdout_serialize_begin
 .text.stdout_serialize_end
                0x10002fd4       0x10 CMakeFiles/traffic_light.dir/home/angel/.pico-sdk/sdk/2.3.1/src/rp2_common/pico_stdio/stdio.c.o
                0x10002fd4                stdout_serialize_end
 .text.stdio_put_string
                0x10002fe4       0x88 CMakeFiles/traffic_light.dir/home/angel/.pico-sdk/sdk/2.3.1/src/rp2_common/pico_stdio/stdio.c.o
                0x10002fe4                stdio_put_string
 .text.stdio_set_driver_enabled
                0x1000306c       0x28 CMakeFiles/traffic_light.dir/home/angel/.pico-sdk/sdk/2.3.1/src/rp2_common/pico_stdio/stdio.c.o
                0x1000306c                stdio_set_driver_enabled
 .text.stdio_flush
                0x10003094       0x1c CMakeFiles/traffic_light.dir/home/angel/.pico-sdk/sdk/2.3.1/src/rp2_common/pico_stdio/stdio.c.o
                0x10003094                stdio_flush
 .text.stdio_init_all
                0x100030b0        0x8 CMakeFiles/traffic_light.dir/home/angel/.pico-sdk/sdk/2.3.1/src/rp2_common/pico_stdio/stdio.c.o
                0x100030b0                stdio_init_all
 .text.__wrap_puts
                0x100030b8       0x1e CMakeFiles/traffic_light.dir/home/angel/.pico-sdk/sdk/2.3.1/src/rp2_common/pico_stdio/stdio.c.o
                0x100030b8                __wrap_puts
                0x100030b8                stdio_puts
 *fill*         0x100030d6        0x2 
 .text.__wrap_vprintf
                0x100030d8       0x40 CMakeFiles/traffic_light.dir/home/angel/.pico-sdk/sdk/2.3.1/src/rp2_common/pico_stdio/stdio.c.o
                0x100030d8                __wrap_vprintf
                0x100030d8                stdio_vprintf
 .text.__wrap_printf
                0x10003118       0x1c CMakeFiles/traffic_light.dir/home/angel/.pico-sdk/sdk/2.3.1/src/rp2_common/pico_stdio/stdio.c.o
                0x10003118                stdio_printf
                0x10003118                __wrap_printf
 .text.stdio_usb_set_chars_available_callback
                0x10003134       0x14 CMakeFiles/traffic_light.dir/home/angel/.pico-sdk/sdk/2.3.1/src/rp2_common/pico_stdio_usb/stdio_usb.c.o
                0x10003134                stdio_usb_set_chars_available_callback
 .text.stdio_usb_out_flush
                0x10003148       0x48 CMakeFiles/traffic_light.dir/home/angel/.pico-sdk/sdk/2.3.1/src/rp2_common/pico_stdio_usb/stdio_usb.c.o
 .text.timer_task
                0x10003190       0x7c CMakeFiles/traffic_light.dir/home/angel/.pico-sdk/sdk/2.3.1/src/rp2_common/pico_stdio_usb/stdio_usb.c.o
 .text.usb_irq  0x1000320c       0x10 CMakeFiles/traffic_light.dir/home/angel/.pico-sdk/sdk/2.3.1/src/rp2_common/pico_stdio_usb/stdio_usb.c.o
 .text.alarm_pool_add_alarm_in_us
                0x1000321c       0x3a CMakeFiles/traffic_light.dir/home/angel/.pico-sdk/sdk/2.3.1/src/rp2_common/pico_stdio_usb/stdio_usb.c.o
 .text.add_alarm_in_us
                0x10003256       0x26 CMakeFiles/traffic_light.dir/home/angel/.pico-sdk/sdk/2.3.1/src/rp2_common/pico_stdio_usb/stdio_usb.c.o
 .text.low_priority_worker_irq
                0x1000327c       0xb0 CMakeFiles/traffic_light.dir/home/angel/.pico-sdk/sdk/2.3.1/src/rp2_common/pico_stdio_usb/stdio_usb.c.o
 .text.stdio_usb_init
                0x1000332c       0xd4 CMakeFiles/traffic_light.dir/home/angel/.pico-sdk/sdk/2.3.1/src/rp2_common/pico_stdio_usb/stdio_usb.c.o
                0x1000332c                stdio_usb_init
 .text.stdio_usb_connected
                0x10003400        0xa CMakeFiles/traffic_light.dir/home/angel/.pico-sdk/sdk/2.3.1/src/rp2_common/pico_stdio_usb/stdio_usb.c.o
                0x10003400                stdio_usb_connected
 *fill*         0x1000340a        0x2 
 .text.stdio_usb_in_chars
                0x1000340c       0x98 CMakeFiles/traffic_light.dir/home/angel/.pico-sdk/sdk/2.3.1/src/rp2_common/pico_stdio_usb/stdio_usb.c.o
                0x1000340c                stdio_usb_in_chars
 .text.stdio_usb_out_chars
                0x100034a4       0xd4 CMakeFiles/traffic_light.dir/home/angel/.pico-sdk/sdk/2.3.1/src/rp2_common/pico_stdio_usb/stdio_usb.c.o
 .text.tud_descriptor_device_cb
                0x10003578        0x8 CMakeFiles/traffic_light.dir/home/angel/.pico-sdk/sdk/2.3.1/src/rp2_common/pico_stdio_usb/stdio_usb_descriptors.c.o
                0x10003578                tud_descriptor_device_cb
 .text.tud_descriptor_configuration_cb
                0x10003580        0x8 CMakeFiles/traffic_light.dir/home/angel/.pico-sdk/sdk/2.3.1/src/rp2_common/pico_stdio_usb/stdio_usb_descriptors.c.o
                0x10003580                tud_descriptor_configuration_cb
 .text.tud_descriptor_string_cb
                0x10003588       0x64 CMakeFiles/traffic_light.dir/home/angel/.pico-sdk/sdk/2.3.1/src/rp2_common/pico_stdio_usb/stdio_usb_descriptors.c.o
                0x10003588                tud_descriptor_string_cb
 .text._retrieve_unique_id_on_boot
                0x100035ec       0x54 CMakeFiles/traffic_light.dir/home/angel/.pico-sdk/sdk/2.3.1/src/rp2_common/pico_unique_id/unique_id.c.o
 .text.pico_get_unique_board_id_string
                0x10003640       0x5c CMakeFiles/traffic_light.dir/home/angel/.pico-sdk/sdk/2.3.1/src/rp2_common/pico_unique_id/unique_id.c.o
                0x10003640                pico_get_unique_board_id_string
 .text.usb_reset_interface_init
                0x1000369c        0x2 CMakeFiles/traffic_light.dir/home/angel/.pico-sdk/sdk/2.3.1/src/rp2_common/pico_usb_reset/usb_reset.c.o
                0x1000369c                usb_reset_interface_init
 *fill*         0x1000369e        0x2 
 .text.usb_reset_interface_reset
                0x100036a0        0xc CMakeFiles/traffic_light.dir/home/angel/.pico-sdk/sdk/2.3.1/src/rp2_common/pico_usb_reset/usb_reset.c.o
                0x100036a0                usb_reset_interface_reset
 .text.usb_reset_interface_open
                0x100036ac       0x34 CMakeFiles/traffic_light.dir/home/angel/.pico-sdk/sdk/2.3.1/src/rp2_common/pico_usb_reset/usb_reset.c.o
                0x100036ac                usb_reset_interface_open
 .text.usb_reset_interface_xfer_cb
                0x100036e0        0x4 CMakeFiles/traffic_light.dir/home/angel/.pico-sdk/sdk/2.3.1/src/rp2_common/pico_usb_reset/usb_reset.c.o
                0x100036e0                usb_reset_interface_xfer_cb
 .text.usb_reset_interface_control_xfer_cb
                0x100036e4       0x58 CMakeFiles/traffic_light.dir/home/angel/.pico-sdk/sdk/2.3.1/src/rp2_common/pico_usb_reset/usb_reset.c.o
                0x100036e4                usb_reset_interface_control_xfer_cb
 .text.tud_descriptor_bos_cb
                0x1000373c        0x8 CMakeFiles/traffic_light.dir/home/angel/.pico-sdk/sdk/2.3.1/src/rp2_common/pico_usb_reset/usb_reset.c.o
                0x1000373c                tud_descriptor_bos_cb
 .text.tud_vendor_control_xfer_cb
                0x10003744       0x30 CMakeFiles/traffic_light.dir/home/angel/.pico-sdk/sdk/2.3.1/src/rp2_common/pico_usb_reset/usb_reset.c.o
                0x10003744                tud_vendor_control_xfer_cb
 .text.usbd_app_driver_get_cb
                0x10003774        0xc CMakeFiles/traffic_light.dir/home/angel/.pico-sdk/sdk/2.3.1/src/rp2_common/pico_usb_reset/usb_reset.c.o
                0x10003774                usbd_app_driver_get_cb
 .text.tud_cdc_line_coding_cb
                0x10003780       0x18 CMakeFiles/traffic_light.dir/home/angel/.pico-sdk/sdk/2.3.1/src/rp2_common/pico_usb_reset/usb_reset.c.o
                0x10003780                tud_cdc_line_coding_cb
 .text.hw_endpoint_init
                0x10003798       0xd0 CMakeFiles/traffic_light.dir/home/angel/.pico-sdk/sdk/2.3.1/lib/tinyusb/src/portable/raspberrypi/rp2040/dcd_rp2040.c.o
 .text.hw_endpoint_alloc
                0x10003868       0x48 CMakeFiles/traffic_light.dir/home/angel/.pico-sdk/sdk/2.3.1/lib/tinyusb/src/portable/raspberrypi/rp2040/dcd_rp2040.c.o
 .text.hw_endpoint_open
                0x100038b0       0x48 CMakeFiles/traffic_light.dir/home/angel/.pico-sdk/sdk/2.3.1/lib/tinyusb/src/portable/raspberrypi/rp2040/dcd_rp2040.c.o
 .text.hw_endpoint_xfer
                0x100038f8       0x1c CMakeFiles/traffic_light.dir/home/angel/.pico-sdk/sdk/2.3.1/lib/tinyusb/src/portable/raspberrypi/rp2040/dcd_rp2040.c.o
 .text.dcd_int_enable
                0x10003914       0x28 CMakeFiles/traffic_light.dir/home/angel/.pico-sdk/sdk/2.3.1/lib/tinyusb/src/portable/raspberrypi/rp2040/dcd_rp2040.c.o
                0x10003914                dcd_int_enable
 .text.dcd_set_address
                0x1000393c       0x2c CMakeFiles/traffic_light.dir/home/angel/.pico-sdk/sdk/2.3.1/lib/tinyusb/src/portable/raspberrypi/rp2040/dcd_rp2040.c.o
                0x1000393c                dcd_set_address
 .text.dcd_connect
                0x10003968       0x10 CMakeFiles/traffic_light.dir/home/angel/.pico-sdk/sdk/2.3.1/lib/tinyusb/src/portable/raspberrypi/rp2040/dcd_rp2040.c.o
                0x10003968                dcd_connect
 .text.dcd_init
                0x10003978       0x84 CMakeFiles/traffic_light.dir/home/angel/.pico-sdk/sdk/2.3.1/lib/tinyusb/src/portable/raspberrypi/rp2040/dcd_rp2040.c.o
                0x10003978                dcd_init
 .text.dcd_sof_enable
                0x100039fc       0x1c CMakeFiles/traffic_light.dir/home/angel/.pico-sdk/sdk/2.3.1/lib/tinyusb/src/portable/raspberrypi/rp2040/dcd_rp2040.c.o
                0x100039fc                dcd_sof_enable
 .text.dcd_edpt0_status_complete
                0x10003a18       0x24 CMakeFiles/traffic_light.dir/home/angel/.pico-sdk/sdk/2.3.1/lib/tinyusb/src/portable/raspberrypi/rp2040/dcd_rp2040.c.o
                0x10003a18                dcd_edpt0_status_complete
 .text.dcd_edpt_open
                0x10003a3c       0x22 CMakeFiles/traffic_light.dir/home/angel/.pico-sdk/sdk/2.3.1/lib/tinyusb/src/portable/raspberrypi/rp2040/dcd_rp2040.c.o
                0x10003a3c                dcd_edpt_open
 .text.dcd_edpt_close_all
                0x10003a5e        0x8 CMakeFiles/traffic_light.dir/home/angel/.pico-sdk/sdk/2.3.1/lib/tinyusb/src/portable/raspberrypi/rp2040/dcd_rp2040.c.o
                0x10003a5e                dcd_edpt_close_all
 *fill*         0x10003a66        0x2 
 .text.dcd_edpt_xfer
                0x10003a68       0x2c CMakeFiles/traffic_light.dir/home/angel/.pico-sdk/sdk/2.3.1/lib/tinyusb/src/portable/raspberrypi/rp2040/dcd_rp2040.c.o
                0x10003a68                dcd_edpt_xfer
 .text.dcd_edpt_stall
                0x10003a94       0x38 CMakeFiles/traffic_light.dir/home/angel/.pico-sdk/sdk/2.3.1/lib/tinyusb/src/portable/raspberrypi/rp2040/dcd_rp2040.c.o
                0x10003a94                dcd_edpt_stall
 .text.dcd_edpt_clear_stall
                0x10003acc       0x28 CMakeFiles/traffic_light.dir/home/angel/.pico-sdk/sdk/2.3.1/lib/tinyusb/src/portable/raspberrypi/rp2040/dcd_rp2040.c.o
                0x10003acc                dcd_edpt_clear_stall
 .text.unaligned_memcpy
                0x10003af4       0x14 CMakeFiles/traffic_light.dir/home/angel/.pico-sdk/sdk/2.3.1/lib/tinyusb/src/portable/raspberrypi/rp2040/rp2040_usb.c.o
 .text.rp2040_usb_init
                0x10003b08       0x40 CMakeFiles/traffic_light.dir/home/angel/.pico-sdk/sdk/2.3.1/lib/tinyusb/src/portable/raspberrypi/rp2040/rp2040_usb.c.o
                0x10003b08                rp2040_usb_init
 .text.hw_endpoint_xfer_start
                0x10003b48       0x58 CMakeFiles/traffic_light.dir/home/angel/.pico-sdk/sdk/2.3.1/lib/tinyusb/src/portable/raspberrypi/rp2040/rp2040_usb.c.o
                0x10003b48                hw_endpoint_xfer_start
 .text.configuration_reset
                0x10003ba0       0x8c CMakeFiles/traffic_light.dir/home/angel/.pico-sdk/sdk/2.3.1/lib/tinyusb/src/device/usbd.c.o
 .text.usbd_reset
                0x10003c2c        0xc CMakeFiles/traffic_light.dir/home/angel/.pico-sdk/sdk/2.3.1/lib/tinyusb/src/device/usbd.c.o
 .text.invoke_class_control
                0x10003c38       0x1a CMakeFiles/traffic_light.dir/home/angel/.pico-sdk/sdk/2.3.1/lib/tinyusb/src/device/usbd.c.o
 *fill*         0x10003c52        0x2 
 .text.process_set_config
                0x10003c54      0x1c0 CMakeFiles/traffic_light.dir/home/angel/.pico-sdk/sdk/2.3.1/lib/tinyusb/src/device/usbd.c.o
 .text.tud_event_hook_cb
                0x10003e14        0x2 CMakeFiles/traffic_light.dir/home/angel/.pico-sdk/sdk/2.3.1/lib/tinyusb/src/device/usbd.c.o
                0x10003e14                tud_event_hook_cb
 .text.tud_sof_cb
                0x10003e16        0x2 CMakeFiles/traffic_light.dir/home/angel/.pico-sdk/sdk/2.3.1/lib/tinyusb/src/device/usbd.c.o
                0x10003e16                tud_sof_cb
 .text.tud_descriptor_device_qualifier_cb
                0x10003e18        0x4 CMakeFiles/traffic_light.dir/home/angel/.pico-sdk/sdk/2.3.1/lib/tinyusb/src/device/usbd.c.o
                0x10003e18                tud_descriptor_device_qualifier_cb
 .text.tud_descriptor_other_speed_configuration_cb
                0x10003e1c        0x4 CMakeFiles/traffic_light.dir/home/angel/.pico-sdk/sdk/2.3.1/lib/tinyusb/src/device/usbd.c.o
                0x10003e1c                tud_descriptor_other_speed_configuration_cb
 .text.process_get_descriptor
                0x10003e20       0xf0 CMakeFiles/traffic_light.dir/home/angel/.pico-sdk/sdk/2.3.1/lib/tinyusb/src/device/usbd.c.o
 .text.tud_mount_cb
                0x10003f10        0x2 CMakeFiles/traffic_light.dir/home/angel/.pico-sdk/sdk/2.3.1/lib/tinyusb/src/device/usbd.c.o
                0x10003f10                tud_mount_cb
 .text.tud_umount_cb
                0x10003f12        0x2 CMakeFiles/traffic_light.dir/home/angel/.pico-sdk/sdk/2.3.1/lib/tinyusb/src/device/usbd.c.o
                0x10003f12                tud_umount_cb
 .text.tud_suspend_cb
                0x10003f14        0x2 CMakeFiles/traffic_light.dir/home/angel/.pico-sdk/sdk/2.3.1/lib/tinyusb/src/device/usbd.c.o
                0x10003f14                tud_suspend_cb
 .text.tud_resume_cb
                0x10003f16        0x2 CMakeFiles/traffic_light.dir/home/angel/.pico-sdk/sdk/2.3.1/lib/tinyusb/src/device/usbd.c.o
                0x10003f16                tud_resume_cb
 .text.tud_mounted
                0x10003f18       0x10 CMakeFiles/traffic_light.dir/home/angel/.pico-sdk/sdk/2.3.1/lib/tinyusb/src/device/usbd.c.o
                0x10003f18                tud_mounted
 .text.tud_suspended
                0x10003f28       0x10 CMakeFiles/traffic_light.dir/home/angel/.pico-sdk/sdk/2.3.1/lib/tinyusb/src/device/usbd.c.o
                0x10003f28                tud_suspended
 .text.tud_inited
                0x10003f38       0x10 CMakeFiles/traffic_light.dir/home/angel/.pico-sdk/sdk/2.3.1/lib/tinyusb/src/device/usbd.c.o
                0x10003f38                tud_inited
 .text.tud_rhport_init
                0x10003f48      0x128 CMakeFiles/traffic_light.dir/home/angel/.pico-sdk/sdk/2.3.1/lib/tinyusb/src/device/usbd.c.o
                0x10003f48                tud_rhport_init
 .text.usbd_edpt_open
                0x10004070       0x80 CMakeFiles/traffic_light.dir/home/angel/.pico-sdk/sdk/2.3.1/lib/tinyusb/src/device/usbd.c.o
                0x10004070                usbd_edpt_open
 .text.usbd_open_edpt_pair
                0x100040f0       0xa0 CMakeFiles/traffic_light.dir/home/angel/.pico-sdk/sdk/2.3.1/lib/tinyusb/src/device/usbd.c.o
                0x100040f0                usbd_open_edpt_pair
 .text.usbd_edpt_claim
                0x10004190       0x28 CMakeFiles/traffic_light.dir/home/angel/.pico-sdk/sdk/2.3.1/lib/tinyusb/src/device/usbd.c.o
                0x10004190                usbd_edpt_claim
 .text.usbd_edpt_release
                0x100041b8       0x28 CMakeFiles/traffic_light.dir/home/angel/.pico-sdk/sdk/2.3.1/lib/tinyusb/src/device/usbd.c.o
                0x100041b8                usbd_edpt_release
 .text.usbd_edpt_xfer
                0x100041e0       0xa4 CMakeFiles/traffic_light.dir/home/angel/.pico-sdk/sdk/2.3.1/lib/tinyusb/src/device/usbd.c.o
                0x100041e0                usbd_edpt_xfer
 .text.usbd_edpt_stall
                0x10004284       0x3c CMakeFiles/traffic_light.dir/home/angel/.pico-sdk/sdk/2.3.1/lib/tinyusb/src/device/usbd.c.o
                0x10004284                usbd_edpt_stall
 .text.usbd_edpt_clear_stall
                0x100042c0       0x3c CMakeFiles/traffic_light.dir/home/angel/.pico-sdk/sdk/2.3.1/lib/tinyusb/src/device/usbd.c.o
                0x100042c0                usbd_edpt_clear_stall
 .text.usbd_edpt_stalled
                0x100042fc       0x1c CMakeFiles/traffic_light.dir/home/angel/.pico-sdk/sdk/2.3.1/lib/tinyusb/src/device/usbd.c.o
                0x100042fc                usbd_edpt_stalled
 .text.process_control_request
                0x10004318      0x450 CMakeFiles/traffic_light.dir/home/angel/.pico-sdk/sdk/2.3.1/lib/tinyusb/src/device/usbd.c.o
 .text.tud_task_ext
                0x10004768      0x248 CMakeFiles/traffic_light.dir/home/angel/.pico-sdk/sdk/2.3.1/lib/tinyusb/src/device/usbd.c.o
                0x10004768                tud_task_ext
 .text.status_stage_xact
                0x100049b0       0x1a CMakeFiles/traffic_light.dir/home/angel/.pico-sdk/sdk/2.3.1/lib/tinyusb/src/device/usbd_control.c.o
 *fill*         0x100049ca        0x2 
 .text.data_stage_xact
                0x100049cc       0x5c CMakeFiles/traffic_light.dir/home/angel/.pico-sdk/sdk/2.3.1/lib/tinyusb/src/device/usbd_control.c.o
 .text.tud_control_status
                0x10004a28       0x28 CMakeFiles/traffic_light.dir/home/angel/.pico-sdk/sdk/2.3.1/lib/tinyusb/src/device/usbd_control.c.o
                0x10004a28                tud_control_status
 .text.tud_control_xfer
                0x10004a50       0xb0 CMakeFiles/traffic_light.dir/home/angel/.pico-sdk/sdk/2.3.1/lib/tinyusb/src/device/usbd_control.c.o
                0x10004a50                tud_control_xfer
 .text.usbd_control_reset
                0x10004b00       0x14 CMakeFiles/traffic_light.dir/home/angel/.pico-sdk/sdk/2.3.1/lib/tinyusb/src/device/usbd_control.c.o
                0x10004b00                usbd_control_reset
 .text.usbd_control_set_complete_callback
                0x10004b14        0xc CMakeFiles/traffic_light.dir/home/angel/.pico-sdk/sdk/2.3.1/lib/tinyusb/src/device/usbd_control.c.o
                0x10004b14                usbd_control_set_complete_callback
 .text.usbd_control_set_request
                0x10004b20       0x1c CMakeFiles/traffic_light.dir/home/angel/.pico-sdk/sdk/2.3.1/lib/tinyusb/src/device/usbd_control.c.o
                0x10004b20                usbd_control_set_request
 .text.usbd_control_xfer_cb
                0x10004b3c      0x114 CMakeFiles/traffic_light.dir/home/angel/.pico-sdk/sdk/2.3.1/lib/tinyusb/src/device/usbd_control.c.o
                0x10004b3c                usbd_control_xfer_cb
 .text._prep_out_transaction
                0x10004c50       0x98 CMakeFiles/traffic_light.dir/home/angel/.pico-sdk/sdk/2.3.1/lib/tinyusb/src/class/cdc/cdc_device.c.o
 .text.tud_cdc_n_connected
                0x10004ce8       0x34 CMakeFiles/traffic_light.dir/home/angel/.pico-sdk/sdk/2.3.1/lib/tinyusb/src/class/cdc/cdc_device.c.o
                0x10004ce8                tud_cdc_n_connected
 .text.tud_cdc_n_available
                0x10004d1c       0x18 CMakeFiles/traffic_light.dir/home/angel/.pico-sdk/sdk/2.3.1/lib/tinyusb/src/class/cdc/cdc_device.c.o
                0x10004d1c                tud_cdc_n_available
 .text.tud_cdc_n_read
                0x10004d34       0x34 CMakeFiles/traffic_light.dir/home/angel/.pico-sdk/sdk/2.3.1/lib/tinyusb/src/class/cdc/cdc_device.c.o
                0x10004d34                tud_cdc_n_read
 .text.tud_cdc_n_write_flush
                0x10004d68       0xb8 CMakeFiles/traffic_light.dir/home/angel/.pico-sdk/sdk/2.3.1/lib/tinyusb/src/class/cdc/cdc_device.c.o
                0x10004d68                tud_cdc_n_write_flush
 .text.tud_cdc_n_write
                0x10004e20       0x44 CMakeFiles/traffic_light.dir/home/angel/.pico-sdk/sdk/2.3.1/lib/tinyusb/src/class/cdc/cdc_device.c.o
                0x10004e20                tud_cdc_n_write
 .text.tud_cdc_n_write_available
                0x10004e64       0x1c CMakeFiles/traffic_light.dir/home/angel/.pico-sdk/sdk/2.3.1/lib/tinyusb/src/class/cdc/cdc_device.c.o
                0x10004e64                tud_cdc_n_write_available
 .text.cdcd_init
                0x10004e80       0x98 CMakeFiles/traffic_light.dir/home/angel/.pico-sdk/sdk/2.3.1/lib/tinyusb/src/class/cdc/cdc_device.c.o
                0x10004e80                cdcd_init
 .text.cdcd_deinit
                0x10004f18       0x40 CMakeFiles/traffic_light.dir/home/angel/.pico-sdk/sdk/2.3.1/lib/tinyusb/src/class/cdc/cdc_device.c.o
                0x10004f18                cdcd_deinit
 .text.cdcd_reset
                0x10004f58       0x78 CMakeFiles/traffic_light.dir/home/angel/.pico-sdk/sdk/2.3.1/lib/tinyusb/src/class/cdc/cdc_device.c.o
                0x10004f58                cdcd_reset
 .text.cdcd_open
                0x10004fd0      0x12c CMakeFiles/traffic_light.dir/home/angel/.pico-sdk/sdk/2.3.1/lib/tinyusb/src/class/cdc/cdc_device.c.o
                0x10004fd0                cdcd_open
 .text.cdcd_control_xfer_cb
                0x100050fc      0x128 CMakeFiles/traffic_light.dir/home/angel/.pico-sdk/sdk/2.3.1/lib/tinyusb/src/class/cdc/cdc_device.c.o
                0x100050fc                cdcd_control_xfer_cb
 .text.cdcd_xfer_cb
                0x10005224      0x138 CMakeFiles/traffic_light.dir/home/angel/.pico-sdk/sdk/2.3.1/lib/tinyusb/src/class/cdc/cdc_device.c.o
                0x10005224                cdcd_xfer_cb
 .text.tusb_rhport_init
                0x1000535c       0xb0 CMakeFiles/traffic_light.dir/home/angel/.pico-sdk/sdk/2.3.1/lib/tinyusb/src/tusb.c.o
                0x1000535c                tusb_rhport_init
 .text.tu_edpt_claim
                0x1000540c       0x56 CMakeFiles/traffic_light.dir/home/angel/.pico-sdk/sdk/2.3.1/lib/tinyusb/src/tusb.c.o
                0x1000540c                tu_edpt_claim
 .text.tu_edpt_release
                0x10005462       0x44 CMakeFiles/traffic_light.dir/home/angel/.pico-sdk/sdk/2.3.1/lib/tinyusb/src/tusb.c.o
                0x10005462                tu_edpt_release
 *fill*         0x100054a6        0x2 
 .text.tu_edpt_validate
                0x100054a8       0xe0 CMakeFiles/traffic_light.dir/home/angel/.pico-sdk/sdk/2.3.1/lib/tinyusb/src/tusb.c.o
                0x100054a8                tu_edpt_validate
 .text.tu_edpt_bind_driver
                0x10005588       0x48 CMakeFiles/traffic_light.dir/home/angel/.pico-sdk/sdk/2.3.1/lib/tinyusb/src/tusb.c.o
                0x10005588                tu_edpt_bind_driver
 .text.advance_index
                0x100055d0       0x1a CMakeFiles/traffic_light.dir/home/angel/.pico-sdk/sdk/2.3.1/lib/tinyusb/src/common/tusb_fifo.c.o
 .text._tu_fifo_peek
                0x100055ea       0x64 CMakeFiles/traffic_light.dir/home/angel/.pico-sdk/sdk/2.3.1/lib/tinyusb/src/common/tusb_fifo.c.o
 .text._ff_pull_n
                0x1000564e       0x6a CMakeFiles/traffic_light.dir/home/angel/.pico-sdk/sdk/2.3.1/lib/tinyusb/src/common/tusb_fifo.c.o
 .text._tu_fifo_peek_n
                0x100056b8       0x6c CMakeFiles/traffic_light.dir/home/angel/.pico-sdk/sdk/2.3.1/lib/tinyusb/src/common/tusb_fifo.c.o
 .text._tu_fifo_read_n
                0x10005724       0x4c CMakeFiles/traffic_light.dir/home/angel/.pico-sdk/sdk/2.3.1/lib/tinyusb/src/common/tusb_fifo.c.o
 .text._ff_push_n
                0x10005770       0x6a CMakeFiles/traffic_light.dir/home/angel/.pico-sdk/sdk/2.3.1/lib/tinyusb/src/common/tusb_fifo.c.o
 .text._tu_fifo_write_n
                0x100057da       0xf8 CMakeFiles/traffic_light.dir/home/angel/.pico-sdk/sdk/2.3.1/lib/tinyusb/src/common/tusb_fifo.c.o
 .text.tu_fifo_config
                0x100058d2       0x62 CMakeFiles/traffic_light.dir/home/angel/.pico-sdk/sdk/2.3.1/lib/tinyusb/src/common/tusb_fifo.c.o
                0x100058d2                tu_fifo_config
 .text.tu_fifo_count
                0x10005934       0x28 CMakeFiles/traffic_light.dir/home/angel/.pico-sdk/sdk/2.3.1/lib/tinyusb/src/common/tusb_fifo.c.o
                0x10005934                tu_fifo_count
 .text.tu_fifo_empty
                0x1000595c       0x12 CMakeFiles/traffic_light.dir/home/angel/.pico-sdk/sdk/2.3.1/lib/tinyusb/src/common/tusb_fifo.c.o
                0x1000595c                tu_fifo_empty
 .text.tu_fifo_full
                0x1000596e       0x28 CMakeFiles/traffic_light.dir/home/angel/.pico-sdk/sdk/2.3.1/lib/tinyusb/src/common/tusb_fifo.c.o
                0x1000596e                tu_fifo_full
 .text.tu_fifo_remaining
                0x10005996       0x2c CMakeFiles/traffic_light.dir/home/angel/.pico-sdk/sdk/2.3.1/lib/tinyusb/src/common/tusb_fifo.c.o
                0x10005996                tu_fifo_remaining
 .text.tu_fifo_read
                0x100059c2       0x3e CMakeFiles/traffic_light.dir/home/angel/.pico-sdk/sdk/2.3.1/lib/tinyusb/src/common/tusb_fifo.c.o
                0x100059c2                tu_fifo_read
 .text.tu_fifo_read_n
                0x10005a00        0xa CMakeFiles/traffic_light.dir/home/angel/.pico-sdk/sdk/2.3.1/lib/tinyusb/src/common/tusb_fifo.c.o
                0x10005a00                tu_fifo_read_n
 .text.tu_fifo_write
                0x10005a0a       0x64 CMakeFiles/traffic_light.dir/home/angel/.pico-sdk/sdk/2.3.1/lib/tinyusb/src/common/tusb_fifo.c.o
                0x10005a0a                tu_fifo_write
 .text.tu_fifo_write_n
                0x10005a6e        0xa CMakeFiles/traffic_light.dir/home/angel/.pico-sdk/sdk/2.3.1/lib/tinyusb/src/common/tusb_fifo.c.o
                0x10005a6e                tu_fifo_write_n
 .text.tu_fifo_clear
                0x10005a78       0x36 CMakeFiles/traffic_light.dir/home/angel/.pico-sdk/sdk/2.3.1/lib/tinyusb/src/common/tusb_fifo.c.o
                0x10005a78                tu_fifo_clear
 .text.tu_fifo_set_overwritable
                0x10005aae       0x3a CMakeFiles/traffic_light.dir/home/angel/.pico-sdk/sdk/2.3.1/lib/tinyusb/src/common/tusb_fifo.c.o
                0x10005aae                tu_fifo_set_overwritable
 .text.memset   0x10005ae8       0x88 /home/angel/.pico-sdk/toolchain/15_2_Rel1/bin/../lib/gcc/arm-none-eabi/15.2.1/../../../../arm-none-eabi/lib/thumb/v8-m.main+fp/softfp/libg.a(libc_a-memset.o)
                0x10005ae8                memset
 .text          0x10005b70       0xec /home/angel/.pico-sdk/toolchain/15_2_Rel1/bin/../lib/gcc/arm-none-eabi/15.2.1/../../../../arm-none-eabi/lib/thumb/v8-m.main+fp/softfp/libg.a(libc_a-memcpy.o)
                0x10005b70                memcpy
 .text.strlen   0x10005c5c       0x5c /home/angel/.pico-sdk/toolchain/15_2_Rel1/bin/../lib/gcc/arm-none-eabi/15.2.1/../../../../arm-none-eabi/lib/thumb/v8-m.main+fp/softfp/libg.a(libc_a-strlen-stub.o)
                0x10005c5c                strlen
 .text.strlen.__stub
                0x10005cb8       0x58 linker stubs
 *(.fini)
 *crtbegin.o(.ctors)
 *crtbegin?.o(.ctors)
 *(EXCLUDE_FILE(*crtend.o *crtend?.o) .ctors)
 *(SORT_BY_NAME(.ctors.*))
 *(.ctors)
 *crtbegin.o(.dtors)
 *crtbegin?.o(.dtors)
 *(EXCLUDE_FILE(*crtend.o *crtend?.o) .dtors)
 *(SORT_BY_NAME(.dtors.*))
 *(.dtors)
                0x10005d10                        . = ALIGN (0x4)
                [!provide]                        PROVIDE (__bothinit_array_start = .)
                0x10005d10                        PROVIDE (__preinit_array_start = .)
 *(SORT_BY_NAME(.preinit_array.*))
 .preinit_array.00050
                0x10005d10        0x4 CMakeFiles/traffic_light.dir/home/angel/.pico-sdk/sdk/2.3.1/src/rp2_common/pico_runtime_init/runtime_init.c.o
                0x10005d10                __pre_init_runtime_init_bootrom_reset
 .preinit_array.00100
                0x10005d14        0x4 CMakeFiles/traffic_light.dir/home/angel/.pico-sdk/sdk/2.3.1/src/rp2_common/pico_runtime_init/runtime_init.c.o
                0x10005d14                __pre_init_runtime_init_early_resets
 .preinit_array.00101
                0x10005d18        0x4 CMakeFiles/traffic_light.dir/home/angel/.pico-sdk/sdk/2.3.1/src/rp2_common/pico_runtime_init/runtime_init.c.o
                0x10005d18                __pre_init_runtime_init_usb_power_down
 .preinit_array.00500
                0x10005d1c        0x4 CMakeFiles/traffic_light.dir/home/angel/.pico-sdk/sdk/2.3.1/src/rp2_common/pico_runtime_init/runtime_init.c.o
                0x10005d1c                __pre_init_runtime_init_clocks
 .preinit_array.00600
                0x10005d20        0x4 CMakeFiles/traffic_light.dir/home/angel/.pico-sdk/sdk/2.3.1/src/rp2_common/pico_runtime_init/runtime_init.c.o
                0x10005d20                __pre_init_runtime_init_post_clock_resets
 .preinit_array.01000
                0x10005d24        0x4 CMakeFiles/traffic_light.dir/home/angel/.pico-sdk/sdk/2.3.1/src/rp2_common/hardware_boot_lock/boot_lock.c.o
                0x10005d24                __pre_init_runtime_init_boot_locks_reset
 .preinit_array.01000
                0x10005d28        0x4 CMakeFiles/traffic_light.dir/home/angel/.pico-sdk/sdk/2.3.1/src/rp2_common/pico_runtime_init/runtime_init.c.o
                0x10005d28                __pre_init_runtime_init_spin_locks_reset
 .preinit_array.01010
                0x10005d2c        0x4 CMakeFiles/traffic_light.dir/home/angel/.pico-sdk/sdk/2.3.1/src/rp2_common/pico_bootrom/bootrom_lock.c.o
                0x10005d2c                __pre_init_runtime_init_bootrom_locking_enable
 .preinit_array.01100
                0x10005d30        0x4 CMakeFiles/traffic_light.dir/home/angel/.pico-sdk/sdk/2.3.1/src/common/pico_sync/mutex.c.o
                0x10005d30                __pre_init_runtime_init_mutex
 .preinit_array.10080
                0x10005d34        0x4 CMakeFiles/traffic_light.dir/home/angel/.pico-sdk/sdk/2.3.1/src/rp2_common/pico_runtime_init/runtime_init.c.o
                0x10005d34                __pre_init_runtime_init_install_ram_vector_table
 .preinit_array.11000
                0x10005d38        0x4 CMakeFiles/traffic_light.dir/home/angel/.pico-sdk/sdk/2.3.1/src/common/pico_time/time.c.o
                0x10005d38                __pre_init_runtime_init_default_alarm_pool
 .preinit_array.YYYYY
                0x10005d3c        0x4 CMakeFiles/traffic_light.dir/home/angel/.pico-sdk/sdk/2.3.1/src/rp2_common/pico_runtime/runtime.c.o
                0x10005d3c                __pre_init_first_per_core_initializer
 .preinit_array.ZZZZZ.00051
                0x10005d40        0x4 CMakeFiles/traffic_light.dir/home/angel/.pico-sdk/sdk/2.3.1/src/rp2_common/pico_runtime_init/runtime_init.c.o
                0x10005d40                __pre_init_runtime_init_per_core_bootrom_reset
 .preinit_array.ZZZZZ.00200
                0x10005d44        0x4 CMakeFiles/traffic_light.dir/home/angel/.pico-sdk/sdk/2.3.1/src/rp2_common/pico_runtime_init/runtime_init.c.o
                0x10005d44                __pre_init_runtime_init_per_core_enable_coprocessors
 .preinit_array.ZZZZZ.01000
                0x10005d48        0x4 CMakeFiles/traffic_light.dir/home/angel/.pico-sdk/sdk/2.3.1/src/rp2_common/hardware_sync_spin_lock/sync_spin_lock.c.o
                0x10005d48                __pre_init_spinlock_set_extexclall
 .preinit_array.ZZZZZ.01200
                0x10005d4c        0x4 CMakeFiles/traffic_light.dir/home/angel/.pico-sdk/sdk/2.3.1/src/rp2_common/hardware_irq/irq.c.o
                0x10005d4c                __pre_init_runtime_init_per_core_irq_priorities
 *(.preinit_array)
                0x10005d50                        PROVIDE (__preinit_array_end = .)
                0x10005d50                        . = ALIGN (0x4)
                0x10005d50                        PROVIDE (__init_array_start = .)
 *(SORT_BY_NAME(.init_array.*))
 .init_array.01000
                0x10005d50        0x4 CMakeFiles/traffic_light.dir/home/angel/.pico-sdk/sdk/2.3.1/src/rp2_common/pico_unique_id/unique_id.c.o
 *(.init_array)
                0x10005d54                        PROVIDE (__init_array_end = .)
                [!provide]                        PROVIDE (__bothinit_array_end = .)
                0x10005d54                        . = ALIGN (0x4)
                [!provide]                        PROVIDE (__fini_array_start = .)
 *(SORT_BY_NAME(.fini_array.*))
 *(.fini_array)
                [!provide]                        PROVIDE (__fini_array_end = .)
                [!provide]                        PROVIDE (__dso_handle = 0x0)
 *(.eh_frame*)
                0x10005d54                        . = ALIGN (0x4)

.glue_7         0x10005d54        0x0
 .glue_7        0x10005d54        0x0 linker stubs

.glue_7t        0x10005d54        0x0
 .glue_7t       0x10005d54        0x0 linker stubs

.vfp11_veneer   0x10005d54        0x0
 .vfp11_veneer  0x10005d54        0x0 linker stubs

.v4_bx          0x10005d54        0x0
 .v4_bx         0x10005d54        0x0 linker stubs

.iplt           0x10005d54        0x0
 .iplt          0x10005d54        0x0 CMakeFiles/traffic_light.dir/traffic_light.c.o

.boot2          0x10005d54        0x0
                0x10005d54                        __boot2_start__ = .
 *(.boot2)
                0x10005d54                        __boot2_end__ = .
                0x00000001                        ASSERT (((__boot2_end__ - __boot2_start__) <= 0x100), ERROR: Pico second stage bootloader must be no more than 256 bytes in size)

.rodata         0x10005d58      0xf78
 *(EXCLUDE_FILE(*libm.a: *libgcc.a:) .rodata*)
 .rodata.set_lights.str1.4
                0x10005d58      0xa5f CMakeFiles/traffic_light.dir/traffic_light.c.o
                                 0x39 (size before relaxing)
 .rodata.cars_go.str1.4
                0x100067b7        0x0 CMakeFiles/traffic_light.dir/traffic_light.c.o
                                 0x2e (size before relaxing)
 .rodata.cars_prepare_to_stop.str1.4
                0x100067b7        0x0 CMakeFiles/traffic_light.dir/traffic_light.c.o
                                 0x2e (size before relaxing)
 .rodata.pedestrians_go.str1.4
                0x100067b7        0x0 CMakeFiles/traffic_light.dir/traffic_light.c.o
                                 0x2f (size before relaxing)
 .rodata.pedestrians_hurry.str1.4
                0x100067b7        0x0 CMakeFiles/traffic_light.dir/traffic_light.c.o
                                 0x3b (size before relaxing)
 .rodata.crossing_sequence.str1.4
                0x100067b7        0x0 CMakeFiles/traffic_light.dir/traffic_light.c.o
                                 0x4b (size before relaxing)
 .rodata.main.str1.4
                0x100067b7        0x0 CMakeFiles/traffic_light.dir/traffic_light.c.o
                                 0xa0 (size before relaxing)
 .rodata.panic.str1.4
                0x100067b7        0x0 CMakeFiles/traffic_light.dir/home/angel/.pico-sdk/sdk/2.3.1/src/rp2_common/pico_platform_panic/panic.c.o
                                 0x11 (size before relaxing)
 .rodata.spin_lock_claim_unused.str1.4
                0x100067b7        0x0 CMakeFiles/traffic_light.dir/home/angel/.pico-sdk/sdk/2.3.1/src/rp2_common/hardware_sync/sync.c.o
                                 0x1b (size before relaxing)
 .rodata.resolve_j_16.str1.4
                0x100067b7        0x0 CMakeFiles/traffic_light.dir/home/angel/.pico-sdk/sdk/2.3.1/src/rp2_common/hardware_irq/irq.c.o
                                 0x5a (size before relaxing)
 .rodata.make_j_16.str1.4
                0x100067b7        0x0 CMakeFiles/traffic_light.dir/home/angel/.pico-sdk/sdk/2.3.1/src/rp2_common/hardware_irq/irq.c.o
                                 0x30 (size before relaxing)
 .rodata.irq_set_exclusive_handler.str1.4
                0x100067b7        0x0 CMakeFiles/traffic_light.dir/home/angel/.pico-sdk/sdk/2.3.1/src/rp2_common/hardware_irq/irq.c.o
                                 0x36 (size before relaxing)
 .rodata.irq_add_shared_handler.str1.4
                0x100067b7        0x0 CMakeFiles/traffic_light.dir/home/angel/.pico-sdk/sdk/2.3.1/src/rp2_common/hardware_irq/irq.c.o
                                 0xd2 (size before relaxing)
 .rodata.irq_add_tail_to_free_list.str1.4
                0x100067b7        0x0 CMakeFiles/traffic_light.dir/home/angel/.pico-sdk/sdk/2.3.1/src/rp2_common/hardware_irq/irq.c.o
                                 0x3a (size before relaxing)
 .rodata.user_irq_claim_unused.str1.4
                0x100067b7        0x0 CMakeFiles/traffic_light.dir/home/angel/.pico-sdk/sdk/2.3.1/src/rp2_common/hardware_irq/irq.c.o
                                 0x1b (size before relaxing)
 *fill*         0x100067b7        0x1 
 .rodata.__func__.0
                0x100067b8       0x1a CMakeFiles/traffic_light.dir/home/angel/.pico-sdk/sdk/2.3.1/src/rp2_common/hardware_irq/irq.c.o
 *fill*         0x100067d2        0x2 
 .rodata.__func__.3
                0x100067d4        0xa CMakeFiles/traffic_light.dir/home/angel/.pico-sdk/sdk/2.3.1/src/rp2_common/hardware_irq/irq.c.o
 *fill*         0x100067de        0x2 
 .rodata.__func__.4
                0x100067e0        0xd CMakeFiles/traffic_light.dir/home/angel/.pico-sdk/sdk/2.3.1/src/rp2_common/hardware_irq/irq.c.o
 *fill*         0x100067ed        0x3 
 .rodata.__func__.5
                0x100067f0       0x17 CMakeFiles/traffic_light.dir/home/angel/.pico-sdk/sdk/2.3.1/src/rp2_common/hardware_irq/irq.c.o
 *fill*         0x10006807        0x1 
 .rodata.__func__.6
                0x10006808       0x1a CMakeFiles/traffic_light.dir/home/angel/.pico-sdk/sdk/2.3.1/src/rp2_common/hardware_irq/irq.c.o
 .rodata.runtime_init_mutex.str1.4
                0x10006822        0x0 CMakeFiles/traffic_light.dir/home/angel/.pico-sdk/sdk/2.3.1/src/common/pico_sync/mutex.c.o
                                 0x5d (size before relaxing)
 .rodata.str1.4
                0x10006822        0x0 CMakeFiles/traffic_light.dir/home/angel/.pico-sdk/sdk/2.3.1/src/common/pico_sync/mutex.c.o
                                 0x51 (size before relaxing)
 *fill*         0x10006822        0x2 
 .rodata.__func__.1
                0x10006824        0xb CMakeFiles/traffic_light.dir/home/angel/.pico-sdk/sdk/2.3.1/src/common/pico_sync/mutex.c.o
 *fill*         0x1000682f        0x1 
 .rodata.__func__.3
                0x10006830       0x18 CMakeFiles/traffic_light.dir/home/angel/.pico-sdk/sdk/2.3.1/src/common/pico_sync/mutex.c.o
 .rodata.__func__.6
                0x10006848       0x13 CMakeFiles/traffic_light.dir/home/angel/.pico-sdk/sdk/2.3.1/src/common/pico_sync/mutex.c.o
 .rodata.alarm_pool_irq_handler.str1.4
                0x1000685b        0x0 CMakeFiles/traffic_light.dir/home/angel/.pico-sdk/sdk/2.3.1/src/common/pico_time/time.c.o
                                 0x68 (size before relaxing)
 .rodata.alarm_pool_get_default.str1.4
                0x1000685b        0x0 CMakeFiles/traffic_light.dir/home/angel/.pico-sdk/sdk/2.3.1/src/common/pico_time/time.c.o
                                 0x21 (size before relaxing)
 .rodata.sleep_until.str1.4
                0x1000685b        0x0 CMakeFiles/traffic_light.dir/home/angel/.pico-sdk/sdk/2.3.1/src/common/pico_time/time.c.o
                                 0x4d (size before relaxing)
 *fill*         0x1000685b        0x1 
 .rodata.__func__.1
                0x1000685c       0x17 CMakeFiles/traffic_light.dir/home/angel/.pico-sdk/sdk/2.3.1/src/common/pico_time/time.c.o
 *fill*         0x10006873        0x1 
 .rodata.__func__.2
                0x10006874       0x17 CMakeFiles/traffic_light.dir/home/angel/.pico-sdk/sdk/2.3.1/src/common/pico_time/time.c.o
 .rodata.timer_hardware_alarm_claim.str1.4
                0x1000688b        0x0 CMakeFiles/traffic_light.dir/home/angel/.pico-sdk/sdk/2.3.1/src/rp2_common/hardware_timer/timer.c.o
                                 0x22 (size before relaxing)
 .rodata.pll_init.str1.4
                0x1000688b        0x0 CMakeFiles/traffic_light.dir/home/angel/.pico-sdk/sdk/2.3.1/src/rp2_common/hardware_pll/pll.c.o
                                0x118 (size before relaxing)
 *fill*         0x1000688b        0x1 
 .rodata.__func__.0
                0x1000688c        0x9 CMakeFiles/traffic_light.dir/home/angel/.pico-sdk/sdk/2.3.1/src/rp2_common/hardware_pll/pll.c.o
 .rodata.str1.4
                0x10006895        0x0 CMakeFiles/traffic_light.dir/home/angel/.pico-sdk/sdk/2.3.1/src/rp2_common/pico_standard_binary_info/standard_binary_info.c.o
                                 0x48 (size before relaxing)
 *fill*         0x10006895        0x3 
 .rodata.__bi_84
                0x10006898        0xc CMakeFiles/traffic_light.dir/home/angel/.pico-sdk/sdk/2.3.1/src/rp2_common/pico_standard_binary_info/standard_binary_info.c.o
 .rodata.__bi_78
                0x100068a4        0xc CMakeFiles/traffic_light.dir/home/angel/.pico-sdk/sdk/2.3.1/src/rp2_common/pico_standard_binary_info/standard_binary_info.c.o
 .rodata.__bi_60
                0x100068b0        0xc CMakeFiles/traffic_light.dir/home/angel/.pico-sdk/sdk/2.3.1/src/rp2_common/pico_standard_binary_info/standard_binary_info.c.o
 .rodata.__bi_54
                0x100068bc        0xc CMakeFiles/traffic_light.dir/home/angel/.pico-sdk/sdk/2.3.1/src/rp2_common/pico_standard_binary_info/standard_binary_info.c.o
 .rodata.__bi_48
                0x100068c8        0xc CMakeFiles/traffic_light.dir/home/angel/.pico-sdk/sdk/2.3.1/src/rp2_common/pico_standard_binary_info/standard_binary_info.c.o
 .rodata.__bi_42
                0x100068d4        0xc CMakeFiles/traffic_light.dir/home/angel/.pico-sdk/sdk/2.3.1/src/rp2_common/pico_standard_binary_info/standard_binary_info.c.o
 .rodata.__bi_34
                0x100068e0        0xc CMakeFiles/traffic_light.dir/home/angel/.pico-sdk/sdk/2.3.1/src/rp2_common/pico_standard_binary_info/standard_binary_info.c.o
 .rodata.__bi_26
                0x100068ec        0xc CMakeFiles/traffic_light.dir/home/angel/.pico-sdk/sdk/2.3.1/src/rp2_common/pico_standard_binary_info/standard_binary_info.c.o
 .rodata._ftoa.str1.4
                0x100068f8        0x0 CMakeFiles/traffic_light.dir/home/angel/.pico-sdk/sdk/2.3.1/src/rp2_common/pico_printf/printf.c.o
                                 0x15 (size before relaxing)
 .rodata.pow10.0
                0x100068f8       0x50 CMakeFiles/traffic_light.dir/home/angel/.pico-sdk/sdk/2.3.1/src/rp2_common/pico_printf/printf.c.o
 .rodata.__assert_func.str1.4
                0x10006948        0x0 CMakeFiles/traffic_light.dir/home/angel/.pico-sdk/sdk/2.3.1/src/rp2_common/pico_clib_interface/newlib_interface.c.o
                                 0x43 (size before relaxing)
 .rodata.crlf_str.0
                0x10006948        0x2 CMakeFiles/traffic_light.dir/home/angel/.pico-sdk/sdk/2.3.1/src/rp2_common/pico_stdio/stdio.c.o
 .rodata.stdio_usb_init.str1.4
                0x1000694a        0x0 CMakeFiles/traffic_light.dir/home/angel/.pico-sdk/sdk/2.3.1/src/rp2_common/pico_stdio_usb/stdio_usb.c.o
                                 0x52 (size before relaxing)
 .rodata.str1.4
                0x1000694a        0x0 CMakeFiles/traffic_light.dir/home/angel/.pico-sdk/sdk/2.3.1/src/rp2_common/pico_stdio_usb/stdio_usb.c.o
                                 0x13 (size before relaxing)
 *fill*         0x1000694a        0x2 
 .rodata.__bi_204.1
                0x1000694c        0xc CMakeFiles/traffic_light.dir/home/angel/.pico-sdk/sdk/2.3.1/src/rp2_common/pico_stdio_usb/stdio_usb.c.o
 .rodata.__func__.2
                0x10006958        0xf CMakeFiles/traffic_light.dir/home/angel/.pico-sdk/sdk/2.3.1/src/rp2_common/pico_stdio_usb/stdio_usb.c.o
 .rodata.str1.4
                0x10006967        0x0 CMakeFiles/traffic_light.dir/home/angel/.pico-sdk/sdk/2.3.1/src/rp2_common/pico_stdio_usb/stdio_usb_descriptors.c.o
                                 0x2a (size before relaxing)
 *fill*         0x10006967        0x1 
 .rodata.usbd_desc_str
                0x10006968       0x18 CMakeFiles/traffic_light.dir/home/angel/.pico-sdk/sdk/2.3.1/src/rp2_common/pico_stdio_usb/stdio_usb_descriptors.c.o
 .rodata.usbd_desc_cfg
                0x10006980       0x54 CMakeFiles/traffic_light.dir/home/angel/.pico-sdk/sdk/2.3.1/src/rp2_common/pico_stdio_usb/stdio_usb_descriptors.c.o
 .rodata.usbd_desc_device
                0x100069d4       0x12 CMakeFiles/traffic_light.dir/home/angel/.pico-sdk/sdk/2.3.1/src/rp2_common/pico_stdio_usb/stdio_usb_descriptors.c.o
 .rodata._retrieve_unique_id_on_boot.str1.4
                0x100069e6        0x0 CMakeFiles/traffic_light.dir/home/angel/.pico-sdk/sdk/2.3.1/src/rp2_common/pico_unique_id/unique_id.c.o
                                 0x52 (size before relaxing)
 .rodata.pico_get_unique_board_id_string.str1.4
                0x100069e6        0x0 CMakeFiles/traffic_light.dir/home/angel/.pico-sdk/sdk/2.3.1/src/rp2_common/pico_unique_id/unique_id.c.o
                                  0x8 (size before relaxing)
 *fill*         0x100069e6        0x2 
 .rodata.__func__.0
                0x100069e8       0x20 CMakeFiles/traffic_light.dir/home/angel/.pico-sdk/sdk/2.3.1/src/rp2_common/pico_unique_id/unique_id.c.o
 .rodata.__func__.1
                0x10006a08       0x1c CMakeFiles/traffic_light.dir/home/angel/.pico-sdk/sdk/2.3.1/src/rp2_common/pico_unique_id/unique_id.c.o
 .rodata.desc_ms_os_20
                0x10006a24       0xa6 CMakeFiles/traffic_light.dir/home/angel/.pico-sdk/sdk/2.3.1/src/rp2_common/pico_usb_reset/usb_reset.c.o
 *fill*         0x10006aca        0x2 
 .rodata.desc_bos
                0x10006acc       0x21 CMakeFiles/traffic_light.dir/home/angel/.pico-sdk/sdk/2.3.1/src/rp2_common/pico_usb_reset/usb_reset.c.o
                0x10006acc                desc_bos
 *fill*         0x10006aed        0x3 
 .rodata.usb_reset_interface_driver
                0x10006af0       0x20 CMakeFiles/traffic_light.dir/home/angel/.pico-sdk/sdk/2.3.1/src/rp2_common/pico_usb_reset/usb_reset.c.o
 .rodata.hw_endpoint_alloc.str1.4
                0x10006b10        0x0 CMakeFiles/traffic_light.dir/home/angel/.pico-sdk/sdk/2.3.1/lib/tinyusb/src/portable/raspberrypi/rp2040/dcd_rp2040.c.o
                                 0x9d (size before relaxing)
 .rodata.str1.4
                0x10006b10        0x0 CMakeFiles/traffic_light.dir/home/angel/.pico-sdk/sdk/2.3.1/lib/tinyusb/src/portable/raspberrypi/rp2040/dcd_rp2040.c.o
                                 0x14 (size before relaxing)
 .rodata.dcd_int_enable.str1.4
                0x10006b10        0x0 CMakeFiles/traffic_light.dir/home/angel/.pico-sdk/sdk/2.3.1/lib/tinyusb/src/portable/raspberrypi/rp2040/dcd_rp2040.c.o
                                  0xc (size before relaxing)
 .rodata.__func__.0
                0x10006b10        0xe CMakeFiles/traffic_light.dir/home/angel/.pico-sdk/sdk/2.3.1/lib/tinyusb/src/portable/raspberrypi/rp2040/dcd_rp2040.c.o
 *fill*         0x10006b1e        0x2 
 .rodata.__func__.3
                0x10006b20       0x10 CMakeFiles/traffic_light.dir/home/angel/.pico-sdk/sdk/2.3.1/lib/tinyusb/src/portable/raspberrypi/rp2040/dcd_rp2040.c.o
 .rodata.__func__.5
                0x10006b30        0xf CMakeFiles/traffic_light.dir/home/angel/.pico-sdk/sdk/2.3.1/lib/tinyusb/src/portable/raspberrypi/rp2040/dcd_rp2040.c.o
 *fill*         0x10006b3f        0x1 
 .rodata.__func__.6
                0x10006b40       0x12 CMakeFiles/traffic_light.dir/home/angel/.pico-sdk/sdk/2.3.1/lib/tinyusb/src/portable/raspberrypi/rp2040/dcd_rp2040.c.o
 *fill*         0x10006b52        0x2 
 .rodata.__func__.7
                0x10006b54        0x9 CMakeFiles/traffic_light.dir/home/angel/.pico-sdk/sdk/2.3.1/lib/tinyusb/src/portable/raspberrypi/rp2040/dcd_rp2040.c.o
 .rodata.str1.4
                0x10006b5d        0x0 CMakeFiles/traffic_light.dir/home/angel/.pico-sdk/sdk/2.3.1/lib/tinyusb/src/portable/raspberrypi/rp2040/rp2040_usb.c.o
                                 0xe4 (size before relaxing)
 .rodata.hw_endpoint_xfer_start.str1.4
                0x10006b5d        0x0 CMakeFiles/traffic_light.dir/home/angel/.pico-sdk/sdk/2.3.1/lib/tinyusb/src/portable/raspberrypi/rp2040/rp2040_usb.c.o
                                 0x38 (size before relaxing)
 *fill*         0x10006b5d        0x3 
 .rodata.__func__.0
                0x10006b60        0xf CMakeFiles/traffic_light.dir/home/angel/.pico-sdk/sdk/2.3.1/lib/tinyusb/src/portable/raspberrypi/rp2040/rp2040_usb.c.o
 .rodata.configuration_reset.str1.4
                0x10006b6f        0x0 CMakeFiles/traffic_light.dir/home/angel/.pico-sdk/sdk/2.3.1/lib/tinyusb/src/device/usbd.c.o
                                 0x17 (size before relaxing)
 *fill*         0x10006b6f        0x1 
 .rodata.__func__.3
                0x10006b70        0xf CMakeFiles/traffic_light.dir/home/angel/.pico-sdk/sdk/2.3.1/lib/tinyusb/src/device/usbd.c.o
 *fill*         0x10006b7f        0x1 
 .rodata.__func__.4
                0x10006b80        0xf CMakeFiles/traffic_light.dir/home/angel/.pico-sdk/sdk/2.3.1/lib/tinyusb/src/device/usbd.c.o
 *fill*         0x10006b8f        0x1 
 .rodata.__func__.5
                0x10006b90       0x14 CMakeFiles/traffic_light.dir/home/angel/.pico-sdk/sdk/2.3.1/lib/tinyusb/src/device/usbd.c.o
 .rodata.__func__.6
                0x10006ba4        0xc CMakeFiles/traffic_light.dir/home/angel/.pico-sdk/sdk/2.3.1/lib/tinyusb/src/device/usbd.c.o
 .rodata.__func__.7
                0x10006bb0       0x17 CMakeFiles/traffic_light.dir/home/angel/.pico-sdk/sdk/2.3.1/lib/tinyusb/src/device/usbd.c.o
 *fill*         0x10006bc7        0x1 
 .rodata.__func__.8
                0x10006bc8       0x13 CMakeFiles/traffic_light.dir/home/angel/.pico-sdk/sdk/2.3.1/lib/tinyusb/src/device/usbd.c.o
 *fill*         0x10006bdb        0x1 
 .rodata.__func__.9
                0x10006bdc       0x18 CMakeFiles/traffic_light.dir/home/angel/.pico-sdk/sdk/2.3.1/lib/tinyusb/src/device/usbd.c.o
 .rodata.__func__.10
                0x10006bf4       0x14 CMakeFiles/traffic_light.dir/home/angel/.pico-sdk/sdk/2.3.1/lib/tinyusb/src/device/usbd.c.o
 .rodata.__func__.11
                0x10006c08        0xd CMakeFiles/traffic_light.dir/home/angel/.pico-sdk/sdk/2.3.1/lib/tinyusb/src/device/usbd.c.o
 *fill*         0x10006c15        0x3 
 .rodata.__func__.12