Archive member included to satisfy reference by file (symbol)

/home/angel/.pico-sdk/toolchain/15_2_Rel1/bin/../lib/gcc/arm-none-eabi/15.2.1/thumb/v8-m.main+fp/softfp/libgcc.a(_arm_addsubdf3.o)
                              CMakeFiles/button_read.dir/home/angel/.pico-sdk/sdk/2.3.1/src/rp2_common/pico_float/float_math.c.o (__aeabi_f2d)
/home/angel/.pico-sdk/toolchain/15_2_Rel1/bin/../lib/gcc/arm-none-eabi/15.2.1/thumb/v8-m.main+fp/softfp/libgcc.a(_aeabi_ldivmod.o)
                              CMakeFiles/button_read.dir/home/angel/.pico-sdk/sdk/2.3.1/src/common/pico_time/time.c.o (__aeabi_ldivmod)
/home/angel/.pico-sdk/toolchain/15_2_Rel1/bin/../lib/gcc/arm-none-eabi/15.2.1/thumb/v8-m.main+fp/softfp/libgcc.a(_aeabi_uldivmod.o)
                              CMakeFiles/button_read.dir/home/angel/.pico-sdk/sdk/2.3.1/src/rp2_common/hardware_clocks/clocks.c.o (__aeabi_uldivmod)
/home/angel/.pico-sdk/toolchain/15_2_Rel1/bin/../lib/gcc/arm-none-eabi/15.2.1/thumb/v8-m.main+fp/softfp/libgcc.a(_udivmoddi4.o)
                              /home/angel/.pico-sdk/toolchain/15_2_Rel1/bin/../lib/gcc/arm-none-eabi/15.2.1/thumb/v8-m.main+fp/softfp/libgcc.a(_aeabi_ldivmod.o) (__udivmoddi4)
/home/angel/.pico-sdk/toolchain/15_2_Rel1/bin/../lib/gcc/arm-none-eabi/15.2.1/thumb/v8-m.main+fp/softfp/libgcc.a(_dvmd_tls.o)
                              /home/angel/.pico-sdk/toolchain/15_2_Rel1/bin/../lib/gcc/arm-none-eabi/15.2.1/thumb/v8-m.main+fp/softfp/libgcc.a(_aeabi_ldivmod.o) (__aeabi_ldiv0)
/home/angel/.pico-sdk/toolchain/15_2_Rel1/bin/../lib/gcc/arm-none-eabi/15.2.1/../../../../arm-none-eabi/lib/thumb/v8-m.main+fp/softfp/libg.a(libc_a-calloc.o)
                              CMakeFiles/button_read.dir/home/angel/.pico-sdk/sdk/2.3.1/src/rp2_common/pico_malloc/malloc.c.o (calloc)
/home/angel/.pico-sdk/toolchain/15_2_Rel1/bin/../lib/gcc/arm-none-eabi/15.2.1/../../../../arm-none-eabi/lib/thumb/v8-m.main+fp/softfp/libg.a(libc_a-callocr.o)
                              /home/angel/.pico-sdk/toolchain/15_2_Rel1/bin/../lib/gcc/arm-none-eabi/15.2.1/../../../../arm-none-eabi/lib/thumb/v8-m.main+fp/softfp/libg.a(libc_a-calloc.o) (_calloc_r)
/home/angel/.pico-sdk/toolchain/15_2_Rel1/bin/../lib/gcc/arm-none-eabi/15.2.1/../../../../arm-none-eabi/lib/thumb/v8-m.main+fp/softfp/libg.a(libc_a-malloc.o)
                              CMakeFiles/button_read.dir/home/angel/.pico-sdk/sdk/2.3.1/src/rp2_common/pico_malloc/malloc.c.o (malloc)
/home/angel/.pico-sdk/toolchain/15_2_Rel1/bin/../lib/gcc/arm-none-eabi/15.2.1/../../../../arm-none-eabi/lib/thumb/v8-m.main+fp/softfp/libg.a(libc_a-mallocr.o)
                              /home/angel/.pico-sdk/toolchain/15_2_Rel1/bin/../lib/gcc/arm-none-eabi/15.2.1/../../../../arm-none-eabi/lib/thumb/v8-m.main+fp/softfp/libg.a(libc_a-callocr.o) (_malloc_r)
/home/angel/.pico-sdk/toolchain/15_2_Rel1/bin/../lib/gcc/arm-none-eabi/15.2.1/../../../../arm-none-eabi/lib/thumb/v8-m.main+fp/softfp/libg.a(libc_a-mlock.o)
                              /home/angel/.pico-sdk/toolchain/15_2_Rel1/bin/../lib/gcc/arm-none-eabi/15.2.1/../../../../arm-none-eabi/lib/thumb/v8-m.main+fp/softfp/libg.a(libc_a-mallocr.o) (__malloc_lock)
/home/angel/.pico-sdk/toolchain/15_2_Rel1/bin/../lib/gcc/arm-none-eabi/15.2.1/../../../../arm-none-eabi/lib/thumb/v8-m.main+fp/softfp/libg.a(libc_a-realloc.o)
                              CMakeFiles/button_read.dir/home/angel/.pico-sdk/sdk/2.3.1/src/rp2_common/pico_malloc/malloc.c.o (realloc)
/home/angel/.pico-sdk/toolchain/15_2_Rel1/bin/../lib/gcc/arm-none-eabi/15.2.1/../../../../arm-none-eabi/lib/thumb/v8-m.main+fp/softfp/libg.a(libc_a-reallocr.o)
                              /home/angel/.pico-sdk/toolchain/15_2_Rel1/bin/../lib/gcc/arm-none-eabi/15.2.1/../../../../arm-none-eabi/lib/thumb/v8-m.main+fp/softfp/libg.a(libc_a-realloc.o) (_realloc_r)
/home/angel/.pico-sdk/toolchain/15_2_Rel1/bin/../lib/gcc/arm-none-eabi/15.2.1/../../../../arm-none-eabi/lib/thumb/v8-m.main+fp/softfp/libg.a(libc_a-ctype_.o)
                              CMakeFiles/button_read.dir/home/angel/.pico-sdk/sdk/2.3.1/lib/tinyusb/src/tusb.c.o (_ctype_)
/home/angel/.pico-sdk/toolchain/15_2_Rel1/bin/../lib/gcc/arm-none-eabi/15.2.1/../../../../arm-none-eabi/lib/thumb/v8-m.main+fp/softfp/libg.a(libc_a-memcmp.o)
                              CMakeFiles/button_read.dir/home/angel/.pico-sdk/sdk/2.3.1/src/rp2_common/pico_atomic/atomic.c.o (memcmp)
/home/angel/.pico-sdk/toolchain/15_2_Rel1/bin/../lib/gcc/arm-none-eabi/15.2.1/../../../../arm-none-eabi/lib/thumb/v8-m.main+fp/softfp/libg.a(libc_a-memmove.o)
                              /home/angel/.pico-sdk/toolchain/15_2_Rel1/bin/../lib/gcc/arm-none-eabi/15.2.1/../../../../arm-none-eabi/lib/thumb/v8-m.main+fp/softfp/libg.a(libc_a-reallocr.o) (memmove)
/home/angel/.pico-sdk/toolchain/15_2_Rel1/bin/../lib/gcc/arm-none-eabi/15.2.1/../../../../arm-none-eabi/lib/thumb/v8-m.main+fp/softfp/libg.a(libc_a-memset.o)
[...]
Memory Configuration

Name             Origin             Length             Attributes
FLASH            0x10000000         0x00400000         xr
PSRAM            0x11000000         0x00000000         xrw
XIP_RAM          0x13ffc000         0x00004000         xrw
RAM              0x20000000         0x00080000         xrw
SCRATCH_X        0x20080000         0x00001000         xrw
SCRATCH_Y        0x20081000         0x00001000         xrw
*default*        0x00000000         0xffffffff

Linker script and memory map

                0x20000000                        RAM_ORIGIN_DEFAULT = 0x20000000
                0x00080000                        RAM_LENGTH_DEFAULT = 0x80000
                0x20080000                        SCRATCH_X_ORIGIN_DEFAULT = 0x20080000
                0x00001000                        SCRATCH_X_LENGTH_DEFAULT = 0x1000
                0x20081000                        SCRATCH_Y_ORIGIN_DEFAULT = 0x20081000
                0x00001000                        SCRATCH_Y_LENGTH_DEFAULT = 0x1000
                0x13ffc000                        XIP_RAM_ORIGIN_DEFAULT = 0x13ffc000
                0x00004000                        XIP_RAM_LENGTH_DEFAULT = 0x4000
LOAD CMakeFiles/button_read.dir/button_read.c.o
LOAD CMakeFiles/button_read.dir/home/angel/.pico-sdk/sdk/2.3.1/src/rp2_common/pico_stdlib/stdlib.c.o
LOAD CMakeFiles/button_read.dir/home/angel/.pico-sdk/sdk/2.3.1/src/rp2_common/hardware_gpio/gpio.c.o
LOAD CMakeFiles/button_read.dir/home/angel/.pico-sdk/sdk/2.3.1/src/rp2350/pico_platform/platform.c.o
LOAD CMakeFiles/button_read.dir/home/angel/.pico-sdk/sdk/2.3.1/src/rp2_common/pico_platform_common/common.c.o
LOAD CMakeFiles/button_read.dir/home/angel/.pico-sdk/sdk/2.3.1/src/rp2_common/pico_platform_panic/panic.c.o
LOAD CMakeFiles/button_read.dir/home/angel/.pico-sdk/sdk/2.3.1/src/rp2_common/pico_platform_panic/custom_panic_function.S.o
LOAD CMakeFiles/button_read.dir/home/angel/.pico-sdk/sdk/2.3.1/src/common/hardware_claim/claim.c.o
LOAD CMakeFiles/button_read.dir/home/angel/.pico-sdk/sdk/2.3.1/src/rp2_common/hardware_sync/sync.c.o
LOAD CMakeFiles/button_read.dir/home/angel/.pico-sdk/sdk/2.3.1/src/rp2_common/hardware_sync_spin_lock/sync_spin_lock.c.o
LOAD CMakeFiles/button_read.dir/home/angel/.pico-sdk/sdk/2.3.1/src/rp2_common/hardware_irq/irq.c.o
LOAD CMakeFiles/button_read.dir/home/angel/.pico-sdk/sdk/2.3.1/src/rp2_common/hardware_irq/irq_handler_chain.S.o
LOAD CMakeFiles/button_read.dir/home/angel/.pico-sdk/sdk/2.3.1/src/common/pico_sync/sem.c.o
LOAD CMakeFiles/button_read.dir/home/angel/.pico-sdk/sdk/2.3.1/src/common/pico_sync/lock_core.c.o
LOAD CMakeFiles/button_read.dir/home/angel/.pico-sdk/sdk/2.3.1/src/common/pico_sync/mutex.c.o
LOAD CMakeFiles/button_read.dir/home/angel/.pico-sdk/sdk/2.3.1/src/common/pico_sync/critical_section.c.o
LOAD CMakeFiles/button_read.dir/home/angel/.pico-sdk/sdk/2.3.1/src/common/pico_time/time.c.o
LOAD CMakeFiles/button_read.dir/home/angel/.pico-sdk/sdk/2.3.1/src/common/pico_time/timeout_helper.c.o
LOAD CMakeFiles/button_read.dir/home/angel/.pico-sdk/sdk/2.3.1/src/rp2_common/hardware_timer/timer.c.o
LOAD CMakeFiles/button_read.dir/home/angel/.pico-sdk/sdk/2.3.1/src/common/pico_util/datetime.c.o
LOAD CMakeFiles/button_read.dir/home/angel/.pico-sdk/sdk/2.3.1/src/common/pico_util/fixed_bitset.c.o
LOAD CMakeFiles/button_read.dir/home/angel/.pico-sdk/sdk/2.3.1/src/common/pico_util/pheap.c.o
LOAD CMakeFiles/button_read.dir/home/angel/.pico-sdk/sdk/2.3.1/src/common/pico_util/queue.c.o
LOAD CMakeFiles/button_read.dir/home/angel/.pico-sdk/sdk/2.3.1/src/rp2_common/hardware_uart/uart.c.o
LOAD CMakeFiles/button_read.dir/home/angel/.pico-sdk/sdk/2.3.1/src/rp2_common/hardware_clocks/clocks.c.o
LOAD CMakeFiles/button_read.dir/home/angel/.pico-sdk/sdk/2.3.1/src/rp2_common/hardware_pll/pll.c.o
LOAD CMakeFiles/button_read.dir/home/angel/.pico-sdk/sdk/2.3.1/src/rp2_common/hardware_vreg/vreg.c.o
LOAD CMakeFiles/button_read.dir/home/angel/.pico-sdk/sdk/2.3.1/src/rp2_common/hardware_watchdog/watchdog.c.o
LOAD CMakeFiles/button_read.dir/home/angel/.pico-sdk/sdk/2.3.1/src/rp2_common/hardware_ticks/ticks.c.o
LOAD CMakeFiles/button_read.dir/home/angel/.pico-sdk/sdk/2.3.1/src/rp2_common/pico_bootrom/bootrom.c.o
LOAD CMakeFiles/button_read.dir/home/angel/.pico-sdk/sdk/2.3.1/src/rp2_common/pico_bootrom/bootrom_lock.c.o
LOAD CMakeFiles/button_read.dir/home/angel/.pico-sdk/sdk/2.3.1/src/rp2_common/hardware_boot_lock/boot_lock.c.o
LOAD CMakeFiles/button_read.dir/home/angel/.pico-sdk/sdk/2.3.1/src/rp2_common/pico_flash/flash.c.o
LOAD CMakeFiles/button_read.dir/home/angel/.pico-sdk/sdk/2.3.1/src/rp2_common/hardware_xosc/xosc.c.o
LOAD CMakeFiles/button_read.dir/home/angel/.pico-sdk/sdk/2.3.1/src/rp2_common/hardware_divider/divider.c.o
LOAD CMakeFiles/button_read.dir/home/angel/.pico-sdk/sdk/2.3.1/src/rp2_common/pico_runtime/runtime.c.o
LOAD CMakeFiles/button_read.dir/home/angel/.pico-sdk/sdk/2.3.1/src/rp2_common/pico_runtime_init/runtime_init.c.o
LOAD CMakeFiles/button_read.dir/home/angel/.pico-sdk/sdk/2.3.1/src/rp2_common/pico_runtime_init/runtime_init_clocks.c.o
LOAD CMakeFiles/button_read.dir/home/angel/.pico-sdk/sdk/2.3.1/src/rp2_common/pico_runtime_init/runtime_init_stack_guard.c.o
LOAD CMakeFiles/button_read.dir/home/angel/.pico-sdk/sdk/2.3.1/src/rp2_common/pico_bit_ops/bit_ops_aeabi.S.o
LOAD CMakeFiles/button_read.dir/home/angel/.pico-sdk/sdk/2.3.1/src/rp2_common/pico_divider/divider_compiler.c.o
LOAD CMakeFiles/button_read.dir/home/angel/.pico-sdk/sdk/2.3.1/src/rp2_common/pico_double/double_math.c.o
LOAD CMakeFiles/button_read.dir/home/angel/.pico-sdk/sdk/2.3.1/src/rp2_common/pico_double/double_aeabi_dcp.S.o
LOAD CMakeFiles/button_read.dir/home/angel/.pico-sdk/sdk/2.3.1/src/rp2_common/pico_double/double_fma_dcp.S.o
LOAD CMakeFiles/button_read.dir/home/angel/.pico-sdk/sdk/2.3.1/src/rp2_common/pico_double/double_sci_m33.S.o
LOAD CMakeFiles/button_read.dir/home/angel/.pico-sdk/sdk/2.3.1/src/rp2_common/pico_double/double_conv_m33.S.o
LOAD CMakeFiles/button_read.dir/home/angel/.pico-sdk/sdk/2.3.1/src/rp2_common/pico_float/float_math.c.o
LOAD CMakeFiles/button_read.dir/home/angel/.pico-sdk/sdk/2.3.1/src/rp2_common/pico_float/float_conv32_vfp.S.o
LOAD CMakeFiles/button_read.dir/home/angel/.pico-sdk/sdk/2.3.1/src/rp2_common/pico_float/float_common_m33.S.o
LOAD CMakeFiles/button_read.dir/home/angel/.pico-sdk/sdk/2.3.1/src/rp2_common/pico_float/float_sci_m33_vfp.S.o
LOAD CMakeFiles/button_read.dir/home/angel/.pico-sdk/sdk/2.3.1/src/rp2_common/pico_malloc/malloc.c.o
LOAD CMakeFiles/button_read.dir/home/angel/.pico-sdk/sdk/2.3.1/src/rp2_common/pico_atomic/atomic.c.o
LOAD CMakeFiles/button_read.dir/home/angel/.pico-sdk/sdk/2.3.1/src/rp2_common/pico_cxx_options/new_delete.cpp.o
LOAD CMakeFiles/button_read.dir/home/angel/.pico-sdk/sdk/2.3.1/src/rp2_common/pico_standard_binary_info/standard_binary_info.c.o
LOAD CMakeFiles/button_read.dir/home/angel/.pico-sdk/sdk/2.3.1/src/rp2_common/pico_printf/printf.c.o
LOAD CMakeFiles/button_read.dir/home/angel/.pico-sdk/sdk/2.3.1/src/rp2_common/pico_crt0/crt0.S.o
LOAD CMakeFiles/button_read.dir/home/angel/.pico-sdk/sdk/2.3.1/src/rp2_common/pico_clib_interface/newlib_interface.c.o
LOAD CMakeFiles/button_read.dir/home/angel/.pico-sdk/sdk/2.3.1/src/rp2_common/pico_clib_interface/cxa_guard.c.o
LOAD CMakeFiles/button_read.dir/home/angel/.pico-sdk/sdk/2.3.1/src/rp2_common/pico_stdio/stdio.c.o
LOAD CMakeFiles/button_read.dir/home/angel/.pico-sdk/sdk/2.3.1/src/rp2_common/pico_stdio_usb/stdio_usb.c.o
LOAD CMakeFiles/button_read.dir/home/angel/.pico-sdk/sdk/2.3.1/src/rp2_common/pico_stdio_usb/stdio_usb_descriptors.c.o
LOAD CMakeFiles/button_read.dir/home/angel/.pico-sdk/sdk/2.3.1/src/rp2_common/pico_unique_id/unique_id.c.o
LOAD CMakeFiles/button_read.dir/home/angel/.pico-sdk/sdk/2.3.1/src/rp2_common/hardware_flash/flash.c.o
LOAD CMakeFiles/button_read.dir/home/angel/.pico-sdk/sdk/2.3.1/src/rp2_common/hardware_xip_cache/xip_cache.c.o
LOAD CMakeFiles/button_read.dir/home/angel/.pico-sdk/sdk/2.3.1/src/rp2_common/pico_usb_reset/usb_reset.c.o
LOAD CMakeFiles/button_read.dir/home/angel/.pico-sdk/sdk/2.3.1/lib/tinyusb/src/portable/raspberrypi/rp2040/dcd_rp2040.c.o
LOAD CMakeFiles/button_read.dir/home/angel/.pico-sdk/sdk/2.3.1/lib/tinyusb/src/portable/raspberrypi/rp2040/rp2040_usb.c.o
LOAD CMakeFiles/button_read.dir/home/angel/.pico-sdk/sdk/2.3.1/lib/tinyusb/src/device/usbd.c.o
LOAD CMakeFiles/button_read.dir/home/angel/.pico-sdk/sdk/2.3.1/lib/tinyusb/src/device/usbd_control.c.o
LOAD CMakeFiles/button_read.dir/home/angel/.pico-sdk/sdk/2.3.1/lib/tinyusb/src/class/audio/audio_device.c.o
LOAD CMakeFiles/button_read.dir/home/angel/.pico-sdk/sdk/2.3.1/lib/tinyusb/src/class/cdc/cdc_device.c.o
LOAD CMakeFiles/button_read.dir/home/angel/.pico-sdk/sdk/2.3.1/lib/tinyusb/src/class/dfu/dfu_device.c.o
LOAD CMakeFiles/button_read.dir/home/angel/.pico-sdk/sdk/2.3.1/lib/tinyusb/src/class/dfu/dfu_rt_device.c.o
LOAD CMakeFiles/button_read.dir/home/angel/.pico-sdk/sdk/2.3.1/lib/tinyusb/src/class/hid/hid_device.c.o
LOAD CMakeFiles/button_read.dir/home/angel/.pico-sdk/sdk/2.3.1/lib/tinyusb/src/class/midi/midi_device.c.o
LOAD CMakeFiles/button_read.dir/home/angel/.pico-sdk/sdk/2.3.1/lib/tinyusb/src/class/msc/msc_device.c.o
LOAD CMakeFiles/button_read.dir/home/angel/.pico-sdk/sdk/2.3.1/lib/tinyusb/src/class/net/ecm_rndis_device.c.o
LOAD CMakeFiles/button_read.dir/home/angel/.pico-sdk/sdk/2.3.1/lib/tinyusb/src/class/net/ncm_device.c.o
LOAD CMakeFiles/button_read.dir/home/angel/.pico-sdk/sdk/2.3.1/lib/tinyusb/src/class/usbtmc/usbtmc_device.c.o
LOAD CMakeFiles/button_read.dir/home/angel/.pico-sdk/sdk/2.3.1/lib/tinyusb/src/class/vendor/vendor_device.c.o
LOAD CMakeFiles/button_read.dir/home/angel/.pico-sdk/sdk/2.3.1/lib/tinyusb/src/class/video/video_device.c.o
LOAD CMakeFiles/button_read.dir/home/angel/.pico-sdk/sdk/2.3.1/lib/tinyusb/src/tusb.c.o
LOAD CMakeFiles/button_read.dir/home/angel/.pico-sdk/sdk/2.3.1/lib/tinyusb/src/common/tusb_fifo.c.o
LOAD CMakeFiles/button_read.dir/home/angel/.pico-sdk/sdk/2.3.1/src/rp2_common/pico_fix/rp2040_usb_device_enumeration/rp2040_usb_device_enumeration.c.o
LOAD CMakeFiles/button_read.dir/home/angel/.pico-sdk/sdk/2.3.1/src/rp2_common/pico_thread_local/thread_local.c.o
LOAD pico-sdk/src/rp2350/boot_stage2/CMakeFiles/bs2_default_library.dir/./bs2_default_padded.S.o
LOAD /home/angel/.pico-sdk/toolchain/15_2_Rel1/bin/../lib/gcc/arm-none-eabi/15.2.1/../../../../arm-none-eabi/lib/thumb/v8-m.main+fp/softfp/libstdc++.a
LOAD /home/angel/.pico-sdk/toolchain/15_2_Rel1/bin/../lib/gcc/arm-none-eabi/15.2.1/../../../../arm-none-eabi/lib/thumb/v8-m.main+fp/softfp/libm.a
START GROUP
LOAD /home/angel/.pico-sdk/toolchain/15_2_Rel1/bin/../lib/gcc/arm-none-eabi/15.2.1/thumb/v8-m.main+fp/softfp/libgcc.a
LOAD /home/angel/.pico-sdk/toolchain/15_2_Rel1/bin/../lib/gcc/arm-none-eabi/15.2.1/../../../../arm-none-eabi/lib/thumb/v8-m.main+fp/softfp/libg.a
LOAD /home/angel/.pico-sdk/toolchain/15_2_Rel1/bin/../lib/gcc/arm-none-eabi/15.2.1/../../../../arm-none-eabi/lib/thumb/v8-m.main+fp/softfp/libc.a
END GROUP
                0x20000000                        PROVIDE (RAM_ORIGIN = RAM_ORIGIN_DEFAULT)
                0x00080000                        PROVIDE (RAM_LENGTH = RAM_LENGTH_DEFAULT)
                0x20080000                        PROVIDE (SCRATCH_X_ORIGIN = SCRATCH_X_ORIGIN_DEFAULT)
                0x00001000                        PROVIDE (SCRATCH_X_LENGTH = SCRATCH_X_LENGTH_DEFAULT)
                0x20081000                        PROVIDE (SCRATCH_Y_ORIGIN = SCRATCH_Y_ORIGIN_DEFAULT)
                0x00001000                        PROVIDE (SCRATCH_Y_LENGTH = SCRATCH_Y_LENGTH_DEFAULT)
                0x13ffc000                        PROVIDE (XIP_RAM_ORIGIN = XIP_RAM_ORIGIN_DEFAULT)
                0x00004000                        PROVIDE (XIP_RAM_LENGTH = XIP_RAM_LENGTH_DEFAULT)
                0x20000000                        RAM_ORIGIN = DEFINED (RAM_ORIGIN)?RAM_ORIGIN:RAM_ORIGIN_DEFAULT
                0x00080000                        RAM_LENGTH = DEFINED (RAM_LENGTH)?RAM_LENGTH:RAM_LENGTH_DEFAULT
                0x20080000                        SCRATCH_X_ORIGIN = DEFINED (SCRATCH_X_ORIGIN)?SCRATCH_X_ORIGIN:SCRATCH_X_ORIGIN_DEFAULT
                0x00001000                        SCRATCH_X_LENGTH = DEFINED (SCRATCH_X_LENGTH)?SCRATCH_X_LENGTH:SCRATCH_X_LENGTH_DEFAULT
                0x20081000                        SCRATCH_Y_ORIGIN = DEFINED (SCRATCH_Y_ORIGIN)?SCRATCH_Y_ORIGIN:SCRATCH_Y_ORIGIN_DEFAULT
                0x00001000                        SCRATCH_Y_LENGTH = DEFINED (SCRATCH_Y_LENGTH)?SCRATCH_Y_LENGTH:SCRATCH_Y_LENGTH_DEFAULT
                0x13ffc000                        XIP_RAM_ORIGIN = DEFINED (XIP_RAM_ORIGIN)?XIP_RAM_ORIGIN:XIP_RAM_ORIGIN_DEFAULT
                0x00004000                        XIP_RAM_LENGTH = DEFINED (XIP_RAM_LENGTH)?XIP_RAM_LENGTH:XIP_RAM_LENGTH_DEFAULT

.flash_begin    0x10000000        0x0
                0x10000000                        __flash_binary_start = .

.text           0x10000000     0x5bac
                0x10000000                        __logical_binary_start = .
 *(.vectors)
 .vectors       0x10000000      0x124 CMakeFiles/button_read.dir/home/angel/.pico-sdk/sdk/2.3.1/src/rp2_common/pico_crt0/crt0.S.o
                0x10000000                __vectors
                0x10000000                __VECTOR_TABLE
                0x10000110                isr_securefault
                0x10000110                isr_irq30
                0x10000110                __unhandled_user_irq
                0x10000110                isr_irq49
                0x10000110                isr_irq13
                0x10000110                isr_irq43
                0x10000110                isr_irq45
                0x10000110                isr_irq27
                0x10000110                isr_irq32
                0x10000110                isr_irq31
                0x10000110                isr_irq5
                0x10000110                isr_irq11
                0x10000110                isr_irq23
                0x10000110                isr_usagefault
                0x10000110                isr_irq48
                0x10000110                isr_irq35
                0x10000110                isr_irq18
                0x10000110                isr_irq50
                0x10000110                isr_irq40
                0x10000110                isr_irq28
                0x10000110                isr_irq19
                0x10000110                isr_irq36
                0x10000110                isr_irq41
                0x10000110                isr_irq0
                0x10000110                isr_irq6
                0x10000110                isr_memmanage
                0x10000110                isr_irq37
                0x10000110                isr_irq42
                0x10000110                isr_irq22
                0x10000110                isr_irq17
                0x10000110                isr_irq38
                0x10000110                isr_irq14
                0x10000110                __vectors_end
                0x10000110                __default_isrs_start
                0x10000110                isr_irq2
                0x10000110                isr_irq10
                0x10000110                isr_irq8
                0x10000110                isr_debugmonitor
                0x10000110                isr_irq24
                0x10000110                isr_irq46
                0x10000110                isr_irq1
                0x10000110                isr_irq47
                0x10000110                isr_irq51
                0x10000110                isr_irq7
                0x10000110                isr_irq21
                0x10000110                isr_irq39
                0x10000110                isr_irq20
                0x10000110                isr_irq15
                0x10000110                isr_irq25
                0x10000110                isr_irq34
                0x10000110                isr_irq4
                0x10000110                isr_busfault
                0x10000110                isr_irq16
                0x10000110                isr_irq44
                0x10000110                isr_irq29
                0x10000110                isr_irq26
                0x10000110                isr_irq33
                0x10000110                isr_irq3
                0x10000110                isr_irq12
                0x10000110                isr_irq9
                0x10000116                unhandled_user_irq_num_in_r0
                0x10000118                isr_invalid
                0x1000011a                isr_nmi
                0x1000011c                isr_hardfault
                0x1000011e                isr_svcall
                0x10000120                isr_pendsv
                0x10000122                isr_systick
                0x10000124                __default_isrs_end
 *(.binary_info_header)
 .binary_info_header
                0x10000124       0x14 CMakeFiles/button_read.dir/home/angel/.pico-sdk/sdk/2.3.1/src/rp2_common/pico_crt0/crt0.S.o
                0x10000138                        __binary_info_header_end = .
 *(.embedded_block)
 .embedded_block
                0x10000138       0x14 CMakeFiles/button_read.dir/home/angel/.pico-sdk/sdk/2.3.1/src/rp2_common/pico_crt0/crt0.S.o
                0x1000014c                        __embedded_block_end = .
 *(.reset)
 .reset         0x1000014c       0x94 CMakeFiles/button_read.dir/home/angel/.pico-sdk/sdk/2.3.1/src/rp2_common/pico_crt0/crt0.S.o
                0x1000014c                _entry_point
 *(.init)
 *libgcc.a:cmse_nonsecure_call.o()
 *(EXCLUDE_FILE(*libm.a: *libgcc.a:) .text*)
 .text.main     0x100001e0       0x70 CMakeFiles/button_read.dir/button_read.c.o
                0x100001e0                main
 .text.gpio_set_function
                0x10000250       0x38 CMakeFiles/button_read.dir/home/angel/.pico-sdk/sdk/2.3.1/src/rp2_common/hardware_gpio/gpio.c.o
                0x10000250                gpio_set_function
 .text.gpio_set_pulls
                0x10000288       0x30 CMakeFiles/button_read.dir/home/angel/.pico-sdk/sdk/2.3.1/src/rp2_common/hardware_gpio/gpio.c.o
                0x10000288                gpio_set_pulls
 .text.gpio_init
                0x100002b8       0x16 CMakeFiles/button_read.dir/home/angel/.pico-sdk/sdk/2.3.1/src/rp2_common/hardware_gpio/gpio.c.o
                0x100002b8                gpio_init
 *fill*         0x100002ce        0x2 
 .text.panic    0x100002d0       0x30 CMakeFiles/button_read.dir/home/angel/.pico-sdk/sdk/2.3.1/src/rp2_common/pico_platform_panic/panic.c.o
                0x100002d0                panic
 .text.hw_claim_lock
                0x10000300       0x24 CMakeFiles/button_read.dir/home/angel/.pico-sdk/sdk/2.3.1/src/common/hardware_claim/claim.c.o
                0x10000300                hw_claim_lock
 .text.hw_claim_unlock
                0x10000324       0x14 CMakeFiles/button_read.dir/home/angel/.pico-sdk/sdk/2.3.1/src/common/hardware_claim/claim.c.o
                0x10000324                hw_claim_unlock
 .text.hw_claim_or_assert
                0x10000338       0x32 CMakeFiles/button_read.dir/home/angel/.pico-sdk/sdk/2.3.1/src/common/hardware_claim/claim.c.o
                0x10000338                hw_claim_or_assert
 .text.hw_claim_unused_from_range
                0x1000036a       0x4e CMakeFiles/button_read.dir/home/angel/.pico-sdk/sdk/2.3.1/src/common/hardware_claim/claim.c.o
                0x1000036a                hw_claim_unused_from_range
 .text.next_striped_spin_lock_num
                0x100003b8       0x1c CMakeFiles/button_read.dir/home/angel/.pico-sdk/sdk/2.3.1/src/rp2_common/hardware_sync/sync.c.o
                0x100003b8                next_striped_spin_lock_num
 .text.spin_lock_claim_unused
                0x100003d4       0x20 CMakeFiles/button_read.dir/home/angel/.pico-sdk/sdk/2.3.1/src/rp2_common/hardware_sync/sync.c.o
                0x100003d4                spin_lock_claim_unused
 .text.spinlock_set_extexclall
                0x100003f4        0xe CMakeFiles/button_read.dir/home/angel/.pico-sdk/sdk/2.3.1/src/rp2_common/hardware_sync_spin_lock/sync_spin_lock.c.o
 *fill*         0x10000402        0x2 
 .text.spin_locks_reset
                0x10000404       0x1c CMakeFiles/button_read.dir/home/angel/.pico-sdk/sdk/2.3.1/src/rp2_common/hardware_sync_spin_lock/sync_spin_lock.c.o
                0x10000404                spin_locks_reset
 .text.set_raw_irq_handler_and_unlock
                0x10000420       0x24 CMakeFiles/button_read.dir/home/angel/.pico-sdk/sdk/2.3.1/src/rp2_common/hardware_irq/irq.c.o
 .text.nvic_ipr0
                0x10000444        0x8 CMakeFiles/button_read.dir/home/angel/.pico-sdk/sdk/2.3.1/src/rp2_common/hardware_irq/irq.c.o
 .text.runtime_init_per_core_irq_priorities
                0x1000044c       0x1c CMakeFiles/button_read.dir/home/angel/.pico-sdk/sdk/2.3.1/src/rp2_common/hardware_irq/irq.c.o
                0x1000044c                runtime_init_per_core_irq_priorities
 .text.resolve_j_16
                0x10000468       0x40 CMakeFiles/button_read.dir/home/angel/.pico-sdk/sdk/2.3.1/src/rp2_common/hardware_irq/irq.c.o
 .text.make_j_16
                0x100004a8       0x3c CMakeFiles/button_read.dir/home/angel/.pico-sdk/sdk/2.3.1/src/rp2_common/hardware_irq/irq.c.o
 .text.irq_is_enabled
                0x100004e4       0x20 CMakeFiles/button_read.dir/home/angel/.pico-sdk/sdk/2.3.1/src/rp2_common/hardware_irq/irq.c.o
                0x100004e4                irq_is_enabled
 .text.irq_set_mask_n_enabled
                0x10000504       0x20 CMakeFiles/button_read.dir/home/angel/.pico-sdk/sdk/2.3.1/src/rp2_common/hardware_irq/irq.c.o
                0x10000504                irq_set_mask_n_enabled
 .text.irq_set_enabled
                0x10000524       0x14 CMakeFiles/button_read.dir/home/angel/.pico-sdk/sdk/2.3.1/src/rp2_common/hardware_irq/irq.c.o
                0x10000524                irq_set_enabled
 .text.irq_set_pending
                0x10000538       0x18 CMakeFiles/button_read.dir/home/angel/.pico-sdk/sdk/2.3.1/src/rp2_common/hardware_irq/irq.c.o
                0x10000538                irq_set_pending
 .text.irq_get_vtable_handler
                0x10000550       0x10 CMakeFiles/button_read.dir/home/angel/.pico-sdk/sdk/2.3.1/src/rp2_common/hardware_irq/irq.c.o
                0x10000550                irq_get_vtable_handler
 .text.irq_has_shared_handler
                0x10000560       0x18 CMakeFiles/button_read.dir/home/angel/.pico-sdk/sdk/2.3.1/src/rp2_common/hardware_irq/irq.c.o
                0x10000560                irq_has_shared_handler
 .text.irq_set_exclusive_handler
                0x10000578       0x64 CMakeFiles/button_read.dir/home/angel/.pico-sdk/sdk/2.3.1/src/rp2_common/hardware_irq/irq.c.o
                0x10000578                irq_set_exclusive_handler
 .text.irq_add_shared_handler
                0x100005dc      0x234 CMakeFiles/button_read.dir/home/angel/.pico-sdk/sdk/2.3.1/src/rp2_common/hardware_irq/irq.c.o
                0x100005dc                irq_add_shared_handler
 .text.irq_add_tail_to_free_list
                0x10000810      0x100 CMakeFiles/button_read.dir/home/angel/.pico-sdk/sdk/2.3.1/src/rp2_common/hardware_irq/irq.c.o
                0x10000810                irq_add_tail_to_free_list
 .text.user_irq_claim_unused
                0x10000910       0x28 CMakeFiles/button_read.dir/home/angel/.pico-sdk/sdk/2.3.1/src/rp2_common/hardware_irq/irq.c.o
                0x10000910                user_irq_claim_unused
 .text.lock_init
                0x10000938        0xc CMakeFiles/button_read.dir/home/angel/.pico-sdk/sdk/2.3.1/src/common/pico_sync/lock_core.c.o
                0x10000938                lock_init
 .text.mutex_init
                0x10000944       0x1a CMakeFiles/button_read.dir/home/angel/.pico-sdk/sdk/2.3.1/src/common/pico_sync/mutex.c.o
                0x10000944                mutex_init
 .text.recursive_mutex_init
                0x1000095e       0x1e CMakeFiles/button_read.dir/home/angel/.pico-sdk/sdk/2.3.1/src/common/pico_sync/mutex.c.o
                0x1000095e                recursive_mutex_init
 .text.runtime_init_mutex
                0x1000097c       0x4c CMakeFiles/button_read.dir/home/angel/.pico-sdk/sdk/2.3.1/src/common/pico_sync/mutex.c.o
                0x1000097c                runtime_init_mutex
 .text.critical_section_init_with_lock_num
                0x100009c8       0x10 CMakeFiles/button_read.dir/home/angel/.pico-sdk/sdk/2.3.1/src/common/pico_sync/critical_section.c.o
                0x100009c8                critical_section_init_with_lock_num
 .text.critical_section_init
                0x100009d8       0x14 CMakeFiles/button_read.dir/home/angel/.pico-sdk/sdk/2.3.1/src/common/pico_sync/critical_section.c.o
                0x100009d8                critical_section_init
 .text.ta_from_current_irq
                0x100009ec       0x24 CMakeFiles/button_read.dir/home/angel/.pico-sdk/sdk/2.3.1/src/common/pico_time/time.c.o
 .text.ta_set_timeout
                0x10000a10       0x2e CMakeFiles/button_read.dir/home/angel/.pico-sdk/sdk/2.3.1/src/common/pico_time/time.c.o
 .text.make_alarm_id
                0x10000a3e        0x6 CMakeFiles/button_read.dir/home/angel/.pico-sdk/sdk/2.3.1/src/common/pico_time/time.c.o
 .text.sleep_until_callback
                0x10000a44        0x8 CMakeFiles/button_read.dir/home/angel/.pico-sdk/sdk/2.3.1/src/common/pico_time/time.c.o
 .text.alarm_pool_irq_handler
                0x10000a4c      0x30c CMakeFiles/button_read.dir/home/angel/.pico-sdk/sdk/2.3.1/src/common/pico_time/time.c.o
 .text.ta_enable_irq_handler
                0x10000d58       0x38 CMakeFiles/button_read.dir/home/angel/.pico-sdk/sdk/2.3.1/src/common/pico_time/time.c.o
 .text.alarm_pool_post_alloc_init
                0x10000d90       0x7c CMakeFiles/button_read.dir/home/angel/.pico-sdk/sdk/2.3.1/src/common/pico_time/time.c.o
 .text.alarm_pool_get_default
                0x10000e0c       0x28 CMakeFiles/button_read.dir/home/angel/.pico-sdk/sdk/2.3.1/src/common/pico_time/time.c.o
                0x10000e0c                alarm_pool_get_default
 .text.alarm_pool_add_alarm_at_force_in_context
                0x10000e34       0xc0 CMakeFiles/button_read.dir/home/angel/.pico-sdk/sdk/2.3.1/src/common/pico_time/time.c.o
                0x10000e34                alarm_pool_add_alarm_at_force_in_context
 .text.alarm_pool_add_alarm_at
                0x10000ef4       0x38 CMakeFiles/button_read.dir/home/angel/.pico-sdk/sdk/2.3.1/src/common/pico_time/time.c.o
                0x10000ef4                alarm_pool_add_alarm_at
 .text.add_alarm_at
                0x10000f2c       0x26 CMakeFiles/button_read.dir/home/angel/.pico-sdk/sdk/2.3.1/src/common/pico_time/time.c.o
 .text.alarm_pool_cancel_alarm
                0x10000f52       0x72 CMakeFiles/button_read.dir/home/angel/.pico-sdk/sdk/2.3.1/src/common/pico_time/time.c.o
                0x10000f52                alarm_pool_cancel_alarm
 .text.cancel_alarm
                0x10000fc4       0x10 CMakeFiles/button_read.dir/home/angel/.pico-sdk/sdk/2.3.1/src/common/pico_time/time.c.o
 .text.alarm_pool_core_num
                0x10000fd4        0x4 CMakeFiles/button_read.dir/home/angel/.pico-sdk/sdk/2.3.1/src/common/pico_time/time.c.o
                0x10000fd4                alarm_pool_core_num
 .text.sleep_until
                0x10000fd8       0x80 CMakeFiles/button_read.dir/home/angel/.pico-sdk/sdk/2.3.1/src/common/pico_time/time.c.o
                0x10000fd8                sleep_until
 .text.sleep_us
                0x10001058       0x24 CMakeFiles/button_read.dir/home/angel/.pico-sdk/sdk/2.3.1/src/common/pico_time/time.c.o
                0x10001058                sleep_us
 .text.sleep_ms
                0x1000107c       0x28 CMakeFiles/button_read.dir/home/angel/.pico-sdk/sdk/2.3.1/src/common/pico_time/time.c.o
                0x1000107c                sleep_ms
 .text.best_effort_wfe_or_timeout
                0x100010a4      0x11c CMakeFiles/button_read.dir/home/angel/.pico-sdk/sdk/2.3.1/src/common/pico_time/time.c.o
                0x100010a4                best_effort_wfe_or_timeout
 .text.alarm_pool_get_default_timer
                0x100011c0        0x8 CMakeFiles/button_read.dir/home/angel/.pico-sdk/sdk/2.3.1/src/common/pico_time/time.c.o
                0x100011c0                alarm_pool_get_default_timer
 .text.runtime_init_default_alarm_pool
                0x100011c8       0x28 CMakeFiles/button_read.dir/home/angel/.pico-sdk/sdk/2.3.1/src/common/pico_time/time.c.o
                0x100011c8                runtime_init_default_alarm_pool
 .text.timer_hardware_alarm_claim
                0x100011f0       0x24 CMakeFiles/button_read.dir/home/angel/.pico-sdk/sdk/2.3.1/src/rp2_common/hardware_timer/timer.c.o
                0x100011f0                timer_hardware_alarm_claim
 .text.timer_time_us_64
                0x10001214       0x10 CMakeFiles/button_read.dir/home/angel/.pico-sdk/sdk/2.3.1/src/rp2_common/hardware_timer/timer.c.o
                0x10001214                timer_time_us_64
 .text.timer_busy_wait_until
                0x10001224       0x1a CMakeFiles/button_read.dir/home/angel/.pico-sdk/sdk/2.3.1/src/rp2_common/hardware_timer/timer.c.o
                0x10001224                timer_busy_wait_until
 *fill*         0x1000123e        0x2 
 .text.time_us_64
                0x10001240       0x10 CMakeFiles/button_read.dir/home/angel/.pico-sdk/sdk/2.3.1/src/rp2_common/hardware_timer/timer.c.o
                0x10001240                time_us_64
 .text.busy_wait_until
                0x10001250       0x14 CMakeFiles/button_read.dir/home/angel/.pico-sdk/sdk/2.3.1/src/rp2_common/hardware_timer/timer.c.o
                0x10001250                busy_wait_until
 .text.clock_configure_internal
                0x10001264       0xbc CMakeFiles/button_read.dir/home/angel/.pico-sdk/sdk/2.3.1/src/rp2_common/hardware_clocks/clocks.c.o
 .text.clock_configure_undivided
                0x10001320       0x14 CMakeFiles/button_read.dir/home/angel/.pico-sdk/sdk/2.3.1/src/rp2_common/hardware_clocks/clocks.c.o
                0x10001320                clock_configure_undivided
 .text.clock_get_hz
                0x10001334        0xc CMakeFiles/button_read.dir/home/angel/.pico-sdk/sdk/2.3.1/src/rp2_common/hardware_clocks/clocks.c.o
                0x10001334                clock_get_hz
 .text.pll_init
                0x10001340      0x108 CMakeFiles/button_read.dir/home/angel/.pico-sdk/sdk/2.3.1/src/rp2_common/hardware_pll/pll.c.o
                0x10001340                pll_init
 .text.watchdog_update
                0x10001448       0x14 CMakeFiles/button_read.dir/home/angel/.pico-sdk/sdk/2.3.1/src/rp2_common/hardware_watchdog/watchdog.c.o
                0x10001448                watchdog_update
 .text._watchdog_enable
                0x1000145c       0x6c CMakeFiles/button_read.dir/home/angel/.pico-sdk/sdk/2.3.1/src/rp2_common/hardware_watchdog/watchdog.c.o
                0x1000145c                _watchdog_enable
 .text.watchdog_reboot
                0x100014c8       0x4c CMakeFiles/button_read.dir/home/angel/.pico-sdk/sdk/2.3.1/src/rp2_common/hardware_watchdog/watchdog.c.o
                0x100014c8                watchdog_reboot
 .text.tick_start
                0x10001514       0x1c CMakeFiles/button_read.dir/home/angel/.pico-sdk/sdk/2.3.1/src/rp2_common/hardware_ticks/ticks.c.o
                0x10001514                tick_start
 .text.rom_reboot
                0x10001530       0x46 CMakeFiles/button_read.dir/home/angel/.pico-sdk/sdk/2.3.1/src/rp2_common/pico_bootrom/bootrom.c.o
 .text.rom_func_lookup
                0x10001576       0x1e CMakeFiles/button_read.dir/home/angel/.pico-sdk/sdk/2.3.1/src/rp2_common/pico_bootrom/bootrom.c.o
                0x10001576                rom_func_lookup
 .text.rom_reset_usb_boot_extra
                0x10001594       0x3e CMakeFiles/button_read.dir/home/angel/.pico-sdk/sdk/2.3.1/src/rp2_common/pico_bootrom/bootrom.c.o
                0x10001594                rom_reset_usb_boot_extra
 *fill*         0x100015d2        0x2 
 .text.runtime_init_bootrom_locking_enable
                0x100015d4       0x14 CMakeFiles/button_read.dir/home/angel/.pico-sdk/sdk/2.3.1/src/rp2_common/pico_bootrom/bootrom_lock.c.o
                0x100015d4                runtime_init_bootrom_locking_enable
 .text.boot_locks_reset
                0x100015e8       0x20 CMakeFiles/button_read.dir/home/angel/.pico-sdk/sdk/2.3.1/src/rp2_common/hardware_boot_lock/boot_lock.c.o
                0x100015e8                boot_locks_reset
 .text.runtime_init_boot_locks_reset
                0x10001608        0x8 CMakeFiles/button_read.dir/home/angel/.pico-sdk/sdk/2.3.1/src/rp2_common/hardware_boot_lock/boot_lock.c.o
                0x10001608                runtime_init_boot_locks_reset
 .text.xosc_init
                0x10001610       0x28 CMakeFiles/button_read.dir/home/angel/.pico-sdk/sdk/2.3.1/src/rp2_common/hardware_xosc/xosc.c.o
                0x10001610                xosc_init
 .text.runtime_run_initializers_from
                0x10001638       0x18 CMakeFiles/button_read.dir/home/angel/.pico-sdk/sdk/2.3.1/src/rp2_common/pico_runtime/runtime.c.o
 .text.first_per_core_initializer
                0x10001650        0x2 CMakeFiles/button_read.dir/home/angel/.pico-sdk/sdk/2.3.1/src/rp2_common/pico_runtime/runtime.c.o
 *fill*         0x10001652        0x2 
 .text.runtime_run_initializers
                0x10001654       0x10 CMakeFiles/button_read.dir/home/angel/.pico-sdk/sdk/2.3.1/src/rp2_common/pico_runtime/runtime.c.o
                0x10001654                runtime_run_initializers
 .text.runtime_init_early_resets
                0x10001664       0x2c CMakeFiles/button_read.dir/home/angel/.pico-sdk/sdk/2.3.1/src/rp2_common/pico_runtime_init/runtime_init.c.o
                0x10001664                runtime_init_early_resets
 .text.runtime_init_usb_power_down
                0x10001690       0x20 CMakeFiles/button_read.dir/home/angel/.pico-sdk/sdk/2.3.1/src/rp2_common/pico_runtime_init/runtime_init.c.o
                0x10001690                runtime_init_usb_power_down
 .text.runtime_init_per_core_enable_coprocessors
                0x100016b0       0x1c CMakeFiles/button_read.dir/home/angel/.pico-sdk/sdk/2.3.1/src/rp2_common/pico_runtime_init/runtime_init.c.o
                0x100016b0                runtime_init_per_core_enable_coprocessors
 .text.runtime_init_post_clock_resets
                0x100016cc       0x20 CMakeFiles/button_read.dir/home/angel/.pico-sdk/sdk/2.3.1/src/rp2_common/pico_runtime_init/runtime_init.c.o
                0x100016cc                runtime_init_post_clock_resets
 .text.runtime_init_bootrom_reset
                0x100016ec       0x12 CMakeFiles/button_read.dir/home/angel/.pico-sdk/sdk/2.3.1/src/rp2_common/pico_runtime_init/runtime_init.c.o
                0x100016ec                runtime_init_bootrom_reset
 .text.runtime_init_per_core_bootrom_reset
                0x100016fe       0x12 CMakeFiles/button_read.dir/home/angel/.pico-sdk/sdk/2.3.1/src/rp2_common/pico_runtime_init/runtime_init.c.o
                0x100016fe                runtime_init_per_core_bootrom_reset
 .text.runtime_init_spin_locks_reset
                0x10001710        0x8 CMakeFiles/button_read.dir/home/angel/.pico-sdk/sdk/2.3.1/src/rp2_common/pico_runtime_init/runtime_init.c.o
                0x10001710                runtime_init_spin_locks_reset
 .text.runtime_init_install_ram_vector_table
                0x10001718       0x48 CMakeFiles/button_read.dir/home/angel/.pico-sdk/sdk/2.3.1/src/rp2_common/pico_runtime_init/runtime_init.c.o
                0x10001718                runtime_init_install_ram_vector_table
 .text.start_all_ticks
                0x10001760       0x28 CMakeFiles/button_read.dir/home/angel/.pico-sdk/sdk/2.3.1/src/rp2_common/pico_runtime_init/runtime_init_clocks.c.o
 .text.runtime_init_clocks
                0x10001788       0xc4 CMakeFiles/button_read.dir/home/angel/.pico-sdk/sdk/2.3.1/src/rp2_common/pico_runtime_init/runtime_init_clocks.c.o
                0x10001788                runtime_init_clocks
 .text.__rp2350_dcp_engaged_state_save_restore
                0x1000184c       0x3a CMakeFiles/button_read.dir/home/angel/.pico-sdk/sdk/2.3.1/src/rp2_common/pico_double/double_aeabi_dcp.S.o
 *fill*         0x10001886        0x2 
 .text.__wrap___aeabi_dadd
                0x10001888       0x28 CMakeFiles/button_read.dir/home/angel/.pico-sdk/sdk/2.3.1/src/rp2_common/pico_double/double_aeabi_dcp.S.o
                0x10001890                __wrap___aeabi_dadd
 .text.__wrap___aeabi_dsub
                0x100018b0       0x28 CMakeFiles/button_read.dir/home/angel/.pico-sdk/sdk/2.3.1/src/rp2_common/pico_double/double_aeabi_dcp.S.o
                0x100018b8                __wrap___aeabi_dsub
 .text.__wrap___aeabi_dmul
                0x100018d8       0x48 CMakeFiles/button_read.dir/home/angel/.pico-sdk/sdk/2.3.1/src/rp2_common/pico_double/double_aeabi_dcp.S.o
                0x100018e0                __wrap___aeabi_dmul
 .text.__wrap___aeabi_ddiv
                0x10001920       0x9c CMakeFiles/button_read.dir/home/angel/.pico-sdk/sdk/2.3.1/src/rp2_common/pico_double/double_aeabi_dcp.S.o
                0x10001928                __wrap___aeabi_ddiv
 .text.__wrap___aeabi_i2d
                0x100019bc       0x24 CMakeFiles/button_read.dir/home/angel/.pico-sdk/sdk/2.3.1/src/rp2_common/pico_double/double_aeabi_dcp.S.o
                0x100019c4                __wrap___aeabi_i2d
                0x100019c4                int2double
 .text.__wrap___aeabi_ui2d
                0x100019e0       0x24 CMakeFiles/button_read.dir/home/angel/.pico-sdk/sdk/2.3.1/src/rp2_common/pico_double/double_aeabi_dcp.S.o
                0x100019e8                __wrap___aeabi_ui2d
                0x100019e8                uint2double
 .text.__wrap___aeabi_d2iz
                0x10001a04       0x24 CMakeFiles/button_read.dir/home/angel/.pico-sdk/sdk/2.3.1/src/rp2_common/pico_double/double_aeabi_dcp.S.o
                0x10001a0c                __wrap___aeabi_d2iz
                0x10001a0c                double2int_z
 .text.__wrap___aeabi_d2uiz
                0x10001a28       0x24 CMakeFiles/button_read.dir/home/angel/.pico-sdk/sdk/2.3.1/src/rp2_common/pico_double/double_aeabi_dcp.S.o
                0x10001a30                double2uint_z
                0x10001a30                double2uint
                0x10001a30                __wrap___aeabi_d2uiz
 .text.__wrap___aeabi_dcmpun
                0x10001a4c       0x24 CMakeFiles/button_read.dir/home/angel/.pico-sdk/sdk/2.3.1/src/rp2_common/pico_double/double_aeabi_dcp.S.o
                0x10001a54                __wrap___aeabi_dcmpun
 .text.__wrap___aeabi_dcmplt
                0x10001a70       0x28 CMakeFiles/button_read.dir/home/angel/.pico-sdk/sdk/2.3.1/src/rp2_common/pico_double/double_aeabi_dcp.S.o
                0x10001a78                __wrap___aeabi_dcmplt
 .text.__wrap___aeabi_dcmple
                0x10001a98       0x28 CMakeFiles/button_read.dir/home/angel/.pico-sdk/sdk/2.3.1/src/rp2_common/pico_double/double_aeabi_dcp.S.o
                0x10001aa0                __wrap___aeabi_dcmple
 .text.__wrap___aeabi_dcmpge
                0x10001ac0       0x28 CMakeFiles/button_read.dir/home/angel/.pico-sdk/sdk/2.3.1/src/rp2_common/pico_double/double_aeabi_dcp.S.o
                0x10001ac8                __wrap___aeabi_dcmpge
 .text.__wrap___aeabi_dcmpgt
                0x10001ae8       0x28 CMakeFiles/button_read.dir/home/angel/.pico-sdk/sdk/2.3.1/src/rp2_common/pico_double/double_aeabi_dcp.S.o
                0x10001af0                __wrap___aeabi_dcmpgt
 .text._out_null
                0x10001b10        0x2 CMakeFiles/button_read.dir/home/angel/.pico-sdk/sdk/2.3.1/src/rp2_common/pico_printf/printf.c.o
 .text._out_fct
                0x10001b12        0xe CMakeFiles/button_read.dir/home/angel/.pico-sdk/sdk/2.3.1/src/rp2_common/pico_printf/printf.c.o
 .text._atoi    0x10001b20       0x26 CMakeFiles/button_read.dir/home/angel/.pico-sdk/sdk/2.3.1/src/rp2_common/pico_printf/printf.c.o
 .text._out_rev
                0x10001b46       0x8e CMakeFiles/button_read.dir/home/angel/.pico-sdk/sdk/2.3.1/src/rp2_common/pico_printf/printf.c.o
 .text._ntoa_format
                0x10001bd4      0x15a CMakeFiles/button_read.dir/home/angel/.pico-sdk/sdk/2.3.1/src/rp2_common/pico_printf/printf.c.o
 .text._ntoa_long
                0x10001d2e       0xa0 CMakeFiles/button_read.dir/home/angel/.pico-sdk/sdk/2.3.1/src/rp2_common/pico_printf/printf.c.o
 .text._ntoa_long_long
                0x10001dce       0xc0 CMakeFiles/button_read.dir/home/angel/.pico-sdk/sdk/2.3.1/src/rp2_common/pico_printf/printf.c.o
 *fill*         0x10001e8e        0x2 
 .text._etoa    0x10001e90      0x440 CMakeFiles/button_read.dir/home/angel/.pico-sdk/sdk/2.3.1/src/rp2_common/pico_printf/printf.c.o
 .text._ftoa    0x100022d0      0x394 CMakeFiles/button_read.dir/home/angel/.pico-sdk/sdk/2.3.1/src/rp2_common/pico_printf/printf.c.o
 .text._vsnprintf
                0x10002664      0x624 CMakeFiles/button_read.dir/home/angel/.pico-sdk/sdk/2.3.1/src/rp2_common/pico_printf/printf.c.o
 .text.vfctprintf
                0x10002c88       0x20 CMakeFiles/button_read.dir/home/angel/.pico-sdk/sdk/2.3.1/src/rp2_common/pico_printf/printf.c.o
                0x10002c88                vfctprintf
 .text._exit    0x10002ca8        0x4 CMakeFiles/button_read.dir/home/angel/.pico-sdk/sdk/2.3.1/src/rp2_common/pico_clib_interface/newlib_interface.c.o
                0x10002ca8                _exit
 .text._fini    0x10002cac        0x2 CMakeFiles/button_read.dir/home/angel/.pico-sdk/sdk/2.3.1/src/rp2_common/pico_clib_interface/newlib_interface.c.o
                0x10002cac                _fini
 .text.exit     0x10002cae        0x6 CMakeFiles/button_read.dir/home/angel/.pico-sdk/sdk/2.3.1/src/rp2_common/pico_clib_interface/newlib_interface.c.o
                0x10002cae                exit
 .text.__assert_func
                0x10002cb4       0x38 CMakeFiles/button_read.dir/home/angel/.pico-sdk/sdk/2.3.1/src/rp2_common/pico_clib_interface/newlib_interface.c.o
                0x10002cb4                __assert_func
 .text.runtime_init
                0x10002cec       0x2c CMakeFiles/button_read.dir/home/angel/.pico-sdk/sdk/2.3.1/src/rp2_common/pico_clib_interface/newlib_interface.c.o
                0x10002cec                runtime_init
 .text.stdio_out_chars_no_crlf
                0x10002d18        0xe CMakeFiles/button_read.dir/home/angel/.pico-sdk/sdk/2.3.1/src/rp2_common/pico_stdio/stdio.c.o
 *fill*         0x10002d26        0x2 
 .text.stdio_out_chars_crlf
                0x10002d28       0x7c CMakeFiles/button_read.dir/home/angel/.pico-sdk/sdk/2.3.1/src/rp2_common/pico_stdio/stdio.c.o
 .text.stdio_stack_buffer_flush
                0x10002da4       0x40 CMakeFiles/button_read.dir/home/angel/.pico-sdk/sdk/2.3.1/src/rp2_common/pico_stdio/stdio.c.o
 .text.stdio_buffered_printer
                0x10002de4       0x1a CMakeFiles/button_read.dir/home/angel/.pico-sdk/sdk/2.3.1/src/rp2_common/pico_stdio/stdio.c.o
 *fill*         0x10002dfe        0x2 
 .text.stdout_serialize_begin
                0x10002e00       0x2c CMakeFiles/button_read.dir/home/angel/.pico-sdk/sdk/2.3.1/src/rp2_common/pico_stdio/stdio.c.o
                0x10002e00                stdout_serialize_begin
 .text.stdout_serialize_end
                0x10002e2c       0x10 CMakeFiles/button_read.dir/home/angel/.pico-sdk/sdk/2.3.1/src/rp2_common/pico_stdio/stdio.c.o
                0x10002e2c                stdout_serialize_end
 .text.stdio_put_string
                0x10002e3c       0x88 CMakeFiles/button_read.dir/home/angel/.pico-sdk/sdk/2.3.1/src/rp2_common/pico_stdio/stdio.c.o
                0x10002e3c                stdio_put_string
 .text.stdio_set_driver_enabled
                0x10002ec4       0x28 CMakeFiles/button_read.dir/home/angel/.pico-sdk/sdk/2.3.1/src/rp2_common/pico_stdio/stdio.c.o
                0x10002ec4                stdio_set_driver_enabled
 .text.stdio_flush
                0x10002eec       0x1c CMakeFiles/button_read.dir/home/angel/.pico-sdk/sdk/2.3.1/src/rp2_common/pico_stdio/stdio.c.o
                0x10002eec                stdio_flush
 .text.stdio_init_all
                0x10002f08        0x8 CMakeFiles/button_read.dir/home/angel/.pico-sdk/sdk/2.3.1/src/rp2_common/pico_stdio/stdio.c.o
                0x10002f08                stdio_init_all
 .text.__wrap_puts
                0x10002f10       0x1e CMakeFiles/button_read.dir/home/angel/.pico-sdk/sdk/2.3.1/src/rp2_common/pico_stdio/stdio.c.o
                0x10002f10                __wrap_puts
                0x10002f10                stdio_puts
 *fill*         0x10002f2e        0x2 
 .text.__wrap_vprintf
                0x10002f30       0x40 CMakeFiles/button_read.dir/home/angel/.pico-sdk/sdk/2.3.1/src/rp2_common/pico_stdio/stdio.c.o
                0x10002f30                __wrap_vprintf
                0x10002f30                stdio_vprintf
 .text.__wrap_printf
                0x10002f70       0x1c CMakeFiles/button_read.dir/home/angel/.pico-sdk/sdk/2.3.1/src/rp2_common/pico_stdio/stdio.c.o
                0x10002f70                stdio_printf
                0x10002f70                __wrap_printf
 .text.stdio_usb_set_chars_available_callback
                0x10002f8c       0x14 CMakeFiles/button_read.dir/home/angel/.pico-sdk/sdk/2.3.1/src/rp2_common/pico_stdio_usb/stdio_usb.c.o
                0x10002f8c                stdio_usb_set_chars_available_callback
 .text.stdio_usb_out_flush
                0x10002fa0       0x48 CMakeFiles/button_read.dir/home/angel/.pico-sdk/sdk/2.3.1/src/rp2_common/pico_stdio_usb/stdio_usb.c.o
 .text.timer_task
                0x10002fe8       0x7c CMakeFiles/button_read.dir/home/angel/.pico-sdk/sdk/2.3.1/src/rp2_common/pico_stdio_usb/stdio_usb.c.o
 .text.usb_irq  0x10003064       0x10 CMakeFiles/button_read.dir/home/angel/.pico-sdk/sdk/2.3.1/src/rp2_common/pico_stdio_usb/stdio_usb.c.o
 .text.alarm_pool_add_alarm_in_us
                0x10003074       0x3a CMakeFiles/button_read.dir/home/angel/.pico-sdk/sdk/2.3.1/src/rp2_common/pico_stdio_usb/stdio_usb.c.o
 .text.add_alarm_in_us
                0x100030ae       0x26 CMakeFiles/button_read.dir/home/angel/.pico-sdk/sdk/2.3.1/src/rp2_common/pico_stdio_usb/stdio_usb.c.o
 .text.low_priority_worker_irq
                0x100030d4       0xb0 CMakeFiles/button_read.dir/home/angel/.pico-sdk/sdk/2.3.1/src/rp2_common/pico_stdio_usb/stdio_usb.c.o
 .text.stdio_usb_init
                0x10003184       0xd4 CMakeFiles/button_read.dir/home/angel/.pico-sdk/sdk/2.3.1/src/rp2_common/pico_stdio_usb/stdio_usb.c.o
                0x10003184                stdio_usb_init
 .text.stdio_usb_connected
                0x10003258        0xa CMakeFiles/button_read.dir/home/angel/.pico-sdk/sdk/2.3.1/src/rp2_common/pico_stdio_usb/stdio_usb.c.o
                0x10003258                stdio_usb_connected
 *fill*         0x10003262        0x2 
 .text.stdio_usb_in_chars
                0x10003264       0x98 CMakeFiles/button_read.dir/home/angel/.pico-sdk/sdk/2.3.1/src/rp2_common/pico_stdio_usb/stdio_usb.c.o
                0x10003264                stdio_usb_in_chars
 .text.stdio_usb_out_chars
                0x100032fc       0xd4 CMakeFiles/button_read.dir/home/angel/.pico-sdk/sdk/2.3.1/src/rp2_common/pico_stdio_usb/stdio_usb.c.o
 .text.tud_descriptor_device_cb
                0x100033d0        0x8 CMakeFiles/button_read.dir/home/angel/.pico-sdk/sdk/2.3.1/src/rp2_common/pico_stdio_usb/stdio_usb_descriptors.c.o
                0x100033d0                tud_descriptor_device_cb
 .text.tud_descriptor_configuration_cb
                0x100033d8        0x8 CMakeFiles/button_read.dir/home/angel/.pico-sdk/sdk/2.3.1/src/rp2_common/pico_stdio_usb/stdio_usb_descriptors.c.o
                0x100033d8                tud_descriptor_configuration_cb
 .text.tud_descriptor_string_cb
                0x100033e0       0x64 CMakeFiles/button_read.dir/home/angel/.pico-sdk/sdk/2.3.1/src/rp2_common/pico_stdio_usb/stdio_usb_descriptors.c.o
                0x100033e0                tud_descriptor_string_cb
 .text._retrieve_unique_id_on_boot
                0x10003444       0x54 CMakeFiles/button_read.dir/home/angel/.pico-sdk/sdk/2.3.1/src/rp2_common/pico_unique_id/unique_id.c.o
 .text.pico_get_unique_board_id_string
                0x10003498       0x5c CMakeFiles/button_read.dir/home/angel/.pico-sdk/sdk/2.3.1/src/rp2_common/pico_unique_id/unique_id.c.o
                0x10003498                pico_get_unique_board_id_string
 .text.usb_reset_interface_init
                0x100034f4        0x2 CMakeFiles/button_read.dir/home/angel/.pico-sdk/sdk/2.3.1/src/rp2_common/pico_usb_reset/usb_reset.c.o
                0x100034f4                usb_reset_interface_init
 *fill*         0x100034f6        0x2 
 .text.usb_reset_interface_reset
                0x100034f8        0xc CMakeFiles/button_read.dir/home/angel/.pico-sdk/sdk/2.3.1/src/rp2_common/pico_usb_reset/usb_reset.c.o
                0x100034f8                usb_reset_interface_reset
 .text.usb_reset_interface_open
                0x10003504       0x34 CMakeFiles/button_read.dir/home/angel/.pico-sdk/sdk/2.3.1/src/rp2_common/pico_usb_reset/usb_reset.c.o
                0x10003504                usb_reset_interface_open
 .text.usb_reset_interface_xfer_cb
                0x10003538        0x4 CMakeFiles/button_read.dir/home/angel/.pico-sdk/sdk/2.3.1/src/rp2_common/pico_usb_reset/usb_reset.c.o
                0x10003538                usb_reset_interface_xfer_cb
 .text.usb_reset_interface_control_xfer_cb
                0x1000353c       0x58 CMakeFiles/button_read.dir/home/angel/.pico-sdk/sdk/2.3.1/src/rp2_common/pico_usb_reset/usb_reset.c.o
                0x1000353c                usb_reset_interface_control_xfer_cb
 .text.tud_descriptor_bos_cb
                0x10003594        0x8 CMakeFiles/button_read.dir/home/angel/.pico-sdk/sdk/2.3.1/src/rp2_common/pico_usb_reset/usb_reset.c.o
                0x10003594                tud_descriptor_bos_cb
 .text.tud_vendor_control_xfer_cb
                0x1000359c       0x30 CMakeFiles/button_read.dir/home/angel/.pico-sdk/sdk/2.3.1/src/rp2_common/pico_usb_reset/usb_reset.c.o
                0x1000359c                tud_vendor_control_xfer_cb
 .text.usbd_app_driver_get_cb
                0x100035cc        0xc CMakeFiles/button_read.dir/home/angel/.pico-sdk/sdk/2.3.1/src/rp2_common/pico_usb_reset/usb_reset.c.o
                0x100035cc                usbd_app_driver_get_cb
 .text.tud_cdc_line_coding_cb
                0x100035d8       0x18 CMakeFiles/button_read.dir/home/angel/.pico-sdk/sdk/2.3.1/src/rp2_common/pico_usb_reset/usb_reset.c.o
                0x100035d8                tud_cdc_line_coding_cb
 .text.hw_endpoint_init
                0x100035f0       0xd0 CMakeFiles/button_read.dir/home/angel/.pico-sdk/sdk/2.3.1/lib/tinyusb/src/portable/raspberrypi/rp2040/dcd_rp2040.c.o
 .text.hw_endpoint_alloc
                0x100036c0       0x48 CMakeFiles/button_read.dir/home/angel/.pico-sdk/sdk/2.3.1/lib/tinyusb/src/portable/raspberrypi/rp2040/dcd_rp2040.c.o
 .text.hw_endpoint_open
                0x10003708       0x48 CMakeFiles/button_read.dir/home/angel/.pico-sdk/sdk/2.3.1/lib/tinyusb/src/portable/raspberrypi/rp2040/dcd_rp2040.c.o
 .text.hw_endpoint_xfer
                0x10003750       0x1c CMakeFiles/button_read.dir/home/angel/.pico-sdk/sdk/2.3.1/lib/tinyusb/src/portable/raspberrypi/rp2040/dcd_rp2040.c.o
 .text.dcd_int_enable
                0x1000376c       0x28 CMakeFiles/button_read.dir/home/angel/.pico-sdk/sdk/2.3.1/lib/tinyusb/src/portable/raspberrypi/rp2040/dcd_rp2040.c.o
                0x1000376c                dcd_int_enable
 .text.dcd_set_address
                0x10003794       0x2c CMakeFiles/button_read.dir/home/angel/.pico-sdk/sdk/2.3.1/lib/tinyusb/src/portable/raspberrypi/rp2040/dcd_rp2040.c.o
                0x10003794                dcd_set_address
 .text.dcd_connect
                0x100037c0       0x10 CMakeFiles/button_read.dir/home/angel/.pico-sdk/sdk/2.3.1/lib/tinyusb/src/portable/raspberrypi/rp2040/dcd_rp2040.c.o
                0x100037c0                dcd_connect
 .text.dcd_init
                0x100037d0       0x84 CMakeFiles/button_read.dir/home/angel/.pico-sdk/sdk/2.3.1/lib/tinyusb/src/portable/raspberrypi/rp2040/dcd_rp2040.c.o
                0x100037d0                dcd_init
 .text.dcd_sof_enable
                0x10003854       0x1c CMakeFiles/button_read.dir/home/angel/.pico-sdk/sdk/2.3.1/lib/tinyusb/src/portable/raspberrypi/rp2040/dcd_rp2040.c.o
                0x10003854                dcd_sof_enable
 .text.dcd_edpt0_status_complete
                0x10003870       0x24 CMakeFiles/button_read.dir/home/angel/.pico-sdk/sdk/2.3.1/lib/tinyusb/src/portable/raspberrypi/rp2040/dcd_rp2040.c.o
                0x10003870                dcd_edpt0_status_complete
 .text.dcd_edpt_open
                0x10003894       0x22 CMakeFiles/button_read.dir/home/angel/.pico-sdk/sdk/2.3.1/lib/tinyusb/src/portable/raspberrypi/rp2040/dcd_rp2040.c.o
                0x10003894                dcd_edpt_open
 .text.dcd_edpt_close_all
                0x100038b6        0x8 CMakeFiles/button_read.dir/home/angel/.pico-sdk/sdk/2.3.1/lib/tinyusb/src/portable/raspberrypi/rp2040/dcd_rp2040.c.o
                0x100038b6                dcd_edpt_close_all
 *fill*         0x100038be        0x2 
 .text.dcd_edpt_xfer
                0x100038c0       0x2c CMakeFiles/button_read.dir/home/angel/.pico-sdk/sdk/2.3.1/lib/tinyusb/src/portable/raspberrypi/rp2040/dcd_rp2040.c.o
                0x100038c0                dcd_edpt_xfer
 .text.dcd_edpt_stall
                0x100038ec       0x38 CMakeFiles/button_read.dir/home/angel/.pico-sdk/sdk/2.3.1/lib/tinyusb/src/portable/raspberrypi/rp2040/dcd_rp2040.c.o
                0x100038ec                dcd_edpt_stall
 .text.dcd_edpt_clear_stall
                0x10003924       0x28 CMakeFiles/button_read.dir/home/angel/.pico-sdk/sdk/2.3.1/lib/tinyusb/src/portable/raspberrypi/rp2040/dcd_rp2040.c.o
                0x10003924                dcd_edpt_clear_stall
 .text.unaligned_memcpy
                0x1000394c       0x14 CMakeFiles/button_read.dir/home/angel/.pico-sdk/sdk/2.3.1/lib/tinyusb/src/portable/raspberrypi/rp2040/rp2040_usb.c.o
 .text.rp2040_usb_init
                0x10003960       0x40 CMakeFiles/button_read.dir/home/angel/.pico-sdk/sdk/2.3.1/lib/tinyusb/src/portable/raspberrypi/rp2040/rp2040_usb.c.o
                0x10003960                rp2040_usb_init
 .text.hw_endpoint_xfer_start
                0x100039a0       0x58 CMakeFiles/button_read.dir/home/angel/.pico-sdk/sdk/2.3.1/lib/tinyusb/src/portable/raspberrypi/rp2040/rp2040_usb.c.o
                0x100039a0                hw_endpoint_xfer_start
 .text.configuration_reset
                0x100039f8       0x8c CMakeFiles/button_read.dir/home/angel/.pico-sdk/sdk/2.3.1/lib/tinyusb/src/device/usbd.c.o
 .text.usbd_reset
                0x10003a84        0xc CMakeFiles/button_read.dir/home/angel/.pico-sdk/sdk/2.3.1/lib/tinyusb/src/device/usbd.c.o
 .text.invoke_class_control
                0x10003a90       0x1a CMakeFiles/button_read.dir/home/angel/.pico-sdk/sdk/2.3.1/lib/tinyusb/src/device/usbd.c.o
 *fill*         0x10003aaa        0x2 
 .text.process_set_config
                0x10003aac      0x1c0 CMakeFiles/button_read.dir/home/angel/.pico-sdk/sdk/2.3.1/lib/tinyusb/src/device/usbd.c.o
 .text.tud_event_hook_cb
                0x10003c6c        0x2 CMakeFiles/button_read.dir/home/angel/.pico-sdk/sdk/2.3.1/lib/tinyusb/src/device/usbd.c.o
                0x10003c6c                tud_event_hook_cb
 .text.tud_sof_cb
                0x10003c6e        0x2 CMakeFiles/button_read.dir/home/angel/.pico-sdk/sdk/2.3.1/lib/tinyusb/src/device/usbd.c.o
                0x10003c6e                tud_sof_cb
 .text.tud_descriptor_device_qualifier_cb
                0x10003c70        0x4 CMakeFiles/button_read.dir/home/angel/.pico-sdk/sdk/2.3.1/lib/tinyusb/src/device/usbd.c.o
                0x10003c70                tud_descriptor_device_qualifier_cb
 .text.tud_descriptor_other_speed_configuration_cb
                0x10003c74        0x4 CMakeFiles/button_read.dir/home/angel/.pico-sdk/sdk/2.3.1/lib/tinyusb/src/device/usbd.c.o
                0x10003c74                tud_descriptor_other_speed_configuration_cb
 .text.process_get_descriptor
                0x10003c78       0xf0 CMakeFiles/button_read.dir/home/angel/.pico-sdk/sdk/2.3.1/lib/tinyusb/src/device/usbd.c.o
 .text.tud_mount_cb
                0x10003d68        0x2 CMakeFiles/button_read.dir/home/angel/.pico-sdk/sdk/2.3.1/lib/tinyusb/src/device/usbd.c.o
                0x10003d68                tud_mount_cb
 .text.tud_umount_cb
                0x10003d6a        0x2 CMakeFiles/button_read.dir/home/angel/.pico-sdk/sdk/2.3.1/lib/tinyusb/src/device/usbd.c.o
                0x10003d6a                tud_umount_cb
 .text.tud_suspend_cb
                0x10003d6c        0x2 CMakeFiles/button_read.dir/home/angel/.pico-sdk/sdk/2.3.1/lib/tinyusb/src/device/usbd.c.o
                0x10003d6c                tud_suspend_cb
 .text.tud_resume_cb
                0x10003d6e        0x2 CMakeFiles/button_read.dir/home/angel/.pico-sdk/sdk/2.3.1/lib/tinyusb/src/device/usbd.c.o
                0x10003d6e                tud_resume_cb
 .text.tud_mounted
                0x10003d70       0x10 CMakeFiles/button_read.dir/home/angel/.pico-sdk/sdk/2.3.1/lib/tinyusb/src/device/usbd.c.o
                0x10003d70                tud_mounted
 .text.tud_suspended
                0x10003d80       0x10 CMakeFiles/button_read.dir/home/angel/.pico-sdk/sdk/2.3.1/lib/tinyusb/src/device/usbd.c.o
                0x10003d80                tud_suspended
 .text.tud_inited
                0x10003d90       0x10 CMakeFiles/button_read.dir/home/angel/.pico-sdk/sdk/2.3.1/lib/tinyusb/src/device/usbd.c.o
                0x10003d90                tud_inited
 .text.tud_rhport_init
                0x10003da0      0x128 CMakeFiles/button_read.dir/home/angel/.pico-sdk/sdk/2.3.1/lib/tinyusb/src/device/usbd.c.o
                0x10003da0                tud_rhport_init
 .text.usbd_edpt_open
                0x10003ec8       0x80 CMakeFiles/button_read.dir/home/angel/.pico-sdk/sdk/2.3.1/lib/tinyusb/src/device/usbd.c.o
                0x10003ec8                usbd_edpt_open
 .text.usbd_open_edpt_pair
                0x10003f48       0xa0 CMakeFiles/button_read.dir/home/angel/.pico-sdk/sdk/2.3.1/lib/tinyusb/src/device/usbd.c.o
                0x10003f48                usbd_open_edpt_pair
 .text.usbd_edpt_claim
                0x10003fe8       0x28 CMakeFiles/button_read.dir/home/angel/.pico-sdk/sdk/2.3.1/lib/tinyusb/src/device/usbd.c.o
                0x10003fe8                usbd_edpt_claim
 .text.usbd_edpt_release
                0x10004010       0x28 CMakeFiles/button_read.dir/home/angel/.pico-sdk/sdk/2.3.1/lib/tinyusb/src/device/usbd.c.o
                0x10004010                usbd_edpt_release
 .text.usbd_edpt_xfer
                0x10004038       0xa4 CMakeFiles/button_read.dir/home/angel/.pico-sdk/sdk/2.3.1/lib/tinyusb/src/device/usbd.c.o
                0x10004038                usbd_edpt_xfer
 .text.usbd_edpt_stall
                0x100040dc       0x3c CMakeFiles/button_read.dir/home/angel/.pico-sdk/sdk/2.3.1/lib/tinyusb/src/device/usbd.c.o
                0x100040dc                usbd_edpt_stall
 .text.usbd_edpt_clear_stall
                0x10004118       0x3c CMakeFiles/button_read.dir/home/angel/.pico-sdk/sdk/2.3.1/lib/tinyusb/src/device/usbd.c.o
                0x10004118                usbd_edpt_clear_stall
 .text.usbd_edpt_stalled
                0x10004154       0x1c CMakeFiles/button_read.dir/home/angel/.pico-sdk/sdk/2.3.1/lib/tinyusb/src/device/usbd.c.o
                0x10004154                usbd_edpt_stalled
 .text.process_control_request
                0x10004170      0x450 CMakeFiles/button_read.dir/home/angel/.pico-sdk/sdk/2.3.1/lib/tinyusb/src/device/usbd.c.o
 .text.tud_task_ext
                0x100045c0      0x248 CMakeFiles/button_read.dir/home/angel/.pico-sdk/sdk/2.3.1/lib/tinyusb/src/device/usbd.c.o
                0x100045c0                tud_task_ext
 .text.status_stage_xact
                0x10004808       0x1a CMakeFiles/button_read.dir/home/angel/.pico-sdk/sdk/2.3.1/lib/tinyusb/src/device/usbd_control.c.o
 *fill*         0x10004822        0x2 
 .text.data_stage_xact
                0x10004824       0x5c CMakeFiles/button_read.dir/home/angel/.pico-sdk/sdk/2.3.1/lib/tinyusb/src/device/usbd_control.c.o
 .text.tud_control_status
                0x10004880       0x28 CMakeFiles/button_read.dir/home/angel/.pico-sdk/sdk/2.3.1/lib/tinyusb/src/device/usbd_control.c.o
                0x10004880                tud_control_status
 .text.tud_control_xfer
                0x100048a8       0xb0 CMakeFiles/button_read.dir/home/angel/.pico-sdk/sdk/2.3.1/lib/tinyusb/src/device/usbd_control.c.o
                0x100048a8                tud_control_xfer
 .text.usbd_control_reset
                0x10004958       0x14 CMakeFiles/button_read.dir/home/angel/.pico-sdk/sdk/2.3.1/lib/tinyusb/src/device/usbd_control.c.o
                0x10004958                usbd_control_reset
 .text.usbd_control_set_complete_callback
                0x1000496c        0xc CMakeFiles/button_read.dir/home/angel/.pico-sdk/sdk/2.3.1/lib/tinyusb/src/device/usbd_control.c.o
                0x1000496c                usbd_control_set_complete_callback
 .text.usbd_control_set_request
                0x10004978       0x1c CMakeFiles/button_read.dir/home/angel/.pico-sdk/sdk/2.3.1/lib/tinyusb/src/device/usbd_control.c.o
                0x10004978                usbd_control_set_request
 .text.usbd_control_xfer_cb
                0x10004994      0x114 CMakeFiles/button_read.dir/home/angel/.pico-sdk/sdk/2.3.1/lib/tinyusb/src/device/usbd_control.c.o
                0x10004994                usbd_control_xfer_cb
 .text._prep_out_transaction
                0x10004aa8       0x98 CMakeFiles/button_read.dir/home/angel/.pico-sdk/sdk/2.3.1/lib/tinyusb/src/class/cdc/cdc_device.c.o
 .text.tud_cdc_n_connected
                0x10004b40       0x34 CMakeFiles/button_read.dir/home/angel/.pico-sdk/sdk/2.3.1/lib/tinyusb/src/class/cdc/cdc_device.c.o
                0x10004b40                tud_cdc_n_connected
 .text.tud_cdc_n_available
                0x10004b74       0x18 CMakeFiles/button_read.dir/home/angel/.pico-sdk/sdk/2.3.1/lib/tinyusb/src/class/cdc/cdc_device.c.o
                0x10004b74                tud_cdc_n_available
 .text.tud_cdc_n_read
                0x10004b8c       0x34 CMakeFiles/button_read.dir/home/angel/.pico-sdk/sdk/2.3.1/lib/tinyusb/src/class/cdc/cdc_device.c.o
                0x10004b8c                tud_cdc_n_read
 .text.tud_cdc_n_write_flush
                0x10004bc0       0xb8 CMakeFiles/button_read.dir/home/angel/.pico-sdk/sdk/2.3.1/lib/tinyusb/src/class/cdc/cdc_device.c.o
                0x10004bc0                tud_cdc_n_write_flush
 .text.tud_cdc_n_write
                0x10004c78       0x44 CMakeFiles/button_read.dir/home/angel/.pico-sdk/sdk/2.3.1/lib/tinyusb/src/class/cdc/cdc_device.c.o
                0x10004c78                tud_cdc_n_write
 .text.tud_cdc_n_write_available
                0x10004cbc       0x1c CMakeFiles/button_read.dir/home/angel/.pico-sdk/sdk/2.3.1/lib/tinyusb/src/class/cdc/cdc_device.c.o
                0x10004cbc                tud_cdc_n_write_available
 .text.cdcd_init
                0x10004cd8       0x98 CMakeFiles/button_read.dir/home/angel/.pico-sdk/sdk/2.3.1/lib/tinyusb/src/class/cdc/cdc_device.c.o
                0x10004cd8                cdcd_init
 .text.cdcd_deinit
                0x10004d70       0x40 CMakeFiles/button_read.dir/home/angel/.pico-sdk/sdk/2.3.1/lib/tinyusb/src/class/cdc/cdc_device.c.o
                0x10004d70                cdcd_deinit
 .text.cdcd_reset
                0x10004db0       0x78 CMakeFiles/button_read.dir/home/angel/.pico-sdk/sdk/2.3.1/lib/tinyusb/src/class/cdc/cdc_device.c.o
                0x10004db0                cdcd_reset
 .text.cdcd_open
                0x10004e28      0x12c CMakeFiles/button_read.dir/home/angel/.pico-sdk/sdk/2.3.1/lib/tinyusb/src/class/cdc/cdc_device.c.o
                0x10004e28                cdcd_open
 .text.cdcd_control_xfer_cb
                0x10004f54      0x128 CMakeFiles/button_read.dir/home/angel/.pico-sdk/sdk/2.3.1/lib/tinyusb/src/class/cdc/cdc_device.c.o
                0x10004f54                cdcd_control_xfer_cb
 .text.cdcd_xfer_cb
                0x1000507c      0x138 CMakeFiles/button_read.dir/home/angel/.pico-sdk/sdk/2.3.1/lib/tinyusb/src/class/cdc/cdc_device.c.o
                0x1000507c                cdcd_xfer_cb
 .text.tusb_rhport_init
                0x100051b4       0xb0 CMakeFiles/button_read.dir/home/angel/.pico-sdk/sdk/2.3.1/lib/tinyusb/src/tusb.c.o
                0x100051b4                tusb_rhport_init
 .text.tu_edpt_claim
                0x10005264       0x56 CMakeFiles/button_read.dir/home/angel/.pico-sdk/sdk/2.3.1/lib/tinyusb/src/tusb.c.o
                0x10005264                tu_edpt_claim
 .text.tu_edpt_release
                0x100052ba       0x44 CMakeFiles/button_read.dir/home/angel/.pico-sdk/sdk/2.3.1/lib/tinyusb/src/tusb.c.o
                0x100052ba                tu_edpt_release
 *fill*         0x100052fe        0x2 
 .text.tu_edpt_validate
                0x10005300       0xe0 CMakeFiles/button_read.dir/home/angel/.pico-sdk/sdk/2.3.1/lib/tinyusb/src/tusb.c.o
                0x10005300                tu_edpt_validate
 .text.tu_edpt_bind_driver
                0x100053e0       0x48 CMakeFiles/button_read.dir/home/angel/.pico-sdk/sdk/2.3.1/lib/tinyusb/src/tusb.c.o
                0x100053e0                tu_edpt_bind_driver
 .text.advance_index
                0x10005428       0x1a CMakeFiles/button_read.dir/home/angel/.pico-sdk/sdk/2.3.1/lib/tinyusb/src/common/tusb_fifo.c.o
 .text._tu_fifo_peek
                0x10005442       0x64 CMakeFiles/button_read.dir/home/angel/.pico-sdk/sdk/2.3.1/lib/tinyusb/src/common/tusb_fifo.c.o
 .text._ff_pull_n
                0x100054a6       0x6a CMakeFiles/button_read.dir/home/angel/.pico-sdk/sdk/2.3.1/lib/tinyusb/src/common/tusb_fifo.c.o
 .text._tu_fifo_peek_n
                0x10005510       0x6c CMakeFiles/button_read.dir/home/angel/.pico-sdk/sdk/2.3.1/lib/tinyusb/src/common/tusb_fifo.c.o
 .text._tu_fifo_read_n
                0x1000557c       0x4c CMakeFiles/button_read.dir/home/angel/.pico-sdk/sdk/2.3.1/lib/tinyusb/src/common/tusb_fifo.c.o
 .text._ff_push_n
                0x100055c8       0x6a CMakeFiles/button_read.dir/home/angel/.pico-sdk/sdk/2.3.1/lib/tinyusb/src/common/tusb_fifo.c.o
 .text._tu_fifo_write_n
                0x10005632       0xf8 CMakeFiles/button_read.dir/home/angel/.pico-sdk/sdk/2.3.1/lib/tinyusb/src/common/tusb_fifo.c.o
 .text.tu_fifo_config
                0x1000572a       0x62 CMakeFiles/button_read.dir/home/angel/.pico-sdk/sdk/2.3.1/lib/tinyusb/src/common/tusb_fifo.c.o
                0x1000572a                tu_fifo_config
 .text.tu_fifo_count
                0x1000578c       0x28 CMakeFiles/button_read.dir/home/angel/.pico-sdk/sdk/2.3.1/lib/tinyusb/src/common/tusb_fifo.c.o
                0x1000578c                tu_fifo_count
 .text.tu_fifo_empty
                0x100057b4       0x12 CMakeFiles/button_read.dir/home/angel/.pico-sdk/sdk/2.3.1/lib/tinyusb/src/common/tusb_fifo.c.o
                0x100057b4                tu_fifo_empty
 .text.tu_fifo_full
                0x100057c6       0x28 CMakeFiles/button_read.dir/home/angel/.pico-sdk/sdk/2.3.1/lib/tinyusb/src/common/tusb_fifo.c.o
                0x100057c6                tu_fifo_full
 .text.tu_fifo_remaining
                0x100057ee       0x2c CMakeFiles/button_read.dir/home/angel/.pico-sdk/sdk/2.3.1/lib/tinyusb/src/common/tusb_fifo.c.o
                0x100057ee                tu_fifo_remaining
 .text.tu_fifo_read
                0x1000581a       0x3e CMakeFiles/button_read.dir/home/angel/.pico-sdk/sdk/2.3.1/lib/tinyusb/src/common/tusb_fifo.c.o
                0x1000581a                tu_fifo_read
 .text.tu_fifo_read_n
                0x10005858        0xa CMakeFiles/button_read.dir/home/angel/.pico-sdk/sdk/2.3.1/lib/tinyusb/src/common/tusb_fifo.c.o
                0x10005858                tu_fifo_read_n
 .text.tu_fifo_write
                0x10005862       0x64 CMakeFiles/button_read.dir/home/angel/.pico-sdk/sdk/2.3.1/lib/tinyusb/src/common/tusb_fifo.c.o
                0x10005862                tu_fifo_write
 .text.tu_fifo_write_n
                0x100058c6        0xa CMakeFiles/button_read.dir/home/angel/.pico-sdk/sdk/2.3.1/lib/tinyusb/src/common/tusb_fifo.c.o
                0x100058c6                tu_fifo_write_n
 .text.tu_fifo_clear
                0x100058d0       0x36 CMakeFiles/button_read.dir/home/angel/.pico-sdk/sdk/2.3.1/lib/tinyusb/src/common/tusb_fifo.c.o
                0x100058d0                tu_fifo_clear
 .text.tu_fifo_set_overwritable
                0x10005906       0x3a CMakeFiles/button_read.dir/home/angel/.pico-sdk/sdk/2.3.1/lib/tinyusb/src/common/tusb_fifo.c.o
                0x10005906                tu_fifo_set_overwritable
 .text.memset   0x10005940       0x88 /home/angel/.pico-sdk/toolchain/15_2_Rel1/bin/../lib/gcc/arm-none-eabi/15.2.1/../../../../arm-none-eabi/lib/thumb/v8-m.main+fp/softfp/libg.a(libc_a-memset.o)
                0x10005940                memset
 .text          0x100059c8       0xec /home/angel/.pico-sdk/toolchain/15_2_Rel1/bin/../lib/gcc/arm-none-eabi/15.2.1/../../../../arm-none-eabi/lib/thumb/v8-m.main+fp/softfp/libg.a(libc_a-memcpy.o)
                0x100059c8                memcpy
 .text.strlen   0x10005ab4       0x5c /home/angel/.pico-sdk/toolchain/15_2_Rel1/bin/../lib/gcc/arm-none-eabi/15.2.1/../../../../arm-none-eabi/lib/thumb/v8-m.main+fp/softfp/libg.a(libc_a-strlen-stub.o)
                0x10005ab4                strlen
 .text.strlen.__stub
                0x10005b10       0x58 linker stubs
 *(.fini)
 *crtbegin.o(.ctors)
 *crtbegin?.o(.ctors)
 *(EXCLUDE_FILE(*crtend.o *crtend?.o) .ctors)
 *(SORT_BY_NAME(.ctors.*))
 *(.ctors)
 *crtbegin.o(.dtors)
 *crtbegin?.o(.dtors)
 *(EXCLUDE_FILE(*crtend.o *crtend?.o) .dtors)
 *(SORT_BY_NAME(.dtors.*))
 *(.dtors)
                0x10005b68                        . = ALIGN (0x4)
                [!provide]                        PROVIDE (__bothinit_array_start = .)
                0x10005b68                        PROVIDE (__preinit_array_start = .)
 *(SORT_BY_NAME(.preinit_array.*))
 .preinit_array.00050
                0x10005b68        0x4 CMakeFiles/button_read.dir/home/angel/.pico-sdk/sdk/2.3.1/src/rp2_common/pico_runtime_init/runtime_init.c.o
                0x10005b68                __pre_init_runtime_init_bootrom_reset
 .preinit_array.00100
                0x10005b6c        0x4 CMakeFiles/button_read.dir/home/angel/.pico-sdk/sdk/2.3.1/src/rp2_common/pico_runtime_init/runtime_init.c.o
                0x10005b6c                __pre_init_runtime_init_early_resets
 .preinit_array.00101
                0x10005b70        0x4 CMakeFiles/button_read.dir/home/angel/.pico-sdk/sdk/2.3.1/src/rp2_common/pico_runtime_init/runtime_init.c.o
                0x10005b70                __pre_init_runtime_init_usb_power_down
 .preinit_array.00500
                0x10005b74        0x4 CMakeFiles/button_read.dir/home/angel/.pico-sdk/sdk/2.3.1/src/rp2_common/pico_runtime_init/runtime_init.c.o
                0x10005b74                __pre_init_runtime_init_clocks
 .preinit_array.00600
                0x10005b78        0x4 CMakeFiles/button_read.dir/home/angel/.pico-sdk/sdk/2.3.1/src/rp2_common/pico_runtime_init/runtime_init.c.o
                0x10005b78                __pre_init_runtime_init_post_clock_resets
 .preinit_array.01000
                0x10005b7c        0x4 CMakeFiles/button_read.dir/home/angel/.pico-sdk/sdk/2.3.1/src/rp2_common/hardware_boot_lock/boot_lock.c.o
                0x10005b7c                __pre_init_runtime_init_boot_locks_reset
 .preinit_array.01000
                0x10005b80        0x4 CMakeFiles/button_read.dir/home/angel/.pico-sdk/sdk/2.3.1/src/rp2_common/pico_runtime_init/runtime_init.c.o
                0x10005b80                __pre_init_runtime_init_spin_locks_reset
 .preinit_array.01010
                0x10005b84        0x4 CMakeFiles/button_read.dir/home/angel/.pico-sdk/sdk/2.3.1/src/rp2_common/pico_bootrom/bootrom_lock.c.o
                0x10005b84                __pre_init_runtime_init_bootrom_locking_enable
 .preinit_array.01100
                0x10005b88        0x4 CMakeFiles/button_read.dir/home/angel/.pico-sdk/sdk/2.3.1/src/common/pico_sync/mutex.c.o
                0x10005b88                __pre_init_runtime_init_mutex
 .preinit_array.10080
                0x10005b8c        0x4 CMakeFiles/button_read.dir/home/angel/.pico-sdk/sdk/2.3.1/src/rp2_common/pico_runtime_init/runtime_init.c.o
                0x10005b8c                __pre_init_runtime_init_install_ram_vector_table
 .preinit_array.11000
                0x10005b90        0x4 CMakeFiles/button_read.dir/home/angel/.pico-sdk/sdk/2.3.1/src/common/pico_time/time.c.o
                0x10005b90                __pre_init_runtime_init_default_alarm_pool
 .preinit_array.YYYYY
                0x10005b94        0x4 CMakeFiles/button_read.dir/home/angel/.pico-sdk/sdk/2.3.1/src/rp2_common/pico_runtime/runtime.c.o
                0x10005b94                __pre_init_first_per_core_initializer
 .preinit_array.ZZZZZ.00051
                0x10005b98        0x4 CMakeFiles/button_read.dir/home/angel/.pico-sdk/sdk/2.3.1/src/rp2_common/pico_runtime_init/runtime_init.c.o
                0x10005b98                __pre_init_runtime_init_per_core_bootrom_reset
 .preinit_array.ZZZZZ.00200
                0x10005b9c        0x4 CMakeFiles/button_read.dir/home/angel/.pico-sdk/sdk/2.3.1/src/rp2_common/pico_runtime_init/runtime_init.c.o
                0x10005b9c                __pre_init_runtime_init_per_core_enable_coprocessors
 .preinit_array.ZZZZZ.01000
                0x10005ba0        0x4 CMakeFiles/button_read.dir/home/angel/.pico-sdk/sdk/2.3.1/src/rp2_common/hardware_sync_spin_lock/sync_spin_lock.c.o
                0x10005ba0                __pre_init_spinlock_set_extexclall
 .preinit_array.ZZZZZ.01200
                0x10005ba4        0x4 CMakeFiles/button_read.dir/home/angel/.pico-sdk/sdk/2.3.1/src/rp2_common/hardware_irq/irq.c.o
                0x10005ba4                __pre_init_runtime_init_per_core_irq_priorities
 *(.preinit_array)
                0x10005ba8                        PROVIDE (__preinit_array_end = .)
                0x10005ba8                        . = ALIGN (0x4)
                0x10005ba8                        PROVIDE (__init_array_start = .)
 *(SORT_BY_NAME(.init_array.*))
 .init_array.01000
                0x10005ba8        0x4 CMakeFiles/button_read.dir/home/angel/.pico-sdk/sdk/2.3.1/src/rp2_common/pico_unique_id/unique_id.c.o
 *(.init_array)
                0x10005bac                        PROVIDE (__init_array_end = .)
                [!provide]                        PROVIDE (__bothinit_array_end = .)
                0x10005bac                        . = ALIGN (0x4)
                [!provide]                        PROVIDE (__fini_array_start = .)
 *(SORT_BY_NAME(.fini_array.*))
 *(.fini_array)
                [!provide]                        PROVIDE (__fini_array_end = .)
                [!provide]                        PROVIDE (__dso_handle = 0x0)
 *(.eh_frame*)
                0x10005bac                        . = ALIGN (0x4)

.glue_7         0x10005bac        0x0
 .glue_7        0x10005bac        0x0 linker stubs

.glue_7t        0x10005bac        0x0
 .glue_7t       0x10005bac        0x0 linker stubs

.vfp11_veneer   0x10005bac        0x0
 .vfp11_veneer  0x10005bac        0x0 linker stubs

.v4_bx          0x10005bac        0x0
 .v4_bx         0x10005bac        0x0 linker stubs

.iplt           0x10005bac        0x0
 .iplt          0x10005bac        0x0 CMakeFiles/button_read.dir/button_read.c.o

.boot2          0x10005bac        0x0
                0x10005bac                        __boot2_start__ = .
 *(.boot2)
                0x10005bac                        __boot2_end__ = .
                0x00000001                        ASSERT (((__boot2_end__ - __boot2_start__) <= 0x100), ERROR: Pico second stage bootloader must be no more than 256 bytes in size)

.rodata         0x10005bb0      0xe10
 *(EXCLUDE_FILE(*libm.a: *libgcc.a:) .rodata*)
 .rodata.main.str1.4
                0x10005bb0      0x8f3 CMakeFiles/button_read.dir/button_read.c.o
                                 0x89 (size before relaxing)
 .rodata.panic.str1.4
                0x100064a3        0x0 CMakeFiles/button_read.dir/home/angel/.pico-sdk/sdk/2.3.1/src/rp2_common/pico_platform_panic/panic.c.o
                                 0x11 (size before relaxing)
 .rodata.spin_lock_claim_unused.str1.4
                0x100064a3        0x0 CMakeFiles/button_read.dir/home/angel/.pico-sdk/sdk/2.3.1/src/rp2_common/hardware_sync/sync.c.o
                                 0x1b (size before relaxing)
 .rodata.resolve_j_16.str1.4
                0x100064a3        0x0 CMakeFiles/button_read.dir/home/angel/.pico-sdk/sdk/2.3.1/src/rp2_common/hardware_irq/irq.c.o
                                 0x5a (size before relaxing)
 .rodata.make_j_16.str1.4
                0x100064a3        0x0 CMakeFiles/button_read.dir/home/angel/.pico-sdk/sdk/2.3.1/src/rp2_common/hardware_irq/irq.c.o
                                 0x30 (size before relaxing)
 .rodata.irq_set_exclusive_handler.str1.4
                0x100064a3        0x0 CMakeFiles/button_read.dir/home/angel/.pico-sdk/sdk/2.3.1/src/rp2_common/hardware_irq/irq.c.o
                                 0x36 (size before relaxing)
 .rodata.irq_add_shared_handler.str1.4
                0x100064a3        0x0 CMakeFiles/button_read.dir/home/angel/.pico-sdk/sdk/2.3.1/src/rp2_common/hardware_irq/irq.c.o
                                 0xd2 (size before relaxing)
 .rodata.irq_add_tail_to_free_list.str1.4
                0x100064a3        0x0 CMakeFiles/button_read.dir/home/angel/.pico-sdk/sdk/2.3.1/src/rp2_common/hardware_irq/irq.c.o
                                 0x3a (size before relaxing)
 .rodata.user_irq_claim_unused.str1.4
                0x100064a3        0x0 CMakeFiles/button_read.dir/home/angel/.pico-sdk/sdk/2.3.1/src/rp2_common/hardware_irq/irq.c.o
                                 0x1b (size before relaxing)
 *fill*         0x100064a3        0x1 
 .rodata.__func__.0
                0x100064a4       0x1a CMakeFiles/button_read.dir/home/angel/.pico-sdk/sdk/2.3.1/src/rp2_common/hardware_irq/irq.c.o
 *fill*         0x100064be        0x2 
 .rodata.__func__.3
                0x100064c0        0xa CMakeFiles/button_read.dir/home/angel/.pico-sdk/sdk/2.3.1/src/rp2_common/hardware_irq/irq.c.o
 *fill*         0x100064ca        0x2 
 .rodata.__func__.4
                0x100064cc        0xd CMakeFiles/button_read.dir/home/angel/.pico-sdk/sdk/2.3.1/src/rp2_common/hardware_irq/irq.c.o
 *fill*         0x100064d9        0x3 
 .rodata.__func__.5
                0x100064dc       0x17 CMakeFiles/button_read.dir/home/angel/.pico-sdk/sdk/2.3.1/src/rp2_common/hardware_irq/irq.c.o
 *fill*         0x100064f3        0x1 
 .rodata.__func__.6
                0x100064f4       0x1a CMakeFiles/button_read.dir/home/angel/.pico-sdk/sdk/2.3.1/src/rp2_common/hardware_irq/irq.c.o
 .rodata.runtime_init_mutex.str1.4
                0x1000650e        0x0 CMakeFiles/button_read.dir/home/angel/.pico-sdk/sdk/2.3.1/src/common/pico_sync/mutex.c.o
                                 0x5d (size before relaxing)
 .rodata.str1.4
                0x1000650e        0x0 CMakeFiles/button_read.dir/home/angel/.pico-sdk/sdk/2.3.1/src/common/pico_sync/mutex.c.o
                                 0x51 (size before relaxing)
 *fill*         0x1000650e        0x2 
 .rodata.__func__.1
                0x10006510        0xb CMakeFiles/button_read.dir/home/angel/.pico-sdk/sdk/2.3.1/src/common/pico_sync/mutex.c.o
 *fill*         0x1000651b        0x1 
 .rodata.__func__.3
                0x1000651c       0x18 CMakeFiles/button_read.dir/home/angel/.pico-sdk/sdk/2.3.1/src/common/pico_sync/mutex.c.o
 .rodata.__func__.6
                0x10006534       0x13 CMakeFiles/button_read.dir/home/angel/.pico-sdk/sdk/2.3.1/src/common/pico_sync/mutex.c.o
 .rodata.alarm_pool_irq_handler.str1.4
                0x10006547        0x0 CMakeFiles/button_read.dir/home/angel/.pico-sdk/sdk/2.3.1/src/common/pico_time/time.c.o
                                 0x68 (size before relaxing)
 .rodata.alarm_pool_get_default.str1.4
                0x10006547        0x0 CMakeFiles/button_read.dir/home/angel/.pico-sdk/sdk/2.3.1/src/common/pico_time/time.c.o
                                 0x21 (size before relaxing)
 .rodata.sleep_until.str1.4
                0x10006547        0x0 CMakeFiles/button_read.dir/home/angel/.pico-sdk/sdk/2.3.1/src/common/pico_time/time.c.o
                                 0x4d (size before relaxing)
 *fill*         0x10006547        0x1 
 .rodata.__func__.1
                0x10006548       0x17 CMakeFiles/button_read.dir/home/angel/.pico-sdk/sdk/2.3.1/src/common/pico_time/time.c.o
 *fill*         0x1000655f        0x1 
 .rodata.__func__.2
                0x10006560       0x17 CMakeFiles/button_read.dir/home/angel/.pico-sdk/sdk/2.3.1/src/common/pico_time/time.c.o
 .rodata.timer_hardware_alarm_claim.str1.4
                0x10006577        0x0 CMakeFiles/button_read.dir/home/angel/.pico-sdk/sdk/2.3.1/src/rp2_common/hardware_timer/timer.c.o
                                 0x22 (size before relaxing)
 .rodata.pll_init.str1.4
                0x10006577        0x0 CMakeFiles/button_read.dir/home/angel/.pico-sdk/sdk/2.3.1/src/rp2_common/hardware_pll/pll.c.o
                                0x118 (size before relaxing)
 *fill*         0x10006577        0x1 
 .rodata.__func__.0
                0x10006578        0x9 CMakeFiles/button_read.dir/home/angel/.pico-sdk/sdk/2.3.1/src/rp2_common/hardware_pll/pll.c.o
 .rodata.str1.4
                0x10006581        0x0 CMakeFiles/button_read.dir/home/angel/.pico-sdk/sdk/2.3.1/src/rp2_common/pico_standard_binary_info/standard_binary_info.c.o
                                 0x44 (size before relaxing)
 *fill*         0x10006581        0x3 
 .rodata.__bi_84
                0x10006584        0xc CMakeFiles/button_read.dir/home/angel/.pico-sdk/sdk/2.3.1/src/rp2_common/pico_standard_binary_info/standard_binary_info.c.o
 .rodata.__bi_78
                0x10006590        0xc CMakeFiles/button_read.dir/home/angel/.pico-sdk/sdk/2.3.1/src/rp2_common/pico_standard_binary_info/standard_binary_info.c.o
 .rodata.__bi_60
                0x1000659c        0xc CMakeFiles/button_read.dir/home/angel/.pico-sdk/sdk/2.3.1/src/rp2_common/pico_standard_binary_info/standard_binary_info.c.o
 .rodata.__bi_54
                0x100065a8        0xc CMakeFiles/button_read.dir/home/angel/.pico-sdk/sdk/2.3.1/src/rp2_common/pico_standard_binary_info/standard_binary_info.c.o
 .rodata.__bi_48
                0x100065b4        0xc CMakeFiles/button_read.dir/home/angel/.pico-sdk/sdk/2.3.1/src/rp2_common/pico_standard_binary_info/standard_binary_info.c.o
 .rodata.__bi_42
                0x100065c0        0xc CMakeFiles/button_read.dir/home/angel/.pico-sdk/sdk/2.3.1/src/rp2_common/pico_standard_binary_info/standard_binary_info.c.o
 .rodata.__bi_34
                0x100065cc        0xc CMakeFiles/button_read.dir/home/angel/.pico-sdk/sdk/2.3.1/src/rp2_common/pico_standard_binary_info/standard_binary_info.c.o
 .rodata.__bi_26
                0x100065d8        0xc CMakeFiles/button_read.dir/home/angel/.pico-sdk/sdk/2.3.1/src/rp2_common/pico_standard_binary_info/standard_binary_info.c.o
 .rodata._ftoa.str1.4
                0x100065e4        0x0 CMakeFiles/button_read.dir/home/angel/.pico-sdk/sdk/2.3.1/src/rp2_common/pico_printf/printf.c.o
                                 0x15 (size before relaxing)
 *fill*         0x100065e4        0x4 
 .rodata.pow10.0
                0x100065e8       0x50 CMakeFiles/button_read.dir/home/angel/.pico-sdk/sdk/2.3.1/src/rp2_common/pico_printf/printf.c.o
 .rodata.__assert_func.str1.4
                0x10006638        0x0 CMakeFiles/button_read.dir/home/angel/.pico-sdk/sdk/2.3.1/src/rp2_common/pico_clib_interface/newlib_interface.c.o
                                 0x43 (size before relaxing)
 .rodata.crlf_str.0
                0x10006638        0x2 CMakeFiles/button_read.dir/home/angel/.pico-sdk/sdk/2.3.1/src/rp2_common/pico_stdio/stdio.c.o
 .rodata.stdio_usb_init.str1.4
                0x1000663a        0x0 CMakeFiles/button_read.dir/home/angel/.pico-sdk/sdk/2.3.1/src/rp2_common/pico_stdio_usb/stdio_usb.c.o
                                 0x52 (size before relaxing)
 .rodata.str1.4
                0x1000663a        0x0 CMakeFiles/button_read.dir/home/angel/.pico-sdk/sdk/2.3.1/src/rp2_common/pico_stdio_usb/stdio_usb.c.o
                                 0x13 (size before relaxing)
 *fill*         0x1000663a        0x2 
 .rodata.__bi_204.1
                0x1000663c        0xc CMakeFiles/button_read.dir/home/angel/.pico-sdk/sdk/2.3.1/src/rp2_common/pico_stdio_usb/stdio_usb.c.o
 .rodata.__func__.2
                0x10006648        0xf CMakeFiles/button_read.dir/home/angel/.pico-sdk/sdk/2.3.1/src/rp2_common/pico_stdio_usb/stdio_usb.c.o
 .rodata.str1.4
                0x10006657        0x0 CMakeFiles/button_read.dir/home/angel/.pico-sdk/sdk/2.3.1/src/rp2_common/pico_stdio_usb/stdio_usb_descriptors.c.o
                                 0x2a (size before relaxing)
 *fill*         0x10006657        0x1 
 .rodata.usbd_desc_str
                0x10006658       0x18 CMakeFiles/button_read.dir/home/angel/.pico-sdk/sdk/2.3.1/src/rp2_common/pico_stdio_usb/stdio_usb_descriptors.c.o
 .rodata.usbd_desc_cfg
                0x10006670       0x54 CMakeFiles/button_read.dir/home/angel/.pico-sdk/sdk/2.3.1/src/rp2_common/pico_stdio_usb/stdio_usb_descriptors.c.o
 .rodata.usbd_desc_device
                0x100066c4       0x12 CMakeFiles/button_read.dir/home/angel/.pico-sdk/sdk/2.3.1/src/rp2_common/pico_stdio_usb/stdio_usb_descriptors.c.o
 .rodata._retrieve_unique_id_on_boot.str1.4
                0x100066d6        0x0 CMakeFiles/button_read.dir/home/angel/.pico-sdk/sdk/2.3.1/src/rp2_common/pico_unique_id/unique_id.c.o
                                 0x52 (size before relaxing)
 .rodata.pico_get_unique_board_id_string.str1.4
                0x100066d6        0x0 CMakeFiles/button_read.dir/home/angel/.pico-sdk/sdk/2.3.1/src/rp2_common/pico_unique_id/unique_id.c.o
                                  0x8 (size before relaxing)
 *fill*         0x100066d6        0x2 
 .rodata.__func__.0
                0x100066d8       0x20 CMakeFiles/button_read.dir/home/angel/.pico-sdk/sdk/2.3.1/src/rp2_common/pico_unique_id/unique_id.c.o
 .rodata.__func__.1
                0x100066f8       0x1c CMakeFiles/button_read.dir/home/angel/.pico-sdk/sdk/2.3.1/src/rp2_common/pico_unique_id/unique_id.c.o
 .rodata.desc_ms_os_20
                0x10006714       0xa6 CMakeFiles/button_read.dir/home/angel/.pico-sdk/sdk/2.3.1/src/rp2_common/pico_usb_reset/usb_reset.c.o
 *fill*         0x100067ba        0x2 
 .rodata.desc_bos
                0x100067bc       0x21 CMakeFiles/button_read.dir/home/angel/.pico-sdk/sdk/2.3.1/src/rp2_common/pico_usb_reset/usb_reset.c.o
                0x100067bc                desc_bos
 *fill*         0x100067dd        0x3 
 .rodata.usb_reset_interface_driver
                0x100067e0       0x20 CMakeFiles/button_read.dir/home/angel/.pico-sdk/sdk/2.3.1/src/rp2_common/pico_usb_reset/usb_reset.c.o
 .rodata.hw_endpoint_alloc.str1.4
                0x10006800        0x0 CMakeFiles/button_read.dir/home/angel/.pico-sdk/sdk/2.3.1/lib/tinyusb/src/portable/raspberrypi/rp2040/dcd_rp2040.c.o
                                 0x9d (size before relaxing)
 .rodata.str1.4
                0x10006800        0x0 CMakeFiles/button_read.dir/home/angel/.pico-sdk/sdk/2.3.1/lib/tinyusb/src/portable/raspberrypi/rp2040/dcd_rp2040.c.o
                                 0x14 (size before relaxing)
 .rodata.dcd_int_enable.str1.4
                0x10006800        0x0 CMakeFiles/button_read.dir/home/angel/.pico-sdk/sdk/2.3.1/lib/tinyusb/src/portable/raspberrypi/rp2040/dcd_rp2040.c.o
                                  0xc (size before relaxing)
 .rodata.__func__.0
                0x10006800        0xe CMakeFiles/button_read.dir/home/angel/.pico-sdk/sdk/2.3.1/lib/tinyusb/src/portable/raspberrypi/rp2040/dcd_rp2040.c.o
 *fill*         0x1000680e        0x2 
 .rodata.__func__.3
                0x10006810       0x10 CMakeFiles/button_read.dir/home/angel/.pico-sdk/sdk/2.3.1/lib/tinyusb/src/portable/raspberrypi/rp2040/dcd_rp2040.c.o
 .rodata.__func__.5
                0x10006820        0xf CMakeFiles/button_read.dir/home/angel/.pico-sdk/sdk/2.3.1/lib/tinyusb/src/portable/raspberrypi/rp2040/dcd_rp2040.c.o
 *fill*         0x1000682f        0x1 
 .rodata.__func__.6
                0x10006830       0x12 CMakeFiles/button_read.dir/home/angel/.pico-sdk/sdk/2.3.1/lib/tinyusb/src/portable/raspberrypi/rp2040/dcd_rp2040.c.o
 *fill*         0x10006842        0x2 
 .rodata.__func__.7
                0x10006844        0x9 CMakeFiles/button_read.dir/home/angel/.pico-sdk/sdk/2.3.1/lib/tinyusb/src/portable/raspberrypi/rp2040/dcd_rp2040.c.o
 .rodata.str1.4
                0x1000684d        0x0 CMakeFiles/button_read.dir/home/angel/.pico-sdk/sdk/2.3.1/lib/tinyusb/src/portable/raspberrypi/rp2040/rp2040_usb.c.o
                                 0xe4 (size before relaxing)
 .rodata.hw_endpoint_xfer_start.str1.4
                0x1000684d        0x0 CMakeFiles/button_read.dir/home/angel/.pico-sdk/sdk/2.3.1/lib/tinyusb/src/portable/raspberrypi/rp2040/rp2040_usb.c.o
                                 0x38 (size before relaxing)
 *fill*         0x1000684d        0x3 
 .rodata.__func__.0
                0x10006850        0xf CMakeFiles/button_read.dir/home/angel/.pico-sdk/sdk/2.3.1/lib/tinyusb/src/portable/raspberrypi/rp2040/rp2040_usb.c.o
 .rodata.configuration_reset.str1.4
                0x1000685f        0x0 CMakeFiles/button_read.dir/home/angel/.pico-sdk/sdk/2.3.1/lib/tinyusb/src/device/usbd.c.o
                                 0x17 (size before relaxing)
 *fill*         0x1000685f        0x1 
 .rodata.__func__.3
                0x10006860        0xf CMakeFiles/button_read.dir/home/angel/.pico-sdk/sdk/2.3.1/lib/tinyusb/src/device/usbd.c.o
 *fill*         0x1000686f        0x1 
 .rodata.__func__.4
                0x10006870        0xf CMakeFiles/button_read.dir/home/angel/.pico-sdk/sdk/2.3.1/lib/tinyusb/src/device/usbd.c.o
 *fill*         0x1000687f        0x1 
 .rodata.__func__.5
                0x10006880       0x14 CMakeFiles/button_read.dir/home/angel/.pico-sdk/sdk/2.3.1/lib/tinyusb/src/device/usbd.c.o
 .rodata.__func__.6
                0x10006894        0xc CMakeFiles/button_read.dir/home/angel/.pico-sdk/sdk/2.3.1/lib/tinyusb/src/device/usbd.c.o
 .rodata.__func__.7
                0x100068a0       0x17 CMakeFiles/button_read.dir/home/angel/.pico-sdk/sdk/2.3.1/lib/tinyusb/src/device/usbd.c.o
 *fill*         0x100068b7        0x1 
 .rodata.__func__.8
                0x100068b8       0x13 CMakeFiles/button_read.dir/home/angel/.pico-sdk/sdk/2.3.1/lib/tinyusb/src/device/usbd.c.o
 *fill*         0x100068cb        0x1 
 .rodata.__func__.9
                0x100068cc       0x18 CMakeFiles/button_read.dir/home/angel/.pico-sdk/sdk/2.3.1/lib/tinyusb/src/device/usbd.c.o
 .rodata.__func__.10
                0x100068e4       0x14 CMakeFiles/button_read.dir/home/angel/.pico-sdk/sdk/2.3.1/lib/tinyusb/src/device/usbd.c.o
 .rodata.__func__.11
                0x100068f8        0xd CMakeFiles/button_read.dir/home/angel/.pico-sdk/sdk/2.3.1/lib/tinyusb/src/device/usbd.c.o
 *fill*         0x10006905        0x3 
 .rodata.__func__.12
                0x10006908       0x10 CMakeFiles/button_read.dir/home/angel/.pico-sdk/sdk/2.3.1/lib/tinyusb/src/device/usbd.c.o
 .rodata._usbd_driver
                0x10006918       0x20 CMakeFiles/button_read.dir/home/angel/.pico-sdk/sdk/2.3.1/lib/tinyusb/src/device/usbd.c.o
 .rodata.tud_control_xfer.str1.4
                0x10006938        0x0 CMakeFiles/button_read.dir/home/angel/.pico-sdk/sdk/2.3.1/lib/tinyusb/src/device/usbd_control.c.o
                                 0x17 (size before relaxing)
 .rodata.__func__.0
                0x10006938       0x15 CMakeFiles/button_read.dir/home/angel/.pico-sdk/sdk/2.3.1/lib/tinyusb/src/device/usbd_control.c.o
 *fill*         0x1000694d        0x3 
 .rodata.__func__.1
                0x10006950       0x11 CMakeFiles/button_read.dir/home/angel/.pico-sdk/sdk/2.3.1/lib/tinyusb/src/device/usbd_control.c.o
 .rodata.tud_cdc_n_write_flush.str1.4
                0x10006961        0x0 CMakeFiles/button_read.dir/home/angel/.pico-sdk/sdk/2.3.1/lib/tinyusb/src/class/cdc/cdc_device.c.o
                                 0x17 (size before relaxing)
 *fill*         0x10006961        0x3 
 .rodata.__func__.0
                0x10006964        0xd CMakeFiles/button_read.dir/home/angel/.pico-sdk/sdk/2.3.1/lib/tinyusb/src/class/cdc/cdc_device.c.o
 *fill*         0x10006971        0x3 
 .rodata.__func__.1
                0x10006974        0xa CMakeFiles/button_read.dir/home/angel/.pico-sdk/sdk/2.3.1/lib/tinyusb/src/class/cdc/cdc_device.c.o
 *fill*         0x1000697e        0x2 
 .rodata.__func__.3
                0x10006980       0x16 CMakeFiles/button_read.dir/home/angel/.pico-sdk/sdk/2.3.1/lib/tinyusb/src/class/cdc/cdc_device.c.o
 .rodata.tusb_rhport_init.str1.4
                0x10006996        0x0 CMakeFiles/button_read.dir/home/angel/.pico-sdk/sdk/2.3.1/lib/tinyusb/src/tusb.c.o
                                 0x17 (size before relaxing)
 *fill*         0x10006996        0x2 
 .rodata.__func__.4
                0x10006998       0x11 CMakeFiles/button_read.dir/home/angel/.pico-sdk/sdk/2.3.1/lib/tinyusb/src/tusb.c.o
 *fill*         0x100069a9        0x3 
 .rodata.__func__.5
                0x100069ac       0x11 CMakeFiles/button_read.dir/home/angel/.pico-sdk/sdk/2.3.1/lib/tinyusb/src/tusb.c.o
 *(.srodata*)
                0x100069c0                        . = ALIGN (0x4)
 *fill*         0x100069bd        0x3 
 *(SORT_BY_ALIGNMENT(SORT_BY_NAME(.flashdata*)))
                0x100069c0                        . = ALIGN (0x4)

.ARM.extab
 *(.ARM.extab* .gnu.linkonce.armextab.*)
                0x100069c0                        __exidx_start = .

.ARM.exidx      0x100069c0        0x8
 *(.ARM.exidx* .gnu.linkonce.armexidx.*)